Current local time and date: Thu Sep  3 17:04:10 2026
[  NORMAL ]  Importing materials data from HDF5...
[  NORMAL ]  Creating surfaces...
[  NORMAL ]  Creating cells...
[  NORMAL ]  Creating universes...
[  NORMAL ]  Creating a 100x100x50 lattice...
[  NORMAL ]  Creating geometry...
[  NORMAL ]  Initializing flat source regions...
[  NORMAL ]  Initializing the track generator...
[  NORMAL ]  CPUs on rank 0 process: 0 1 2 3 4 5 6 7 
[  NORMAL ]  Initializing a default angular quadrature...
[  NORMAL ]  Initializing 2D tracks...
[  NORMAL ]  Initializing 2D tracks reflections...
[  NORMAL ]  Initializing 2D tracks array...
[  NORMAL ]  Ray tracing for 2D track segmentation...
[ WARNING ]  The Geometry was set with non-infinite z-boundaries and supplied
[ WARNING ]  ...  to a 2D TrackGenerator. The min-z boundary was set to -20.00 
[ WARNING ]  ... and the max-z boundary was set to 20.00. Z-boundaries are 
[ WARNING ]  ... assumed to be infinite in 2D TrackGenerators.
[  NORMAL ]  Progress Segmenting 2D tracks: 0.09 %
[  NORMAL ]  Progress Segmenting 2D tracks: 10.07 %
[  NORMAL ]  Progress Segmenting 2D tracks: 20.05 %
[  NORMAL ]  Progress Segmenting 2D tracks: 30.04 %
[  NORMAL ]  Progress Segmenting 2D tracks: 40.02 %
[  NORMAL ]  Progress Segmenting 2D tracks: 50.00 %
[  NORMAL ]  Progress Segmenting 2D tracks: 59.98 %
[  NORMAL ]  Progress Segmenting 2D tracks: 69.96 %
[  NORMAL ]  Progress Segmenting 2D tracks: 79.95 %
[  NORMAL ]  Progress Segmenting 2D tracks: 89.93 %
[  NORMAL ]  Progress Segmenting 2D tracks: 100.00 %
[  NORMAL ]  Initializing FSR lookup vectors
[  NORMAL ]  Total number of FSRs 10000
[  NORMAL ]  Computing the source...
[  NORMAL ]  Initializing solver arrays...
[  NORMAL ]  Centering segments around FSR centroid...
[  NORMAL ]  Max boundary angular flux storage per domain =   0.38 MB
[  NORMAL ]  Max scalar flux storage per domain =   0.56 MB
[  NORMAL ]  Max source storage per domain =   0.56 MB
[  NORMAL ]  Iteration 0:	res = 7.047E-02
[  NORMAL ]  Iteration 1:	res = 5.180E-02
[  NORMAL ]  Iteration 2:	res = 4.219E-02
[  NORMAL ]  Iteration 3:	res = 3.652E-02
[  NORMAL ]  Iteration 4:	res = 3.283E-02
[  NORMAL ]  Iteration 5:	res = 3.026E-02
[  NORMAL ]  Iteration 6:	res = 2.837E-02
[  NORMAL ]  Iteration 7:	res = 2.693E-02
[  NORMAL ]  Iteration 8:	res = 2.580E-02
[  NORMAL ]  Iteration 9:	res = 2.488E-02
[  NORMAL ]  Iteration 10:	res = 2.413E-02
[  NORMAL ]  Iteration 11:	res = 2.351E-02
[  NORMAL ]  Iteration 12:	res = 2.297E-02
[  NORMAL ]  Iteration 13:	res = 2.251E-02
[  NORMAL ]  Iteration 14:	res = 2.211E-02
[  NORMAL ]  Iteration 15:	res = 2.176E-02
[  NORMAL ]  Iteration 16:	res = 2.145E-02
[  NORMAL ]  Iteration 17:	res = 2.117E-02
[  NORMAL ]  Iteration 18:	res = 2.092E-02
[  NORMAL ]  Iteration 19:	res = 2.069E-02
[  NORMAL ]  Iteration 20:	res = 2.048E-02
[  NORMAL ]  Iteration 21:	res = 2.029E-02
[  NORMAL ]  Iteration 22:	res = 2.011E-02
[  NORMAL ]  Iteration 23:	res = 1.994E-02
[  NORMAL ]  Iteration 24:	res = 1.979E-02
[  NORMAL ]  Iteration 25:	res = 1.965E-02
[  NORMAL ]  Iteration 26:	res = 1.952E-02
[  NORMAL ]  Iteration 27:	res = 1.939E-02
[  NORMAL ]  Iteration 28:	res = 1.928E-02
[  NORMAL ]  Iteration 29:	res = 1.917E-02
[  NORMAL ]  Iteration 30:	res = 1.906E-02
[  NORMAL ]  Iteration 31:	res = 1.896E-02
[  NORMAL ]  Iteration 32:	res = 1.887E-02
[  NORMAL ]  Iteration 33:	res = 1.878E-02
[  NORMAL ]  Iteration 34:	res = 1.870E-02
[  NORMAL ]  Iteration 35:	res = 1.862E-02
[  NORMAL ]  Iteration 36:	res = 1.854E-02
[  NORMAL ]  Iteration 37:	res = 1.847E-02
[  NORMAL ]  Iteration 38:	res = 1.840E-02
[  NORMAL ]  Iteration 39:	res = 1.833E-02
[  NORMAL ]  Iteration 40:	res = 1.827E-02
[  NORMAL ]  Iteration 41:	res = 1.821E-02
[  NORMAL ]  Iteration 42:	res = 1.815E-02
[  NORMAL ]  Iteration 43:	res = 1.809E-02
[  NORMAL ]  Iteration 44:	res = 1.804E-02
[  NORMAL ]  Iteration 45:	res = 1.798E-02
[  NORMAL ]  Iteration 46:	res = 1.793E-02
[  NORMAL ]  Iteration 47:	res = 1.788E-02
[  NORMAL ]  Iteration 48:	res = 1.784E-02
[  NORMAL ]  Iteration 49:	res = 1.779E-02
[  NORMAL ]  Iteration 50:	res = 1.774E-02
[  NORMAL ]  Iteration 51:	res = 1.770E-02
[  NORMAL ]  Iteration 52:	res = 1.766E-02
[  NORMAL ]  Iteration 53:	res = 1.762E-02
[  NORMAL ]  Iteration 54:	res = 1.758E-02
[  NORMAL ]  Iteration 55:	res = 1.754E-02
[  NORMAL ]  Iteration 56:	res = 1.750E-02
[  NORMAL ]  Iteration 57:	res = 1.747E-02
[  NORMAL ]  Iteration 58:	res = 1.743E-02
[  NORMAL ]  Iteration 59:	res = 1.740E-02
[  NORMAL ]  Iteration 60:	res = 1.737E-02
[  NORMAL ]  Iteration 61:	res = 1.733E-02
[  NORMAL ]  Iteration 62:	res = 1.730E-02
[  NORMAL ]  Iteration 63:	res = 1.727E-02
[  NORMAL ]  Iteration 64:	res = 1.724E-02
[  NORMAL ]  Iteration 65:	res = 1.721E-02
[  NORMAL ]  Iteration 66:	res = 1.718E-02
[  NORMAL ]  Iteration 67:	res = 1.716E-02
[  NORMAL ]  Iteration 68:	res = 1.713E-02
[  NORMAL ]  Iteration 69:	res = 1.710E-02
[  NORMAL ]  Iteration 70:	res = 1.708E-02
[  NORMAL ]  Iteration 71:	res = 1.705E-02
[  NORMAL ]  Iteration 72:	res = 1.703E-02
[  NORMAL ]  Iteration 73:	res = 1.700E-02
[  NORMAL ]  Iteration 74:	res = 1.698E-02
[  NORMAL ]  Iteration 75:	res = 1.695E-02
[  NORMAL ]  Iteration 76:	res = 1.693E-02
[  NORMAL ]  Iteration 77:	res = 1.691E-02
[  NORMAL ]  Iteration 78:	res = 1.689E-02
[  NORMAL ]  Iteration 79:	res = 1.686E-02
[  NORMAL ]  Iteration 80:	res = 1.684E-02
[  NORMAL ]  Iteration 81:	res = 1.682E-02
[  NORMAL ]  Iteration 82:	res = 1.680E-02
[  NORMAL ]  Iteration 83:	res = 1.678E-02
[  NORMAL ]  Iteration 84:	res = 1.676E-02
[  NORMAL ]  Iteration 85:	res = 1.674E-02
[  NORMAL ]  Iteration 86:	res = 1.672E-02
[  NORMAL ]  Iteration 87:	res = 1.670E-02
[  NORMAL ]  Iteration 88:	res = 1.669E-02
[  NORMAL ]  Iteration 89:	res = 1.667E-02
[  NORMAL ]  Iteration 90:	res = 1.665E-02
[  NORMAL ]  Iteration 91:	res = 1.663E-02
[  NORMAL ]  Iteration 92:	res = 1.661E-02
[  NORMAL ]  Iteration 93:	res = 1.660E-02
[  NORMAL ]  Iteration 94:	res = 1.658E-02
[  NORMAL ]  Iteration 95:	res = 1.656E-02
[  NORMAL ]  Iteration 96:	res = 1.655E-02
[  NORMAL ]  Iteration 97:	res = 1.653E-02
[  NORMAL ]  Iteration 98:	res = 1.651E-02
[  NORMAL ]  Iteration 99:	res = 1.650E-02
[  NORMAL ]  Iteration 100:	res = 1.648E-02
[  NORMAL ]  Iteration 101:	res = 1.647E-02
[  NORMAL ]  Iteration 102:	res = 1.645E-02
[  NORMAL ]  Iteration 103:	res = 1.644E-02
[  NORMAL ]  Iteration 104:	res = 1.642E-02
[  NORMAL ]  Iteration 105:	res = 1.641E-02
[  NORMAL ]  Iteration 106:	res = 1.639E-02
[  NORMAL ]  Iteration 107:	res = 1.638E-02
[  NORMAL ]  Iteration 108:	res = 1.637E-02
[  NORMAL ]  Iteration 109:	res = 1.635E-02
[  NORMAL ]  Iteration 110:	res = 1.634E-02
[  NORMAL ]  Iteration 111:	res = 1.632E-02
[  NORMAL ]  Iteration 112:	res = 1.631E-02
[  NORMAL ]  Iteration 113:	res = 1.630E-02
[  NORMAL ]  Iteration 114:	res = 1.628E-02
[  NORMAL ]  Iteration 115:	res = 1.627E-02
[  NORMAL ]  Iteration 116:	res = 1.626E-02
[  NORMAL ]  Iteration 117:	res = 1.625E-02
[  NORMAL ]  Iteration 118:	res = 1.623E-02
[  NORMAL ]  Iteration 119:	res = 1.622E-02
[  NORMAL ]  Iteration 120:	res = 1.621E-02
[  NORMAL ]  Iteration 121:	res = 1.620E-02
[  NORMAL ]  Iteration 122:	res = 1.618E-02
[  NORMAL ]  Iteration 123:	res = 1.617E-02
[  NORMAL ]  Iteration 124:	res = 1.616E-02
[  NORMAL ]  Iteration 125:	res = 1.615E-02
[  NORMAL ]  Iteration 126:	res = 1.614E-02
[  NORMAL ]  Iteration 127:	res = 1.612E-02
[  NORMAL ]  Iteration 128:	res = 1.611E-02
[  NORMAL ]  Iteration 129:	res = 1.610E-02
[  NORMAL ]  Iteration 130:	res = 1.609E-02
[  NORMAL ]  Iteration 131:	res = 1.608E-02
[  NORMAL ]  Iteration 132:	res = 1.607E-02
[  NORMAL ]  Iteration 133:	res = 1.606E-02
[  NORMAL ]  Iteration 134:	res = 1.605E-02
[  NORMAL ]  Iteration 135:	res = 1.603E-02
[  NORMAL ]  Iteration 136:	res = 1.602E-02
[  NORMAL ]  Iteration 137:	res = 1.601E-02
[  NORMAL ]  Iteration 138:	res = 1.600E-02
[  NORMAL ]  Iteration 139:	res = 1.599E-02
[  NORMAL ]  Iteration 140:	res = 1.598E-02
[  NORMAL ]  Iteration 141:	res = 1.597E-02
[  NORMAL ]  Iteration 142:	res = 1.596E-02
[  NORMAL ]  Iteration 143:	res = 1.595E-02
[  NORMAL ]  Iteration 144:	res = 1.594E-02
[  NORMAL ]  Iteration 145:	res = 1.593E-02
[  NORMAL ]  Iteration 146:	res = 1.592E-02
[  NORMAL ]  Iteration 147:	res = 1.591E-02
[  NORMAL ]  Iteration 148:	res = 1.590E-02
[  NORMAL ]  Iteration 149:	res = 1.589E-02
[  NORMAL ]  Iteration 150:	res = 1.588E-02
[  NORMAL ]  Iteration 151:	res = 1.587E-02
[  NORMAL ]  Iteration 152:	res = 1.586E-02
[  NORMAL ]  Iteration 153:	res = 1.585E-02
[  NORMAL ]  Iteration 154:	res = 1.584E-02
[  NORMAL ]  Iteration 155:	res = 1.583E-02
[  NORMAL ]  Iteration 156:	res = 1.582E-02
[  NORMAL ]  Iteration 157:	res = 1.581E-02
[  NORMAL ]  Iteration 158:	res = 1.580E-02
[  NORMAL ]  Iteration 159:	res = 1.579E-02
[  NORMAL ]  Iteration 160:	res = 1.578E-02
[  NORMAL ]  Iteration 161:	res = 1.577E-02
[  NORMAL ]  Iteration 162:	res = 1.576E-02
[  NORMAL ]  Iteration 163:	res = 1.575E-02
[  NORMAL ]  Iteration 164:	res = 1.574E-02
[  NORMAL ]  Iteration 165:	res = 1.573E-02
[  NORMAL ]  Iteration 166:	res = 1.572E-02
[  NORMAL ]  Iteration 167:	res = 1.571E-02
[  NORMAL ]  Iteration 168:	res = 1.570E-02
[  NORMAL ]  Iteration 169:	res = 1.569E-02
[  NORMAL ]  Iteration 170:	res = 1.568E-02
[  NORMAL ]  Iteration 171:	res = 1.567E-02
[  NORMAL ]  Iteration 172:	res = 1.566E-02
[  NORMAL ]  Iteration 173:	res = 1.565E-02
[  NORMAL ]  Iteration 174:	res = 1.564E-02
[  NORMAL ]  Iteration 175:	res = 1.563E-02
[  NORMAL ]  Iteration 176:	res = 1.562E-02
[  NORMAL ]  Iteration 177:	res = 1.561E-02
[  NORMAL ]  Iteration 178:	res = 1.560E-02
[  NORMAL ]  Iteration 179:	res = 1.559E-02
[  NORMAL ]  Iteration 180:	res = 1.558E-02
[  NORMAL ]  Iteration 181:	res = 1.558E-02
[  NORMAL ]  Iteration 182:	res = 1.557E-02
[  NORMAL ]  Iteration 183:	res = 1.556E-02
[  NORMAL ]  Iteration 184:	res = 1.555E-02
[  NORMAL ]  Iteration 185:	res = 1.554E-02
[  NORMAL ]  Iteration 186:	res = 1.553E-02
[  NORMAL ]  Iteration 187:	res = 1.552E-02
[  NORMAL ]  Iteration 188:	res = 1.551E-02
[  NORMAL ]  Iteration 189:	res = 1.550E-02
[  NORMAL ]  Iteration 190:	res = 1.549E-02
[  NORMAL ]  Iteration 191:	res = 1.548E-02
[  NORMAL ]  Iteration 192:	res = 1.547E-02
[  NORMAL ]  Iteration 193:	res = 1.546E-02
[  NORMAL ]  Iteration 194:	res = 1.545E-02
[  NORMAL ]  Iteration 195:	res = 1.544E-02
[  NORMAL ]  Iteration 196:	res = 1.543E-02
[  NORMAL ]  Iteration 197:	res = 1.542E-02
[  NORMAL ]  Iteration 198:	res = 1.541E-02
[  NORMAL ]  Iteration 199:	res = 1.540E-02
[  NORMAL ]  Iteration 200:	res = 1.539E-02
[  NORMAL ]  Iteration 201:	res = 1.538E-02
[  NORMAL ]  Iteration 202:	res = 1.537E-02
[  NORMAL ]  Iteration 203:	res = 1.536E-02
[  NORMAL ]  Iteration 204:	res = 1.535E-02
[  NORMAL ]  Iteration 205:	res = 1.534E-02
[  NORMAL ]  Iteration 206:	res = 1.533E-02
[  NORMAL ]  Iteration 207:	res = 1.532E-02
[  NORMAL ]  Iteration 208:	res = 1.531E-02
[  NORMAL ]  Iteration 209:	res = 1.530E-02
[  NORMAL ]  Iteration 210:	res = 1.529E-02
[  NORMAL ]  Iteration 211:	res = 1.528E-02
[  NORMAL ]  Iteration 212:	res = 1.527E-02
[  NORMAL ]  Iteration 213:	res = 1.526E-02
[  NORMAL ]  Iteration 214:	res = 1.525E-02
[  NORMAL ]  Iteration 215:	res = 1.524E-02
[  NORMAL ]  Iteration 216:	res = 1.523E-02
[  NORMAL ]  Iteration 217:	res = 1.522E-02
[  NORMAL ]  Iteration 218:	res = 1.521E-02
[  NORMAL ]  Iteration 219:	res = 1.520E-02
[  NORMAL ]  Iteration 220:	res = 1.519E-02
[  NORMAL ]  Iteration 221:	res = 1.518E-02
[  NORMAL ]  Iteration 222:	res = 1.517E-02
[  NORMAL ]  Iteration 223:	res = 1.516E-02
[  NORMAL ]  Iteration 224:	res = 1.515E-02
[  NORMAL ]  Iteration 225:	res = 1.514E-02
[  NORMAL ]  Iteration 226:	res = 1.513E-02
[  NORMAL ]  Iteration 227:	res = 1.512E-02
[  NORMAL ]  Iteration 228:	res = 1.511E-02
[  NORMAL ]  Iteration 229:	res = 1.510E-02
[  NORMAL ]  Iteration 230:	res = 1.509E-02
[  NORMAL ]  Iteration 231:	res = 1.508E-02
[  NORMAL ]  Iteration 232:	res = 1.507E-02
[  NORMAL ]  Iteration 233:	res = 1.505E-02
[  NORMAL ]  Iteration 234:	res = 1.504E-02
[  NORMAL ]  Iteration 235:	res = 1.503E-02
[  NORMAL ]  Iteration 236:	res = 1.502E-02
[  NORMAL ]  Iteration 237:	res = 1.501E-02
[  NORMAL ]  Iteration 238:	res = 1.500E-02
[  NORMAL ]  Iteration 239:	res = 1.499E-02
[  NORMAL ]  Iteration 240:	res = 1.498E-02
[  NORMAL ]  Iteration 241:	res = 1.497E-02
[  NORMAL ]  Iteration 242:	res = 1.496E-02
[  NORMAL ]  Iteration 243:	res = 1.494E-02
[  NORMAL ]  Iteration 244:	res = 1.493E-02
[  NORMAL ]  Iteration 245:	res = 1.492E-02
[  NORMAL ]  Iteration 246:	res = 1.491E-02
[  NORMAL ]  Iteration 247:	res = 1.490E-02
[  NORMAL ]  Iteration 248:	res = 1.489E-02
[  NORMAL ]  Iteration 249:	res = 1.488E-02
[  NORMAL ]  Iteration 250:	res = 1.486E-02
[  NORMAL ]  Iteration 251:	res = 1.485E-02
[  NORMAL ]  Iteration 252:	res = 1.484E-02
[  NORMAL ]  Iteration 253:	res = 1.483E-02
[  NORMAL ]  Iteration 254:	res = 1.482E-02
[  NORMAL ]  Iteration 255:	res = 1.481E-02
[  NORMAL ]  Iteration 256:	res = 1.479E-02
[  NORMAL ]  Iteration 257:	res = 1.478E-02
[  NORMAL ]  Iteration 258:	res = 1.477E-02
[  NORMAL ]  Iteration 259:	res = 1.476E-02
[  NORMAL ]  Iteration 260:	res = 1.475E-02
[  NORMAL ]  Iteration 261:	res = 1.474E-02
[  NORMAL ]  Iteration 262:	res = 1.472E-02
[  NORMAL ]  Iteration 263:	res = 1.471E-02
[  NORMAL ]  Iteration 264:	res = 1.470E-02
[  NORMAL ]  Iteration 265:	res = 1.469E-02
[  NORMAL ]  Iteration 266:	res = 1.467E-02
[  NORMAL ]  Iteration 267:	res = 1.466E-02
[  NORMAL ]  Iteration 268:	res = 1.465E-02
[  NORMAL ]  Iteration 269:	res = 1.464E-02
[  NORMAL ]  Iteration 270:	res = 1.463E-02
[  NORMAL ]  Iteration 271:	res = 1.461E-02
[  NORMAL ]  Iteration 272:	res = 1.460E-02
[  NORMAL ]  Iteration 273:	res = 1.459E-02
[  NORMAL ]  Iteration 274:	res = 1.458E-02
[  NORMAL ]  Iteration 275:	res = 1.456E-02
[  NORMAL ]  Iteration 276:	res = 1.455E-02
[  NORMAL ]  Iteration 277:	res = 1.454E-02
[  NORMAL ]  Iteration 278:	res = 1.453E-02
[  NORMAL ]  Iteration 279:	res = 1.451E-02
[  NORMAL ]  Iteration 280:	res = 1.450E-02
[  NORMAL ]  Iteration 281:	res = 1.449E-02
[  NORMAL ]  Iteration 282:	res = 1.447E-02
[  NORMAL ]  Iteration 283:	res = 1.446E-02
[  NORMAL ]  Iteration 284:	res = 1.445E-02
[  NORMAL ]  Iteration 285:	res = 1.444E-02
[  NORMAL ]  Iteration 286:	res = 1.442E-02
[  NORMAL ]  Iteration 287:	res = 1.441E-02
[  NORMAL ]  Iteration 288:	res = 1.440E-02
[  NORMAL ]  Iteration 289:	res = 1.438E-02
[  NORMAL ]  Iteration 290:	res = 1.437E-02
[  NORMAL ]  Iteration 291:	res = 1.436E-02
[  NORMAL ]  Iteration 292:	res = 1.434E-02
[  NORMAL ]  Iteration 293:	res = 1.433E-02
[  NORMAL ]  Iteration 294:	res = 1.432E-02
[  NORMAL ]  Iteration 295:	res = 1.430E-02
[  NORMAL ]  Iteration 296:	res = 1.429E-02
[  NORMAL ]  Iteration 297:	res = 1.428E-02
[  NORMAL ]  Iteration 298:	res = 1.426E-02
[  NORMAL ]  Iteration 299:	res = 1.425E-02
[  NORMAL ]  Iteration 300:	res = 1.424E-02
[  NORMAL ]  Iteration 301:	res = 1.422E-02
[  NORMAL ]  Iteration 302:	res = 1.421E-02
[  NORMAL ]  Iteration 303:	res = 1.420E-02
[  NORMAL ]  Iteration 304:	res = 1.418E-02
[  NORMAL ]  Iteration 305:	res = 1.417E-02
[  NORMAL ]  Iteration 306:	res = 1.416E-02
[  NORMAL ]  Iteration 307:	res = 1.414E-02
[  NORMAL ]  Iteration 308:	res = 1.413E-02
[  NORMAL ]  Iteration 309:	res = 1.411E-02
[  NORMAL ]  Iteration 310:	res = 1.410E-02
[  NORMAL ]  Iteration 311:	res = 1.409E-02
[  NORMAL ]  Iteration 312:	res = 1.407E-02
[  NORMAL ]  Iteration 313:	res = 1.406E-02
[  NORMAL ]  Iteration 314:	res = 1.404E-02
[  NORMAL ]  Iteration 315:	res = 1.403E-02
[  NORMAL ]  Iteration 316:	res = 1.402E-02
[  NORMAL ]  Iteration 317:	res = 1.400E-02
[  NORMAL ]  Iteration 318:	res = 1.399E-02
[  NORMAL ]  Iteration 319:	res = 1.397E-02
[  NORMAL ]  Iteration 320:	res = 1.396E-02
[  NORMAL ]  Iteration 321:	res = 1.395E-02
[  NORMAL ]  Iteration 322:	res = 1.393E-02
[  NORMAL ]  Iteration 323:	res = 1.392E-02
[  NORMAL ]  Iteration 324:	res = 1.390E-02
[  NORMAL ]  Iteration 325:	res = 1.389E-02
[  NORMAL ]  Iteration 326:	res = 1.388E-02
[  NORMAL ]  Iteration 327:	res = 1.386E-02
[  NORMAL ]  Iteration 328:	res = 1.385E-02
[  NORMAL ]  Iteration 329:	res = 1.383E-02
[  NORMAL ]  Iteration 330:	res = 1.382E-02
[  NORMAL ]  Iteration 331:	res = 1.381E-02
[  NORMAL ]  Iteration 332:	res = 1.379E-02
[  NORMAL ]  Iteration 333:	res = 1.378E-02
[  NORMAL ]  Iteration 334:	res = 1.376E-02
[  NORMAL ]  Iteration 335:	res = 1.375E-02
[  NORMAL ]  Iteration 336:	res = 1.373E-02
[  NORMAL ]  Iteration 337:	res = 1.372E-02
[  NORMAL ]  Iteration 338:	res = 1.370E-02
[  NORMAL ]  Iteration 339:	res = 1.369E-02
[  NORMAL ]  Iteration 340:	res = 1.368E-02
[  NORMAL ]  Iteration 341:	res = 1.366E-02
[  NORMAL ]  Iteration 342:	res = 1.365E-02
[  NORMAL ]  Iteration 343:	res = 1.363E-02
[  NORMAL ]  Iteration 344:	res = 1.362E-02
[  NORMAL ]  Iteration 345:	res = 1.360E-02
[  NORMAL ]  Iteration 346:	res = 1.359E-02
[  NORMAL ]  Iteration 347:	res = 1.357E-02
[  NORMAL ]  Iteration 348:	res = 1.356E-02
[  NORMAL ]  Iteration 349:	res = 1.355E-02
[  NORMAL ]  Iteration 350:	res = 1.353E-02
[  NORMAL ]  Iteration 351:	res = 1.352E-02
[  NORMAL ]  Iteration 352:	res = 1.350E-02
[  NORMAL ]  Iteration 353:	res = 1.349E-02
[  NORMAL ]  Iteration 354:	res = 1.347E-02
[  NORMAL ]  Iteration 355:	res = 1.346E-02
[  NORMAL ]  Iteration 356:	res = 1.344E-02
[  NORMAL ]  Iteration 357:	res = 1.343E-02
[  NORMAL ]  Iteration 358:	res = 1.341E-02
[  NORMAL ]  Iteration 359:	res = 1.340E-02
[  NORMAL ]  Iteration 360:	res = 1.338E-02
[  NORMAL ]  Iteration 361:	res = 1.337E-02
[  NORMAL ]  Iteration 362:	res = 1.335E-02
[  NORMAL ]  Iteration 363:	res = 1.334E-02
[  NORMAL ]  Iteration 364:	res = 1.332E-02
[  NORMAL ]  Iteration 365:	res = 1.331E-02
[  NORMAL ]  Iteration 366:	res = 1.330E-02
[  NORMAL ]  Iteration 367:	res = 1.328E-02
[  NORMAL ]  Iteration 368:	res = 1.327E-02
[  NORMAL ]  Iteration 369:	res = 1.325E-02
[  NORMAL ]  Iteration 370:	res = 1.324E-02
[  NORMAL ]  Iteration 371:	res = 1.322E-02
[  NORMAL ]  Iteration 372:	res = 1.321E-02
[  NORMAL ]  Iteration 373:	res = 1.319E-02
[  NORMAL ]  Iteration 374:	res = 1.318E-02
[  NORMAL ]  Iteration 375:	res = 1.316E-02
[  NORMAL ]  Iteration 376:	res = 1.315E-02
[  NORMAL ]  Iteration 377:	res = 1.313E-02
[  NORMAL ]  Iteration 378:	res = 1.312E-02
[  NORMAL ]  Iteration 379:	res = 1.310E-02
[  NORMAL ]  Iteration 380:	res = 1.309E-02
[  NORMAL ]  Iteration 381:	res = 1.307E-02
[  NORMAL ]  Iteration 382:	res = 1.305E-02
[  NORMAL ]  Iteration 383:	res = 1.304E-02
[  NORMAL ]  Iteration 384:	res = 1.302E-02
[  NORMAL ]  Iteration 385:	res = 1.301E-02
[  NORMAL ]  Iteration 386:	res = 1.299E-02
[  NORMAL ]  Iteration 387:	res = 1.298E-02
[  NORMAL ]  Iteration 388:	res = 1.296E-02
[  NORMAL ]  Iteration 389:	res = 1.295E-02
[  NORMAL ]  Iteration 390:	res = 1.293E-02
[  NORMAL ]  Iteration 391:	res = 1.292E-02
[  NORMAL ]  Iteration 392:	res = 1.290E-02
[  NORMAL ]  Iteration 393:	res = 1.289E-02
[  NORMAL ]  Iteration 394:	res = 1.287E-02
[  NORMAL ]  Iteration 395:	res = 1.286E-02
[  NORMAL ]  Iteration 396:	res = 1.284E-02
[  NORMAL ]  Iteration 397:	res = 1.282E-02
[  NORMAL ]  Iteration 398:	res = 1.281E-02
[  NORMAL ]  Iteration 399:	res = 1.279E-02
[  NORMAL ]  Iteration 400:	res = 1.278E-02
[  NORMAL ]  Iteration 401:	res = 1.276E-02
[  NORMAL ]  Iteration 402:	res = 1.275E-02
[  NORMAL ]  Iteration 403:	res = 1.273E-02
[  NORMAL ]  Iteration 404:	res = 1.271E-02
[  NORMAL ]  Iteration 405:	res = 1.270E-02
[  NORMAL ]  Iteration 406:	res = 1.268E-02
[  NORMAL ]  Iteration 407:	res = 1.267E-02
[  NORMAL ]  Iteration 408:	res = 1.265E-02
[  NORMAL ]  Iteration 409:	res = 1.263E-02
[  NORMAL ]  Iteration 410:	res = 1.262E-02
[  NORMAL ]  Iteration 411:	res = 1.260E-02
[  NORMAL ]  Iteration 412:	res = 1.259E-02
[  NORMAL ]  Iteration 413:	res = 1.257E-02
[  NORMAL ]  Iteration 414:	res = 1.255E-02
[  NORMAL ]  Iteration 415:	res = 1.254E-02
[  NORMAL ]  Iteration 416:	res = 1.252E-02
[  NORMAL ]  Iteration 417:	res = 1.250E-02
[  NORMAL ]  Iteration 418:	res = 1.249E-02
[  NORMAL ]  Iteration 419:	res = 1.247E-02
[  NORMAL ]  Iteration 420:	res = 1.246E-02
[  NORMAL ]  Iteration 421:	res = 1.244E-02
[  NORMAL ]  Iteration 422:	res = 1.242E-02
[  NORMAL ]  Iteration 423:	res = 1.241E-02
[  NORMAL ]  Iteration 424:	res = 1.239E-02
[  NORMAL ]  Iteration 425:	res = 1.237E-02
[  NORMAL ]  Iteration 426:	res = 1.236E-02
[  NORMAL ]  Iteration 427:	res = 1.234E-02
[  NORMAL ]  Iteration 428:	res = 1.232E-02
[  NORMAL ]  Iteration 429:	res = 1.230E-02
[  NORMAL ]  Iteration 430:	res = 1.229E-02
[  NORMAL ]  Iteration 431:	res = 1.227E-02
[  NORMAL ]  Iteration 432:	res = 1.225E-02
[  NORMAL ]  Iteration 433:	res = 1.224E-02
[  NORMAL ]  Iteration 434:	res = 1.222E-02
[  NORMAL ]  Iteration 435:	res = 1.220E-02
[  NORMAL ]  Iteration 436:	res = 1.218E-02
[  NORMAL ]  Iteration 437:	res = 1.217E-02
[  NORMAL ]  Iteration 438:	res = 1.215E-02
[  NORMAL ]  Iteration 439:	res = 1.213E-02
[  NORMAL ]  Iteration 440:	res = 1.211E-02
[  NORMAL ]  Iteration 441:	res = 1.210E-02
[  NORMAL ]  Iteration 442:	res = 1.208E-02
[  NORMAL ]  Iteration 443:	res = 1.206E-02
[  NORMAL ]  Iteration 444:	res = 1.204E-02
[  NORMAL ]  Iteration 445:	res = 1.203E-02
[  NORMAL ]  Iteration 446:	res = 1.201E-02
[  NORMAL ]  Iteration 447:	res = 1.199E-02
[  NORMAL ]  Iteration 448:	res = 1.197E-02
[  NORMAL ]  Iteration 449:	res = 1.195E-02
[  NORMAL ]  Iteration 450:	res = 1.193E-02
[  NORMAL ]  Iteration 451:	res = 1.192E-02
[  NORMAL ]  Iteration 452:	res = 1.190E-02
[  NORMAL ]  Iteration 453:	res = 1.188E-02
[  NORMAL ]  Iteration 454:	res = 1.186E-02
[  NORMAL ]  Iteration 455:	res = 1.184E-02
[  NORMAL ]  Iteration 456:	res = 1.182E-02
[  NORMAL ]  Iteration 457:	res = 1.180E-02
[  NORMAL ]  Iteration 458:	res = 1.179E-02
[  NORMAL ]  Iteration 459:	res = 1.177E-02
[  NORMAL ]  Iteration 460:	res = 1.175E-02
[  NORMAL ]  Iteration 461:	res = 1.173E-02
[  NORMAL ]  Iteration 462:	res = 1.171E-02
[  NORMAL ]  Iteration 463:	res = 1.169E-02
[  NORMAL ]  Iteration 464:	res = 1.167E-02
[  NORMAL ]  Iteration 465:	res = 1.165E-02
[  NORMAL ]  Iteration 466:	res = 1.163E-02
[  NORMAL ]  Iteration 467:	res = 1.161E-02
[  NORMAL ]  Iteration 468:	res = 1.159E-02
[  NORMAL ]  Iteration 469:	res = 1.157E-02
[  NORMAL ]  Iteration 470:	res = 1.155E-02
[  NORMAL ]  Iteration 471:	res = 1.153E-02
[  NORMAL ]  Iteration 472:	res = 1.151E-02
[  NORMAL ]  Iteration 473:	res = 1.149E-02
[  NORMAL ]  Iteration 474:	res = 1.147E-02
[  NORMAL ]  Iteration 475:	res = 1.145E-02
[  NORMAL ]  Iteration 476:	res = 1.143E-02
[  NORMAL ]  Iteration 477:	res = 1.141E-02
[  NORMAL ]  Iteration 478:	res = 1.139E-02
[  NORMAL ]  Iteration 479:	res = 1.137E-02
[  NORMAL ]  Iteration 480:	res = 1.135E-02
[  NORMAL ]  Iteration 481:	res = 1.133E-02
[  NORMAL ]  Iteration 482:	res = 1.131E-02
[  NORMAL ]  Iteration 483:	res = 1.129E-02
[  NORMAL ]  Iteration 484:	res = 1.127E-02
[  NORMAL ]  Iteration 485:	res = 1.124E-02
[  NORMAL ]  Iteration 486:	res = 1.122E-02
[  NORMAL ]  Iteration 487:	res = 1.120E-02
[  NORMAL ]  Iteration 488:	res = 1.118E-02
[  NORMAL ]  Iteration 489:	res = 1.116E-02
[  NORMAL ]  Iteration 490:	res = 1.114E-02
[  NORMAL ]  Iteration 491:	res = 1.111E-02
[  NORMAL ]  Iteration 492:	res = 1.109E-02
[  NORMAL ]  Iteration 493:	res = 1.107E-02
[  NORMAL ]  Iteration 494:	res = 1.105E-02
[  NORMAL ]  Iteration 495:	res = 1.103E-02
[  NORMAL ]  Iteration 496:	res = 1.100E-02
[  NORMAL ]  Iteration 497:	res = 1.098E-02
[  NORMAL ]  Iteration 498:	res = 1.096E-02
[  NORMAL ]  Iteration 499:	res = 1.094E-02
[  NORMAL ]  Iteration 500:	res = 1.091E-02
[  NORMAL ]  Iteration 501:	res = 1.089E-02
[  NORMAL ]  Iteration 502:	res = 1.087E-02
[  NORMAL ]  Iteration 503:	res = 1.084E-02
[  NORMAL ]  Iteration 504:	res = 1.082E-02
[  NORMAL ]  Iteration 505:	res = 1.080E-02
[  NORMAL ]  Iteration 506:	res = 1.077E-02
[  NORMAL ]  Iteration 507:	res = 1.075E-02
[  NORMAL ]  Iteration 508:	res = 1.073E-02
[  NORMAL ]  Iteration 509:	res = 1.070E-02
[  NORMAL ]  Iteration 510:	res = 1.068E-02
[  NORMAL ]  Iteration 511:	res = 1.065E-02
[  NORMAL ]  Iteration 512:	res = 1.063E-02
[  NORMAL ]  Iteration 513:	res = 1.061E-02
[  NORMAL ]  Iteration 514:	res = 1.058E-02
[  NORMAL ]  Iteration 515:	res = 1.056E-02
[  NORMAL ]  Iteration 516:	res = 1.053E-02
[  NORMAL ]  Iteration 517:	res = 1.051E-02
[  NORMAL ]  Iteration 518:	res = 1.048E-02
[  NORMAL ]  Iteration 519:	res = 1.046E-02
[  NORMAL ]  Iteration 520:	res = 1.043E-02
[  NORMAL ]  Iteration 521:	res = 1.041E-02
[  NORMAL ]  Iteration 522:	res = 1.038E-02
[  NORMAL ]  Iteration 523:	res = 1.035E-02
[  NORMAL ]  Iteration 524:	res = 1.033E-02
[  NORMAL ]  Iteration 525:	res = 1.030E-02
[  NORMAL ]  Iteration 526:	res = 1.028E-02
[  NORMAL ]  Iteration 527:	res = 1.025E-02
[  NORMAL ]  Iteration 528:	res = 1.022E-02
[  NORMAL ]  Iteration 529:	res = 1.020E-02
[  NORMAL ]  Iteration 530:	res = 1.017E-02
[  NORMAL ]  Iteration 531:	res = 1.014E-02
[  NORMAL ]  Iteration 532:	res = 1.012E-02
[  NORMAL ]  Iteration 533:	res = 1.009E-02
[  NORMAL ]  Iteration 534:	res = 1.006E-02
[  NORMAL ]  Iteration 535:	res = 1.004E-02
[  NORMAL ]  Iteration 536:	res = 1.001E-02
[  NORMAL ]  Iteration 537:	res = 9.982E-03
[  NORMAL ]  Iteration 538:	res = 9.955E-03
[  NORMAL ]  Iteration 539:	res = 9.927E-03
[  NORMAL ]  Iteration 540:	res = 9.899E-03
[  NORMAL ]  Iteration 541:	res = 9.871E-03
[  NORMAL ]  Iteration 542:	res = 9.843E-03
[  NORMAL ]  Iteration 543:	res = 9.815E-03
[  NORMAL ]  Iteration 544:	res = 9.786E-03
[  NORMAL ]  Iteration 545:	res = 9.758E-03
[  NORMAL ]  Iteration 546:	res = 9.729E-03
[  NORMAL ]  Iteration 547:	res = 9.700E-03
[  NORMAL ]  Iteration 548:	res = 9.671E-03
[  NORMAL ]  Iteration 549:	res = 9.642E-03
[  NORMAL ]  Iteration 550:	res = 9.613E-03
[  NORMAL ]  Iteration 551:	res = 9.584E-03
[  NORMAL ]  Iteration 552:	res = 9.554E-03
[  NORMAL ]  Iteration 553:	res = 9.525E-03
[  NORMAL ]  Iteration 554:	res = 9.495E-03
[  NORMAL ]  Iteration 555:	res = 9.465E-03
[  NORMAL ]  Iteration 556:	res = 9.435E-03
[  NORMAL ]  Iteration 557:	res = 9.405E-03
[  NORMAL ]  Iteration 558:	res = 9.375E-03
[  NORMAL ]  Iteration 559:	res = 9.344E-03
[  NORMAL ]  Iteration 560:	res = 9.314E-03
[  NORMAL ]  Iteration 561:	res = 9.283E-03
[  NORMAL ]  Iteration 562:	res = 9.252E-03
[  NORMAL ]  Iteration 563:	res = 9.221E-03
[  NORMAL ]  Iteration 564:	res = 9.190E-03
[  NORMAL ]  Iteration 565:	res = 9.158E-03
[  NORMAL ]  Iteration 566:	res = 9.127E-03
[  NORMAL ]  Iteration 567:	res = 9.096E-03
[  NORMAL ]  Iteration 568:	res = 9.064E-03
[  NORMAL ]  Iteration 569:	res = 9.032E-03
[  NORMAL ]  Iteration 570:	res = 9.000E-03
[  NORMAL ]  Iteration 571:	res = 8.968E-03
[  NORMAL ]  Iteration 572:	res = 8.936E-03
[  NORMAL ]  Iteration 573:	res = 8.903E-03
[  NORMAL ]  Iteration 574:	res = 8.871E-03
[  NORMAL ]  Iteration 575:	res = 8.838E-03
[  NORMAL ]  Iteration 576:	res = 8.805E-03
[  NORMAL ]  Iteration 577:	res = 8.773E-03
[  NORMAL ]  Iteration 578:	res = 8.739E-03
[  NORMAL ]  Iteration 579:	res = 8.706E-03
[  NORMAL ]  Iteration 580:	res = 8.673E-03
[  NORMAL ]  Iteration 581:	res = 8.640E-03
[  NORMAL ]  Iteration 582:	res = 8.606E-03
[  NORMAL ]  Iteration 583:	res = 8.572E-03
[  NORMAL ]  Iteration 584:	res = 8.538E-03
[  NORMAL ]  Iteration 585:	res = 8.505E-03
[  NORMAL ]  Iteration 586:	res = 8.470E-03
[  NORMAL ]  Iteration 587:	res = 8.436E-03
[  NORMAL ]  Iteration 588:	res = 8.402E-03
[  NORMAL ]  Iteration 589:	res = 8.367E-03
[  NORMAL ]  Iteration 590:	res = 8.333E-03
[  NORMAL ]  Iteration 591:	res = 8.298E-03
[  NORMAL ]  Iteration 592:	res = 8.263E-03
[  NORMAL ]  Iteration 593:	res = 8.228E-03
[  NORMAL ]  Iteration 594:	res = 8.193E-03
[  NORMAL ]  Iteration 595:	res = 8.158E-03
[  NORMAL ]  Iteration 596:	res = 8.123E-03
[  NORMAL ]  Iteration 597:	res = 8.087E-03
[  NORMAL ]  Iteration 598:	res = 8.052E-03
[  NORMAL ]  Iteration 599:	res = 8.016E-03
[  NORMAL ]  Iteration 600:	res = 7.980E-03
[  NORMAL ]  Iteration 601:	res = 7.944E-03
[  NORMAL ]  Iteration 602:	res = 7.908E-03
[  NORMAL ]  Iteration 603:	res = 7.872E-03
[  NORMAL ]  Iteration 604:	res = 7.836E-03
[  NORMAL ]  Iteration 605:	res = 7.800E-03
[  NORMAL ]  Iteration 606:	res = 7.763E-03
[  NORMAL ]  Iteration 607:	res = 7.727E-03
[  NORMAL ]  Iteration 608:	res = 7.690E-03
[  NORMAL ]  Iteration 609:	res = 7.653E-03
[  NORMAL ]  Iteration 610:	res = 7.616E-03
[  NORMAL ]  Iteration 611:	res = 7.579E-03
[  NORMAL ]  Iteration 612:	res = 7.542E-03
[  NORMAL ]  Iteration 613:	res = 7.505E-03
[  NORMAL ]  Iteration 614:	res = 7.468E-03
[  NORMAL ]  Iteration 615:	res = 7.431E-03
[  NORMAL ]  Iteration 616:	res = 7.393E-03
[  NORMAL ]  Iteration 617:	res = 7.356E-03
[  NORMAL ]  Iteration 618:	res = 7.318E-03
[  NORMAL ]  Iteration 619:	res = 7.280E-03
[  NORMAL ]  Iteration 620:	res = 7.243E-03
[  NORMAL ]  Iteration 621:	res = 7.205E-03
[  NORMAL ]  Iteration 622:	res = 7.167E-03
[  NORMAL ]  Iteration 623:	res = 7.129E-03
[  NORMAL ]  Iteration 624:	res = 7.091E-03
[  NORMAL ]  Iteration 625:	res = 7.052E-03
[  NORMAL ]  Iteration 626:	res = 7.014E-03
[  NORMAL ]  Iteration 627:	res = 6.976E-03
[  NORMAL ]  Iteration 628:	res = 6.938E-03
[  NORMAL ]  Iteration 629:	res = 6.899E-03
[  NORMAL ]  Iteration 630:	res = 6.861E-03
[  NORMAL ]  Iteration 631:	res = 6.822E-03
[  NORMAL ]  Iteration 632:	res = 6.783E-03
[  NORMAL ]  Iteration 633:	res = 6.745E-03
[  NORMAL ]  Iteration 634:	res = 6.706E-03
[  NORMAL ]  Iteration 635:	res = 6.667E-03
[  NORMAL ]  Iteration 636:	res = 6.628E-03
[  NORMAL ]  Iteration 637:	res = 6.589E-03
[  NORMAL ]  Iteration 638:	res = 6.550E-03
[  NORMAL ]  Iteration 639:	res = 6.511E-03
[  NORMAL ]  Iteration 640:	res = 6.472E-03
[  NORMAL ]  Iteration 641:	res = 6.433E-03
[  NORMAL ]  Iteration 642:	res = 6.394E-03
[  NORMAL ]  Iteration 643:	res = 6.355E-03
[  NORMAL ]  Iteration 644:	res = 6.316E-03
[  NORMAL ]  Iteration 645:	res = 6.277E-03
[  NORMAL ]  Iteration 646:	res = 6.237E-03
[  NORMAL ]  Iteration 647:	res = 6.198E-03
[  NORMAL ]  Iteration 648:	res = 6.159E-03
[  NORMAL ]  Iteration 649:	res = 6.120E-03
[  NORMAL ]  Iteration 650:	res = 6.080E-03
[  NORMAL ]  Iteration 651:	res = 6.041E-03
[  NORMAL ]  Iteration 652:	res = 6.002E-03
[  NORMAL ]  Iteration 653:	res = 5.962E-03
[  NORMAL ]  Iteration 654:	res = 5.923E-03
[  NORMAL ]  Iteration 655:	res = 5.884E-03
[  NORMAL ]  Iteration 656:	res = 5.844E-03
[  NORMAL ]  Iteration 657:	res = 5.805E-03
[  NORMAL ]  Iteration 658:	res = 5.766E-03
[  NORMAL ]  Iteration 659:	res = 5.726E-03
[  NORMAL ]  Iteration 660:	res = 5.687E-03
[  NORMAL ]  Iteration 661:	res = 5.648E-03
[  NORMAL ]  Iteration 662:	res = 5.608E-03
[  NORMAL ]  Iteration 663:	res = 5.569E-03
[  NORMAL ]  Iteration 664:	res = 5.530E-03
[  NORMAL ]  Iteration 665:	res = 5.491E-03
[  NORMAL ]  Iteration 666:	res = 5.451E-03
[  NORMAL ]  Iteration 667:	res = 5.412E-03
[  NORMAL ]  Iteration 668:	res = 5.373E-03
[  NORMAL ]  Iteration 669:	res = 5.334E-03
[  NORMAL ]  Iteration 670:	res = 5.295E-03
[  NORMAL ]  Iteration 671:	res = 5.256E-03
[  NORMAL ]  Iteration 672:	res = 5.217E-03
[  NORMAL ]  Iteration 673:	res = 5.178E-03
[  NORMAL ]  Iteration 674:	res = 5.139E-03
[  NORMAL ]  Iteration 675:	res = 5.100E-03
[  NORMAL ]  Iteration 676:	res = 5.062E-03
[  NORMAL ]  Iteration 677:	res = 5.023E-03
[  NORMAL ]  Iteration 678:	res = 4.984E-03
[  NORMAL ]  Iteration 679:	res = 4.946E-03
[  NORMAL ]  Iteration 680:	res = 4.907E-03
[  NORMAL ]  Iteration 681:	res = 4.869E-03
[  NORMAL ]  Iteration 682:	res = 4.830E-03
[  NORMAL ]  Iteration 683:	res = 4.792E-03
[  NORMAL ]  Iteration 684:	res = 4.754E-03
[  NORMAL ]  Iteration 685:	res = 4.716E-03
[  NORMAL ]  Iteration 686:	res = 4.678E-03
[  NORMAL ]  Iteration 687:	res = 4.640E-03
[  NORMAL ]  Iteration 688:	res = 4.602E-03
[  NORMAL ]  Iteration 689:	res = 4.564E-03
[  NORMAL ]  Iteration 690:	res = 4.527E-03
[  NORMAL ]  Iteration 691:	res = 4.489E-03
[  NORMAL ]  Iteration 692:	res = 4.452E-03
[  NORMAL ]  Iteration 693:	res = 4.414E-03
[  NORMAL ]  Iteration 694:	res = 4.377E-03
[  NORMAL ]  Iteration 695:	res = 4.340E-03
[  NORMAL ]  Iteration 696:	res = 4.303E-03
[  NORMAL ]  Iteration 697:	res = 4.266E-03
[  NORMAL ]  Iteration 698:	res = 4.229E-03
[  NORMAL ]  Iteration 699:	res = 4.192E-03
[  NORMAL ]  Iteration 700:	res = 4.156E-03
[  NORMAL ]  Iteration 701:	res = 4.119E-03
[  NORMAL ]  Iteration 702:	res = 4.083E-03
[  NORMAL ]  Iteration 703:	res = 4.047E-03
[  NORMAL ]  Iteration 704:	res = 4.011E-03
[  NORMAL ]  Iteration 705:	res = 3.975E-03
[  NORMAL ]  Iteration 706:	res = 3.939E-03
[  NORMAL ]  Iteration 707:	res = 3.903E-03
[  NORMAL ]  Iteration 708:	res = 3.868E-03
[  NORMAL ]  Iteration 709:	res = 3.833E-03
[  NORMAL ]  Iteration 710:	res = 3.797E-03
[  NORMAL ]  Iteration 711:	res = 3.762E-03
[  NORMAL ]  Iteration 712:	res = 3.727E-03
[  NORMAL ]  Iteration 713:	res = 3.693E-03
[  NORMAL ]  Iteration 714:	res = 3.658E-03
[  NORMAL ]  Iteration 715:	res = 3.624E-03
[  NORMAL ]  Iteration 716:	res = 3.589E-03
[  NORMAL ]  Iteration 717:	res = 3.555E-03
[  NORMAL ]  Iteration 718:	res = 3.521E-03
[  NORMAL ]  Iteration 719:	res = 3.487E-03
[  NORMAL ]  Iteration 720:	res = 3.454E-03
[  NORMAL ]  Iteration 721:	res = 3.420E-03
[  NORMAL ]  Iteration 722:	res = 3.387E-03
[  NORMAL ]  Iteration 723:	res = 3.354E-03
[  NORMAL ]  Iteration 724:	res = 3.321E-03
[  NORMAL ]  Iteration 725:	res = 3.288E-03
[  NORMAL ]  Iteration 726:	res = 3.256E-03
[  NORMAL ]  Iteration 727:	res = 3.223E-03
[  NORMAL ]  Iteration 728:	res = 3.191E-03
[  NORMAL ]  Iteration 729:	res = 3.159E-03
[  NORMAL ]  Iteration 730:	res = 3.127E-03
[  NORMAL ]  Iteration 731:	res = 3.095E-03
[  NORMAL ]  Iteration 732:	res = 3.064E-03
[  NORMAL ]  Iteration 733:	res = 3.033E-03
[  NORMAL ]  Iteration 734:	res = 3.001E-03
[  NORMAL ]  Iteration 735:	res = 2.971E-03
[  NORMAL ]  Iteration 736:	res = 2.940E-03
[  NORMAL ]  Iteration 737:	res = 2.909E-03
[  NORMAL ]  Iteration 738:	res = 2.879E-03
[  NORMAL ]  Iteration 739:	res = 2.849E-03
[  NORMAL ]  Iteration 740:	res = 2.819E-03
[  NORMAL ]  Iteration 741:	res = 2.789E-03
[  NORMAL ]  Iteration 742:	res = 2.759E-03
[  NORMAL ]  Iteration 743:	res = 2.730E-03
[  NORMAL ]  Iteration 744:	res = 2.701E-03
[  NORMAL ]  Iteration 745:	res = 2.672E-03
[  NORMAL ]  Iteration 746:	res = 2.643E-03
[  NORMAL ]  Iteration 747:	res = 2.615E-03
[  NORMAL ]  Iteration 748:	res = 2.586E-03
[  NORMAL ]  Iteration 749:	res = 2.558E-03
[  NORMAL ]  Iteration 750:	res = 2.530E-03
[  NORMAL ]  Iteration 751:	res = 2.502E-03
[  NORMAL ]  Iteration 752:	res = 2.475E-03
[  NORMAL ]  Iteration 753:	res = 2.447E-03
[  NORMAL ]  Iteration 754:	res = 2.420E-03
[  NORMAL ]  Iteration 755:	res = 2.393E-03
[  NORMAL ]  Iteration 756:	res = 2.367E-03
[  NORMAL ]  Iteration 757:	res = 2.340E-03
[  NORMAL ]  Iteration 758:	res = 2.314E-03
[  NORMAL ]  Iteration 759:	res = 2.288E-03
[  NORMAL ]  Iteration 760:	res = 2.262E-03
[  NORMAL ]  Iteration 761:	res = 2.236E-03
[  NORMAL ]  Iteration 762:	res = 2.211E-03
[  NORMAL ]  Iteration 763:	res = 2.185E-03
[  NORMAL ]  Iteration 764:	res = 2.160E-03
[  NORMAL ]  Iteration 765:	res = 2.135E-03
[  NORMAL ]  Iteration 766:	res = 2.111E-03
[  NORMAL ]  Iteration 767:	res = 2.086E-03
[  NORMAL ]  Iteration 768:	res = 2.062E-03
[  NORMAL ]  Iteration 769:	res = 2.038E-03
[  NORMAL ]  Iteration 770:	res = 2.014E-03
[  NORMAL ]  Iteration 771:	res = 1.991E-03
[  NORMAL ]  Iteration 772:	res = 1.967E-03
[  NORMAL ]  Iteration 773:	res = 1.944E-03
[  NORMAL ]  Iteration 774:	res = 1.921E-03
[  NORMAL ]  Iteration 775:	res = 1.898E-03
[  NORMAL ]  Iteration 776:	res = 1.876E-03
[  NORMAL ]  Iteration 777:	res = 1.853E-03
[  NORMAL ]  Iteration 778:	res = 1.831E-03
[  NORMAL ]  Iteration 779:	res = 1.809E-03
[  NORMAL ]  Iteration 780:	res = 1.787E-03
[  NORMAL ]  Iteration 781:	res = 1.766E-03
[  NORMAL ]  Iteration 782:	res = 1.745E-03
[  NORMAL ]  Iteration 783:	res = 1.723E-03
[  NORMAL ]  Iteration 784:	res = 1.702E-03
[  NORMAL ]  Iteration 785:	res = 1.682E-03
[  NORMAL ]  Iteration 786:	res = 1.661E-03
[  NORMAL ]  Iteration 787:	res = 1.641E-03
[  NORMAL ]  Iteration 788:	res = 1.621E-03
[  NORMAL ]  Iteration 789:	res = 1.601E-03
[  NORMAL ]  Iteration 790:	res = 1.581E-03
[  NORMAL ]  Iteration 791:	res = 1.561E-03
[  NORMAL ]  Iteration 792:	res = 1.542E-03
[  NORMAL ]  Iteration 793:	res = 1.523E-03
[  NORMAL ]  Iteration 794:	res = 1.504E-03
[  NORMAL ]  Iteration 795:	res = 1.485E-03
[  NORMAL ]  Iteration 796:	res = 1.467E-03
[  NORMAL ]  Iteration 797:	res = 1.448E-03
[  NORMAL ]  Iteration 798:	res = 1.430E-03
[  NORMAL ]  Iteration 799:	res = 1.412E-03
[  NORMAL ]  Iteration 800:	res = 1.394E-03
[  NORMAL ]  Iteration 801:	res = 1.376E-03
[  NORMAL ]  Iteration 802:	res = 1.359E-03
[  NORMAL ]  Iteration 803:	res = 1.342E-03
[  NORMAL ]  Iteration 804:	res = 1.325E-03
[  NORMAL ]  Iteration 805:	res = 1.308E-03
[  NORMAL ]  Iteration 806:	res = 1.291E-03
[  NORMAL ]  Iteration 807:	res = 1.274E-03
[  NORMAL ]  Iteration 808:	res = 1.258E-03
[  NORMAL ]  Iteration 809:	res = 1.242E-03
[  NORMAL ]  Iteration 810:	res = 1.226E-03
[  NORMAL ]  Iteration 811:	res = 1.210E-03
[  NORMAL ]  Iteration 812:	res = 1.194E-03
[  NORMAL ]  Iteration 813:	res = 1.179E-03
[  NORMAL ]  Iteration 814:	res = 1.164E-03
[  NORMAL ]  Iteration 815:	res = 1.148E-03
[  NORMAL ]  Iteration 816:	res = 1.133E-03
[  NORMAL ]  Iteration 817:	res = 1.119E-03
[  NORMAL ]  Iteration 818:	res = 1.104E-03
[  NORMAL ]  Iteration 819:	res = 1.090E-03
[  NORMAL ]  Iteration 820:	res = 1.075E-03
[  NORMAL ]  Iteration 821:	res = 1.061E-03
[  NORMAL ]  Iteration 822:	res = 1.047E-03
[  NORMAL ]  Iteration 823:	res = 1.033E-03
[  NORMAL ]  Iteration 824:	res = 1.020E-03
[  NORMAL ]  Iteration 825:	res = 1.006E-03
[  NORMAL ]  Iteration 826:	res = 9.929E-04
[  NORMAL ]  Iteration 827:	res = 9.797E-04
[  NORMAL ]  Iteration 828:	res = 9.666E-04
[  NORMAL ]  Iteration 829:	res = 9.538E-04
[  NORMAL ]  Iteration 830:	res = 9.410E-04
[  NORMAL ]  Iteration 831:	res = 9.285E-04
[  NORMAL ]  Iteration 832:	res = 9.160E-04
[  NORMAL ]  Iteration 833:	res = 9.038E-04
[  NORMAL ]  Iteration 834:	res = 8.916E-04
[  NORMAL ]  Iteration 835:	res = 8.797E-04
[  NORMAL ]  Iteration 836:	res = 8.678E-04
[  NORMAL ]  Iteration 837:	res = 8.561E-04
[  NORMAL ]  Iteration 838:	res = 8.446E-04
[  NORMAL ]  Iteration 839:	res = 8.332E-04
[  NORMAL ]  Iteration 840:	res = 8.219E-04
[  NORMAL ]  Iteration 841:	res = 8.108E-04
[  NORMAL ]  Iteration 842:	res = 7.998E-04
[  NORMAL ]  Iteration 843:	res = 7.889E-04
[  NORMAL ]  Iteration 844:	res = 7.782E-04
[  NORMAL ]  Iteration 845:	res = 7.676E-04
[  NORMAL ]  Iteration 846:	res = 7.571E-04
[  NORMAL ]  Iteration 847:	res = 7.468E-04
[  NORMAL ]  Iteration 848:	res = 7.366E-04
[  NORMAL ]  Iteration 849:	res = 7.265E-04
[  NORMAL ]  Iteration 850:	res = 7.165E-04
[  NORMAL ]  Iteration 851:	res = 7.067E-04
[  NORMAL ]  Iteration 852:	res = 6.970E-04
[  NORMAL ]  Iteration 853:	res = 6.874E-04
[  NORMAL ]  Iteration 854:	res = 6.780E-04
[  NORMAL ]  Iteration 855:	res = 6.686E-04
[  NORMAL ]  Iteration 856:	res = 6.594E-04
[  NORMAL ]  Iteration 857:	res = 6.503E-04
[  NORMAL ]  Iteration 858:	res = 6.413E-04
[  NORMAL ]  Iteration 859:	res = 6.324E-04
[  NORMAL ]  Iteration 860:	res = 6.237E-04
[  NORMAL ]  Iteration 861:	res = 6.150E-04
[  NORMAL ]  Iteration 862:	res = 6.065E-04
[  NORMAL ]  Iteration 863:	res = 5.981E-04
[  NORMAL ]  Iteration 864:	res = 5.898E-04
[  NORMAL ]  Iteration 865:	res = 5.816E-04
[  NORMAL ]  Iteration 866:	res = 5.735E-04
[  NORMAL ]  Iteration 867:	res = 5.655E-04
[  NORMAL ]  Iteration 868:	res = 5.576E-04
[  NORMAL ]  Iteration 869:	res = 5.498E-04
[  NORMAL ]  Iteration 870:	res = 5.421E-04
[  NORMAL ]  Iteration 871:	res = 5.345E-04
[  NORMAL ]  Iteration 872:	res = 5.270E-04
[  NORMAL ]  Iteration 873:	res = 5.196E-04
[  NORMAL ]  Iteration 874:	res = 5.124E-04
[  NORMAL ]  Iteration 875:	res = 5.052E-04
[  NORMAL ]  Iteration 876:	res = 4.981E-04
[  NORMAL ]  Iteration 877:	res = 4.911E-04
[  NORMAL ]  Iteration 878:	res = 4.842E-04
[  NORMAL ]  Iteration 879:	res = 4.773E-04
[  NORMAL ]  Iteration 880:	res = 4.706E-04
[  NORMAL ]  Iteration 881:	res = 4.640E-04
[  NORMAL ]  Iteration 882:	res = 4.574E-04
[  NORMAL ]  Iteration 883:	res = 4.510E-04
[  NORMAL ]  Iteration 884:	res = 4.446E-04
[  NORMAL ]  Iteration 885:	res = 4.383E-04
[  NORMAL ]  Iteration 886:	res = 4.321E-04
[  NORMAL ]  Iteration 887:	res = 4.260E-04
[  NORMAL ]  Iteration 888:	res = 4.199E-04
[  NORMAL ]  Iteration 889:	res = 4.140E-04
[  NORMAL ]  Iteration 890:	res = 4.081E-04
[  NORMAL ]  Iteration 891:	res = 4.023E-04
[  NORMAL ]  Iteration 892:	res = 3.966E-04
[  NORMAL ]  Iteration 893:	res = 3.909E-04
[  NORMAL ]  Iteration 894:	res = 3.854E-04
[  NORMAL ]  Iteration 895:	res = 3.799E-04
[  NORMAL ]  Iteration 896:	res = 3.745E-04
[  NORMAL ]  Iteration 897:	res = 3.691E-04
[  NORMAL ]  Iteration 898:	res = 3.639E-04
[  NORMAL ]  Iteration 899:	res = 3.587E-04
[  NORMAL ]  Iteration 900:	res = 3.536E-04
[  NORMAL ]  Iteration 901:	res = 3.485E-04
[  NORMAL ]  Iteration 902:	res = 3.435E-04
[  NORMAL ]  Iteration 903:	res = 3.386E-04
[  NORMAL ]  Iteration 904:	res = 3.338E-04
[  NORMAL ]  Iteration 905:	res = 3.290E-04
[  NORMAL ]  Iteration 906:	res = 3.243E-04
[  NORMAL ]  Iteration 907:	res = 3.196E-04
[  NORMAL ]  Iteration 908:	res = 3.150E-04
[  NORMAL ]  Iteration 909:	res = 3.105E-04
[  NORMAL ]  Iteration 910:	res = 3.061E-04
[  NORMAL ]  Iteration 911:	res = 3.017E-04
[  NORMAL ]  Iteration 912:	res = 2.973E-04
[  NORMAL ]  Iteration 913:	res = 2.930E-04
[  NORMAL ]  Iteration 914:	res = 2.888E-04
[  NORMAL ]  Iteration 915:	res = 2.847E-04
[  NORMAL ]  Iteration 916:	res = 2.806E-04
[  NORMAL ]  Iteration 917:	res = 2.765E-04
[  NORMAL ]  Iteration 918:	res = 2.725E-04
[  NORMAL ]  Iteration 919:	res = 2.686E-04
[  NORMAL ]  Iteration 920:	res = 2.647E-04
[  NORMAL ]  Iteration 921:	res = 2.609E-04
[  NORMAL ]  Iteration 922:	res = 2.572E-04
[  NORMAL ]  Iteration 923:	res = 2.534E-04
[  NORMAL ]  Iteration 924:	res = 2.498E-04
[  NORMAL ]  Iteration 925:	res = 2.462E-04
[  NORMAL ]  Iteration 926:	res = 2.426E-04
[  NORMAL ]  Iteration 927:	res = 2.391E-04
[  NORMAL ]  Iteration 928:	res = 2.356E-04
[  NORMAL ]  Iteration 929:	res = 2.322E-04
[  NORMAL ]  Iteration 930:	res = 2.289E-04
[  NORMAL ]  Iteration 931:	res = 2.256E-04
[  NORMAL ]  Iteration 932:	res = 2.223E-04
[  NORMAL ]  Iteration 933:	res = 2.191E-04
[  NORMAL ]  Iteration 934:	res = 2.159E-04
[  NORMAL ]  Iteration 935:	res = 2.128E-04
[  NORMAL ]  Iteration 936:	res = 2.097E-04
[  NORMAL ]  Iteration 937:	res = 2.066E-04
[  NORMAL ]  Iteration 938:	res = 2.036E-04
[  NORMAL ]  Iteration 939:	res = 2.007E-04
[  NORMAL ]  Iteration 940:	res = 1.978E-04
[  NORMAL ]  Iteration 941:	res = 1.949E-04
[  NORMAL ]  Iteration 942:	res = 1.920E-04
[  NORMAL ]  Iteration 943:	res = 1.893E-04
[  NORMAL ]  Iteration 944:	res = 1.865E-04
[  NORMAL ]  Iteration 945:	res = 1.838E-04
[  NORMAL ]  Iteration 946:	res = 1.811E-04
[  NORMAL ]  Iteration 947:	res = 1.785E-04
[  NORMAL ]  Iteration 948:	res = 1.759E-04
[  NORMAL ]  Iteration 949:	res = 1.733E-04
[  NORMAL ]  Iteration 950:	res = 1.708E-04
[  NORMAL ]  Iteration 951:	res = 1.683E-04
[  NORMAL ]  Iteration 952:	res = 1.658E-04
[  NORMAL ]  Iteration 953:	res = 1.634E-04
[  NORMAL ]  Iteration 954:	res = 1.610E-04
[  NORMAL ]  Iteration 955:	res = 1.587E-04
[  NORMAL ]  Iteration 956:	res = 1.564E-04
[  NORMAL ]  Iteration 957:	res = 1.541E-04
[  NORMAL ]  Iteration 958:	res = 1.518E-04
[  NORMAL ]  Iteration 959:	res = 1.496E-04
[  NORMAL ]  Iteration 960:	res = 1.474E-04
[  NORMAL ]  Iteration 961:	res = 1.453E-04
[  NORMAL ]  Iteration 962:	res = 1.432E-04
[  NORMAL ]  Iteration 963:	res = 1.411E-04
[  NORMAL ]  Iteration 964:	res = 1.390E-04
[  NORMAL ]  Iteration 965:	res = 1.370E-04
[  NORMAL ]  Iteration 966:	res = 1.350E-04
[  NORMAL ]  Iteration 967:	res = 1.330E-04
[  NORMAL ]  Iteration 968:	res = 1.311E-04
[  NORMAL ]  Iteration 969:	res = 1.291E-04
[  NORMAL ]  Iteration 970:	res = 1.272E-04
[  NORMAL ]  Iteration 971:	res = 1.254E-04
[  NORMAL ]  Iteration 972:	res = 1.235E-04
[  NORMAL ]  Iteration 973:	res = 1.217E-04
[  NORMAL ]  Iteration 974:	res = 1.200E-04
[  NORMAL ]  Iteration 975:	res = 1.182E-04
[  NORMAL ]  Iteration 976:	res = 1.165E-04
[  NORMAL ]  Iteration 977:	res = 1.148E-04
[  NORMAL ]  Iteration 978:	res = 1.131E-04
[  NORMAL ]  Iteration 979:	res = 1.114E-04
[  NORMAL ]  Iteration 980:	res = 1.098E-04
[  NORMAL ]  Iteration 981:	res = 1.082E-04
[  NORMAL ]  Iteration 982:	res = 1.066E-04
[  NORMAL ]  Iteration 983:	res = 1.050E-04
[  NORMAL ]  Iteration 984:	res = 1.035E-04
[  NORMAL ]  Iteration 985:	res = 1.020E-04
[  NORMAL ]  Iteration 986:	res = 1.005E-04
[  NORMAL ]  Iteration 987:	res = 9.899E-05
[  NORMAL ]  Iteration 988:	res = 9.754E-05
[  NORMAL ]  Iteration 989:	res = 9.611E-05
[  NORMAL ]  Iteration 990:	res = 9.470E-05
[  NORMAL ]  Iteration 991:	res = 9.331E-05
[  NORMAL ]  Iteration 992:	res = 9.193E-05
[  NORMAL ]  Iteration 993:	res = 9.058E-05
[  NORMAL ]  Iteration 994:	res = 8.925E-05
[  NORMAL ]  Iteration 995:	res = 8.794E-05
[  NORMAL ]  Iteration 996:	res = 8.665E-05
[  NORMAL ]  Iteration 997:	res = 8.538E-05
[  NORMAL ]  Iteration 998:	res = 8.412E-05
[  NORMAL ]  Iteration 999:	res = 8.288E-05
[ WARNING ]  Unable to converge the source
[  TITLE  ]  *******************************************************************
[  TITLE  ]                             TIMING REPORT                           
[  TITLE  ]  *******************************************************************
[  RESULT ]  Total Track Generation & Segmentation Time...........9.7888E-02 sec
[  RESULT ]  Total time to solution...............................2.8184E+01 sec
[  RESULT ]    Solver initialization..............................0.0000E+00 sec
[  RESULT ]    Transport Sweep....................................2.3627E+01 sec
[  RESULT ]  Integration time by segment-group-thread (sweep).....3.9827E-08 sec
[  RESULT ]  Integration time by segment-group-thread (total).....4.7508E-08 sec
[SEPARATOR]  -------------------------------------------------------------------
[  RESULT ]             # tracks          # segments          # FSRs
[SEPARATOR]  -------------------------------------------------------------------
[  RESULT ]               1132             113000             10000             
[SEPARATOR]  -------------------------------------------------------------------
[  NORMAL ]  Plotting data...
[  NORMAL ]  Plotting the materials...
[  NORMAL ]  Plotting the cells...
[  NORMAL ]  Plotting the source regions...
[  NORMAL ]  Plotting the FSR scalar fluxes...
[  TITLE  ]  *******************************************************************
[  TITLE  ]                               Finished                             
[  TITLE  ]  *******************************************************************
