Current local time and date: Thu Sep  3 17:07:05 2026
[  NORMAL ]  Importing materials data from HDF5...
[  NORMAL ]  Creating surfaces...
[  NORMAL ]  Creating cells...
[  NORMAL ]  Creating universes...
[  NORMAL ]  Creating a 100x100x50 lattice...
[  NORMAL ]  Creating geometry...
[  NORMAL ]  Initializing flat source regions...
[  NORMAL ]  Initializing the track generator...
[  NORMAL ]  CPUs on rank 0 process: 0 1 2 3 4 5 6 7 
[  NORMAL ]  Initializing a default angular quadrature...
[  NORMAL ]  Initializing 2D tracks...
[  NORMAL ]  Initializing 2D tracks reflections...
[  NORMAL ]  Initializing 2D tracks array...
[  NORMAL ]  Ray tracing for 2D track segmentation...
[ WARNING ]  The Geometry was set with non-infinite z-boundaries and supplied
[ WARNING ]  ...  to a 2D TrackGenerator. The min-z boundary was set to -20.00 
[ WARNING ]  ... and the max-z boundary was set to 20.00. Z-boundaries are 
[ WARNING ]  ... assumed to be infinite in 2D TrackGenerators.
[  NORMAL ]  Progress Segmenting 2D tracks: 0.09 %
[  NORMAL ]  Progress Segmenting 2D tracks: 10.07 %
[  NORMAL ]  Progress Segmenting 2D tracks: 20.05 %
[  NORMAL ]  Progress Segmenting 2D tracks: 30.04 %
[  NORMAL ]  Progress Segmenting 2D tracks: 40.02 %
[  NORMAL ]  Progress Segmenting 2D tracks: 50.00 %
[  NORMAL ]  Progress Segmenting 2D tracks: 59.98 %
[  NORMAL ]  Progress Segmenting 2D tracks: 69.96 %
[  NORMAL ]  Progress Segmenting 2D tracks: 79.95 %
[  NORMAL ]  Progress Segmenting 2D tracks: 89.93 %
[  NORMAL ]  Progress Segmenting 2D tracks: 100.00 %
[  NORMAL ]  Initializing FSR lookup vectors
[  NORMAL ]  Total number of FSRs 10000
[  NORMAL ]  Computing the source...
[  NORMAL ]  Initializing solver arrays...
[  NORMAL ]  Centering segments around FSR centroid...
[  NORMAL ]  Max boundary angular flux storage per domain =   0.38 MB
[  NORMAL ]  Max scalar flux storage per domain =   0.56 MB
[  NORMAL ]  Max source storage per domain =   0.56 MB
[  NORMAL ]  Iteration 0:	res = 7.047E-02
[  NORMAL ]  Iteration 1:	res = 5.180E-02
[  NORMAL ]  Iteration 2:	res = 4.219E-02
[  NORMAL ]  Iteration 3:	res = 3.652E-02
[  NORMAL ]  Iteration 4:	res = 3.283E-02
[  NORMAL ]  Iteration 5:	res = 3.026E-02
[  NORMAL ]  Iteration 6:	res = 2.837E-02
[  NORMAL ]  Iteration 7:	res = 2.693E-02
[  NORMAL ]  Iteration 8:	res = 2.580E-02
[  NORMAL ]  Iteration 9:	res = 2.488E-02
[  NORMAL ]  Iteration 10:	res = 2.413E-02
[  NORMAL ]  Iteration 11:	res = 2.351E-02
[  NORMAL ]  Iteration 12:	res = 2.297E-02
[  NORMAL ]  Iteration 13:	res = 2.251E-02
[  NORMAL ]  Iteration 14:	res = 2.211E-02
[  NORMAL ]  Iteration 15:	res = 2.176E-02
[  NORMAL ]  Iteration 16:	res = 2.145E-02
[  NORMAL ]  Iteration 17:	res = 2.117E-02
[  NORMAL ]  Iteration 18:	res = 2.092E-02
[  NORMAL ]  Iteration 19:	res = 2.069E-02
[  NORMAL ]  Iteration 20:	res = 2.048E-02
[  NORMAL ]  Iteration 21:	res = 2.029E-02
[  NORMAL ]  Iteration 22:	res = 2.011E-02
[  NORMAL ]  Iteration 23:	res = 1.994E-02
[  NORMAL ]  Iteration 24:	res = 1.979E-02
[  NORMAL ]  Iteration 25:	res = 1.965E-02
[  NORMAL ]  Iteration 26:	res = 1.952E-02
[  NORMAL ]  Iteration 27:	res = 1.939E-02
[  NORMAL ]  Iteration 28:	res = 1.928E-02
[  NORMAL ]  Iteration 29:	res = 1.917E-02
[  NORMAL ]  Iteration 30:	res = 1.906E-02
[  NORMAL ]  Iteration 31:	res = 1.896E-02
[  NORMAL ]  Iteration 32:	res = 1.887E-02
[  NORMAL ]  Iteration 33:	res = 1.878E-02
[  NORMAL ]  Iteration 34:	res = 1.870E-02
[  NORMAL ]  Iteration 35:	res = 1.862E-02
[  NORMAL ]  Iteration 36:	res = 1.854E-02
[  NORMAL ]  Iteration 37:	res = 1.847E-02
[  NORMAL ]  Iteration 38:	res = 1.840E-02
[  NORMAL ]  Iteration 39:	res = 1.833E-02
[  NORMAL ]  Iteration 40:	res = 1.827E-02
[  NORMAL ]  Iteration 41:	res = 1.821E-02
[  NORMAL ]  Iteration 42:	res = 1.815E-02
[  NORMAL ]  Iteration 43:	res = 1.809E-02
[  NORMAL ]  Iteration 44:	res = 1.804E-02
[  NORMAL ]  Iteration 45:	res = 1.798E-02
[  NORMAL ]  Iteration 46:	res = 1.793E-02
[  NORMAL ]  Iteration 47:	res = 1.788E-02
[  NORMAL ]  Iteration 48:	res = 1.784E-02
[  NORMAL ]  Iteration 49:	res = 1.779E-02
[  NORMAL ]  Iteration 50:	res = 1.774E-02
[  NORMAL ]  Iteration 51:	res = 1.770E-02
[  NORMAL ]  Iteration 52:	res = 1.766E-02
[  NORMAL ]  Iteration 53:	res = 1.762E-02
[  NORMAL ]  Iteration 54:	res = 1.758E-02
[  NORMAL ]  Iteration 55:	res = 1.754E-02
[  NORMAL ]  Iteration 56:	res = 1.751E-02
[  NORMAL ]  Iteration 57:	res = 1.747E-02
[  NORMAL ]  Iteration 58:	res = 1.743E-02
[  NORMAL ]  Iteration 59:	res = 1.740E-02
[  NORMAL ]  Iteration 60:	res = 1.737E-02
[  NORMAL ]  Iteration 61:	res = 1.733E-02
[  NORMAL ]  Iteration 62:	res = 1.730E-02
[  NORMAL ]  Iteration 63:	res = 1.727E-02
[  NORMAL ]  Iteration 64:	res = 1.724E-02
[  NORMAL ]  Iteration 65:	res = 1.721E-02
[  NORMAL ]  Iteration 66:	res = 1.718E-02
[  NORMAL ]  Iteration 67:	res = 1.716E-02
[  NORMAL ]  Iteration 68:	res = 1.713E-02
[  NORMAL ]  Iteration 69:	res = 1.710E-02
[  NORMAL ]  Iteration 70:	res = 1.708E-02
[  NORMAL ]  Iteration 71:	res = 1.705E-02
[  NORMAL ]  Iteration 72:	res = 1.703E-02
[  NORMAL ]  Iteration 73:	res = 1.700E-02
[  NORMAL ]  Iteration 74:	res = 1.698E-02
[  NORMAL ]  Iteration 75:	res = 1.695E-02
[  NORMAL ]  Iteration 76:	res = 1.693E-02
[  NORMAL ]  Iteration 77:	res = 1.691E-02
[  NORMAL ]  Iteration 78:	res = 1.689E-02
[  NORMAL ]  Iteration 79:	res = 1.686E-02
[  NORMAL ]  Iteration 80:	res = 1.684E-02
[  NORMAL ]  Iteration 81:	res = 1.682E-02
[  NORMAL ]  Iteration 82:	res = 1.680E-02
[  NORMAL ]  Iteration 83:	res = 1.678E-02
[  NORMAL ]  Iteration 84:	res = 1.676E-02
[  NORMAL ]  Iteration 85:	res = 1.674E-02
[  NORMAL ]  Iteration 86:	res = 1.672E-02
[  NORMAL ]  Iteration 87:	res = 1.670E-02
[  NORMAL ]  Iteration 88:	res = 1.669E-02
[  NORMAL ]  Iteration 89:	res = 1.667E-02
[  NORMAL ]  Iteration 90:	res = 1.665E-02
[  NORMAL ]  Iteration 91:	res = 1.663E-02
[  NORMAL ]  Iteration 92:	res = 1.661E-02
[  NORMAL ]  Iteration 93:	res = 1.660E-02
[  NORMAL ]  Iteration 94:	res = 1.658E-02
[  NORMAL ]  Iteration 95:	res = 1.656E-02
[  NORMAL ]  Iteration 96:	res = 1.655E-02
[  NORMAL ]  Iteration 97:	res = 1.653E-02
[  NORMAL ]  Iteration 98:	res = 1.652E-02
[  NORMAL ]  Iteration 99:	res = 1.650E-02
[  NORMAL ]  Iteration 100:	res = 1.648E-02
[  NORMAL ]  Iteration 101:	res = 1.647E-02
[  NORMAL ]  Iteration 102:	res = 1.645E-02
[  NORMAL ]  Iteration 103:	res = 1.644E-02
[  NORMAL ]  Iteration 104:	res = 1.642E-02
[  NORMAL ]  Iteration 105:	res = 1.641E-02
[  NORMAL ]  Iteration 106:	res = 1.639E-02
[  NORMAL ]  Iteration 107:	res = 1.638E-02
[  NORMAL ]  Iteration 108:	res = 1.637E-02
[  NORMAL ]  Iteration 109:	res = 1.635E-02
[  NORMAL ]  Iteration 110:	res = 1.634E-02
[  NORMAL ]  Iteration 111:	res = 1.633E-02
[  NORMAL ]  Iteration 112:	res = 1.631E-02
[  NORMAL ]  Iteration 113:	res = 1.630E-02
[  NORMAL ]  Iteration 114:	res = 1.629E-02
[  NORMAL ]  Iteration 115:	res = 1.627E-02
[  NORMAL ]  Iteration 116:	res = 1.626E-02
[  NORMAL ]  Iteration 117:	res = 1.625E-02
[  NORMAL ]  Iteration 118:	res = 1.623E-02
[  NORMAL ]  Iteration 119:	res = 1.622E-02
[  NORMAL ]  Iteration 120:	res = 1.621E-02
[  NORMAL ]  Iteration 121:	res = 1.620E-02
[  NORMAL ]  Iteration 122:	res = 1.618E-02
[  NORMAL ]  Iteration 123:	res = 1.617E-02
[  NORMAL ]  Iteration 124:	res = 1.616E-02
[  NORMAL ]  Iteration 125:	res = 1.615E-02
[  NORMAL ]  Iteration 126:	res = 1.614E-02
[  NORMAL ]  Iteration 127:	res = 1.613E-02
[  NORMAL ]  Iteration 128:	res = 1.611E-02
[  NORMAL ]  Iteration 129:	res = 1.610E-02
[  NORMAL ]  Iteration 130:	res = 1.609E-02
[  NORMAL ]  Iteration 131:	res = 1.608E-02
[  NORMAL ]  Iteration 132:	res = 1.607E-02
[  NORMAL ]  Iteration 133:	res = 1.606E-02
[  NORMAL ]  Iteration 134:	res = 1.605E-02
[  NORMAL ]  Iteration 135:	res = 1.604E-02
[  NORMAL ]  Iteration 136:	res = 1.602E-02
[  NORMAL ]  Iteration 137:	res = 1.601E-02
[  NORMAL ]  Iteration 138:	res = 1.600E-02
[  NORMAL ]  Iteration 139:	res = 1.599E-02
[  NORMAL ]  Iteration 140:	res = 1.598E-02
[  NORMAL ]  Iteration 141:	res = 1.597E-02
[  NORMAL ]  Iteration 142:	res = 1.596E-02
[  NORMAL ]  Iteration 143:	res = 1.595E-02
[  NORMAL ]  Iteration 144:	res = 1.594E-02
[  NORMAL ]  Iteration 145:	res = 1.593E-02
[  NORMAL ]  Iteration 146:	res = 1.592E-02
[  NORMAL ]  Iteration 147:	res = 1.591E-02
[  NORMAL ]  Iteration 148:	res = 1.590E-02
[  NORMAL ]  Iteration 149:	res = 1.589E-02
[  NORMAL ]  Iteration 150:	res = 1.588E-02
[  NORMAL ]  Iteration 151:	res = 1.587E-02
[  NORMAL ]  Iteration 152:	res = 1.586E-02
[  NORMAL ]  Iteration 153:	res = 1.585E-02
[  NORMAL ]  Iteration 154:	res = 1.584E-02
[  NORMAL ]  Iteration 155:	res = 1.583E-02
[  NORMAL ]  Iteration 156:	res = 1.582E-02
[  NORMAL ]  Iteration 157:	res = 1.581E-02
[  NORMAL ]  Iteration 158:	res = 1.580E-02
[  NORMAL ]  Iteration 159:	res = 1.579E-02
[  NORMAL ]  Iteration 160:	res = 1.578E-02
[  NORMAL ]  Iteration 161:	res = 1.577E-02
[  NORMAL ]  Iteration 162:	res = 1.576E-02
[  NORMAL ]  Iteration 163:	res = 1.575E-02
[  NORMAL ]  Iteration 164:	res = 1.574E-02
[  NORMAL ]  Iteration 165:	res = 1.573E-02
[  NORMAL ]  Iteration 166:	res = 1.572E-02
[  NORMAL ]  Iteration 167:	res = 1.571E-02
[  NORMAL ]  Iteration 168:	res = 1.570E-02
[  NORMAL ]  Iteration 169:	res = 1.569E-02
[  NORMAL ]  Iteration 170:	res = 1.568E-02
[  NORMAL ]  Iteration 171:	res = 1.567E-02
[  NORMAL ]  Iteration 172:	res = 1.566E-02
[  NORMAL ]  Iteration 173:	res = 1.565E-02
[  NORMAL ]  Iteration 174:	res = 1.564E-02
[  NORMAL ]  Iteration 175:	res = 1.563E-02
[  NORMAL ]  Iteration 176:	res = 1.562E-02
[  NORMAL ]  Iteration 177:	res = 1.561E-02
[  NORMAL ]  Iteration 178:	res = 1.560E-02
[  NORMAL ]  Iteration 179:	res = 1.559E-02
[  NORMAL ]  Iteration 180:	res = 1.559E-02
[  NORMAL ]  Iteration 181:	res = 1.558E-02
[  NORMAL ]  Iteration 182:	res = 1.557E-02
[  NORMAL ]  Iteration 183:	res = 1.556E-02
[  NORMAL ]  Iteration 184:	res = 1.555E-02
[  NORMAL ]  Iteration 185:	res = 1.554E-02
[  NORMAL ]  Iteration 186:	res = 1.553E-02
[  NORMAL ]  Iteration 187:	res = 1.552E-02
[  NORMAL ]  Iteration 188:	res = 1.551E-02
[  NORMAL ]  Iteration 189:	res = 1.550E-02
[  NORMAL ]  Iteration 190:	res = 1.549E-02
[  NORMAL ]  Iteration 191:	res = 1.548E-02
[  NORMAL ]  Iteration 192:	res = 1.547E-02
[  NORMAL ]  Iteration 193:	res = 1.546E-02
[  NORMAL ]  Iteration 194:	res = 1.545E-02
[  NORMAL ]  Iteration 195:	res = 1.544E-02
[  NORMAL ]  Iteration 196:	res = 1.543E-02
[  NORMAL ]  Iteration 197:	res = 1.542E-02
[  NORMAL ]  Iteration 198:	res = 1.541E-02
[  NORMAL ]  Iteration 199:	res = 1.540E-02
[  NORMAL ]  Iteration 200:	res = 1.539E-02
[  NORMAL ]  Iteration 201:	res = 1.538E-02
[  NORMAL ]  Iteration 202:	res = 1.537E-02
[  NORMAL ]  Iteration 203:	res = 1.536E-02
[  NORMAL ]  Iteration 204:	res = 1.535E-02
[  NORMAL ]  Iteration 205:	res = 1.534E-02
[  NORMAL ]  Iteration 206:	res = 1.533E-02
[  NORMAL ]  Iteration 207:	res = 1.532E-02
[  NORMAL ]  Iteration 208:	res = 1.531E-02
[  NORMAL ]  Iteration 209:	res = 1.530E-02
[  NORMAL ]  Iteration 210:	res = 1.529E-02
[  NORMAL ]  Iteration 211:	res = 1.528E-02
[  NORMAL ]  Iteration 212:	res = 1.527E-02
[  NORMAL ]  Iteration 213:	res = 1.526E-02
[  NORMAL ]  Iteration 214:	res = 1.525E-02
[  NORMAL ]  Iteration 215:	res = 1.524E-02
[  NORMAL ]  Iteration 216:	res = 1.523E-02
[  NORMAL ]  Iteration 217:	res = 1.522E-02
[  NORMAL ]  Iteration 218:	res = 1.521E-02
[  NORMAL ]  Iteration 219:	res = 1.520E-02
[  NORMAL ]  Iteration 220:	res = 1.519E-02
[  NORMAL ]  Iteration 221:	res = 1.518E-02
[  NORMAL ]  Iteration 222:	res = 1.517E-02
[  NORMAL ]  Iteration 223:	res = 1.516E-02
[  NORMAL ]  Iteration 224:	res = 1.515E-02
[  NORMAL ]  Iteration 225:	res = 1.514E-02
[  NORMAL ]  Iteration 226:	res = 1.513E-02
[  NORMAL ]  Iteration 227:	res = 1.512E-02
[  NORMAL ]  Iteration 228:	res = 1.511E-02
[  NORMAL ]  Iteration 229:	res = 1.510E-02
[  NORMAL ]  Iteration 230:	res = 1.509E-02
[  NORMAL ]  Iteration 231:	res = 1.508E-02
[  NORMAL ]  Iteration 232:	res = 1.507E-02
[  NORMAL ]  Iteration 233:	res = 1.505E-02
[  NORMAL ]  Iteration 234:	res = 1.504E-02
[  NORMAL ]  Iteration 235:	res = 1.503E-02
[  NORMAL ]  Iteration 236:	res = 1.502E-02
[  NORMAL ]  Iteration 237:	res = 1.501E-02
[  NORMAL ]  Iteration 238:	res = 1.500E-02
[  NORMAL ]  Iteration 239:	res = 1.499E-02
[  NORMAL ]  Iteration 240:	res = 1.498E-02
[  NORMAL ]  Iteration 241:	res = 1.497E-02
[  NORMAL ]  Iteration 242:	res = 1.496E-02
[  NORMAL ]  Iteration 243:	res = 1.494E-02
[  NORMAL ]  Iteration 244:	res = 1.493E-02
[  NORMAL ]  Iteration 245:	res = 1.492E-02
[  NORMAL ]  Iteration 246:	res = 1.491E-02
[  NORMAL ]  Iteration 247:	res = 1.490E-02
[  NORMAL ]  Iteration 248:	res = 1.489E-02
[  NORMAL ]  Iteration 249:	res = 1.488E-02
[  NORMAL ]  Iteration 250:	res = 1.486E-02
[  NORMAL ]  Iteration 251:	res = 1.485E-02
[  NORMAL ]  Iteration 252:	res = 1.484E-02
[  NORMAL ]  Iteration 253:	res = 1.483E-02
[  NORMAL ]  Iteration 254:	res = 1.482E-02
[  NORMAL ]  Iteration 255:	res = 1.481E-02
[  NORMAL ]  Iteration 256:	res = 1.480E-02
[  NORMAL ]  Iteration 257:	res = 1.478E-02
[  NORMAL ]  Iteration 258:	res = 1.477E-02
[  NORMAL ]  Iteration 259:	res = 1.476E-02
[  NORMAL ]  Iteration 260:	res = 1.475E-02
[  NORMAL ]  Iteration 261:	res = 1.474E-02
[  NORMAL ]  Iteration 262:	res = 1.472E-02
[  NORMAL ]  Iteration 263:	res = 1.471E-02
[  NORMAL ]  Iteration 264:	res = 1.470E-02
[  NORMAL ]  Iteration 265:	res = 1.469E-02
[  NORMAL ]  Iteration 266:	res = 1.467E-02
[  NORMAL ]  Iteration 267:	res = 1.466E-02
[  NORMAL ]  Iteration 268:	res = 1.465E-02
[  NORMAL ]  Iteration 269:	res = 1.464E-02
[  NORMAL ]  Iteration 270:	res = 1.463E-02
[  NORMAL ]  Iteration 271:	res = 1.461E-02
[  NORMAL ]  Iteration 272:	res = 1.460E-02
[  NORMAL ]  Iteration 273:	res = 1.459E-02
[  NORMAL ]  Iteration 274:	res = 1.458E-02
[  NORMAL ]  Iteration 275:	res = 1.456E-02
[  NORMAL ]  Iteration 276:	res = 1.455E-02
[  NORMAL ]  Iteration 277:	res = 1.454E-02
[  NORMAL ]  Iteration 278:	res = 1.453E-02
[  NORMAL ]  Iteration 279:	res = 1.451E-02
[  NORMAL ]  Iteration 280:	res = 1.450E-02
[  NORMAL ]  Iteration 281:	res = 1.449E-02
[  NORMAL ]  Iteration 282:	res = 1.447E-02
[  NORMAL ]  Iteration 283:	res = 1.446E-02
[  NORMAL ]  Iteration 284:	res = 1.445E-02
[  NORMAL ]  Iteration 285:	res = 1.444E-02
[  NORMAL ]  Iteration 286:	res = 1.442E-02
[  NORMAL ]  Iteration 287:	res = 1.441E-02
[  NORMAL ]  Iteration 288:	res = 1.440E-02
[  NORMAL ]  Iteration 289:	res = 1.438E-02
[  NORMAL ]  Iteration 290:	res = 1.437E-02
[  NORMAL ]  Iteration 291:	res = 1.436E-02
[  NORMAL ]  Iteration 292:	res = 1.434E-02
[  NORMAL ]  Iteration 293:	res = 1.433E-02
[  NORMAL ]  Iteration 294:	res = 1.432E-02
[  NORMAL ]  Iteration 295:	res = 1.430E-02
[  NORMAL ]  Iteration 296:	res = 1.429E-02
[  NORMAL ]  Iteration 297:	res = 1.428E-02
[  NORMAL ]  Iteration 298:	res = 1.426E-02
[  NORMAL ]  Iteration 299:	res = 1.425E-02
[  NORMAL ]  Iteration 300:	res = 1.424E-02
[  NORMAL ]  Iteration 301:	res = 1.422E-02
[  NORMAL ]  Iteration 302:	res = 1.421E-02
[  NORMAL ]  Iteration 303:	res = 1.420E-02
[  NORMAL ]  Iteration 304:	res = 1.418E-02
[  NORMAL ]  Iteration 305:	res = 1.417E-02
[  NORMAL ]  Iteration 306:	res = 1.415E-02
[  NORMAL ]  Iteration 307:	res = 1.414E-02
[  NORMAL ]  Iteration 308:	res = 1.413E-02
[  NORMAL ]  Iteration 309:	res = 1.411E-02
[  NORMAL ]  Iteration 310:	res = 1.410E-02
[  NORMAL ]  Iteration 311:	res = 1.409E-02
[  NORMAL ]  Iteration 312:	res = 1.407E-02
[  NORMAL ]  Iteration 313:	res = 1.406E-02
[  NORMAL ]  Iteration 314:	res = 1.404E-02
[  NORMAL ]  Iteration 315:	res = 1.403E-02
[  NORMAL ]  Iteration 316:	res = 1.402E-02
[  NORMAL ]  Iteration 317:	res = 1.400E-02
[  NORMAL ]  Iteration 318:	res = 1.399E-02
[  NORMAL ]  Iteration 319:	res = 1.397E-02
[  NORMAL ]  Iteration 320:	res = 1.396E-02
[  NORMAL ]  Iteration 321:	res = 1.395E-02
[  NORMAL ]  Iteration 322:	res = 1.393E-02
[  NORMAL ]  Iteration 323:	res = 1.392E-02
[  NORMAL ]  Iteration 324:	res = 1.390E-02
[  NORMAL ]  Iteration 325:	res = 1.389E-02
[  NORMAL ]  Iteration 326:	res = 1.387E-02
[  NORMAL ]  Iteration 327:	res = 1.386E-02
[  NORMAL ]  Iteration 328:	res = 1.385E-02
[  NORMAL ]  Iteration 329:	res = 1.383E-02
[  NORMAL ]  Iteration 330:	res = 1.382E-02
[  NORMAL ]  Iteration 331:	res = 1.380E-02
[  NORMAL ]  Iteration 332:	res = 1.379E-02
[  NORMAL ]  Iteration 333:	res = 1.377E-02
[  NORMAL ]  Iteration 334:	res = 1.376E-02
[  NORMAL ]  Iteration 335:	res = 1.375E-02
[  NORMAL ]  Iteration 336:	res = 1.373E-02
[  NORMAL ]  Iteration 337:	res = 1.372E-02
[  NORMAL ]  Iteration 338:	res = 1.370E-02
[  NORMAL ]  Iteration 339:	res = 1.369E-02
[  NORMAL ]  Iteration 340:	res = 1.367E-02
[  NORMAL ]  Iteration 341:	res = 1.366E-02
[  NORMAL ]  Iteration 342:	res = 1.364E-02
[  NORMAL ]  Iteration 343:	res = 1.363E-02
[  NORMAL ]  Iteration 344:	res = 1.362E-02
[  NORMAL ]  Iteration 345:	res = 1.360E-02
[  NORMAL ]  Iteration 346:	res = 1.359E-02
[  NORMAL ]  Iteration 347:	res = 1.357E-02
[  NORMAL ]  Iteration 348:	res = 1.356E-02
[  NORMAL ]  Iteration 349:	res = 1.354E-02
[  NORMAL ]  Iteration 350:	res = 1.353E-02
[  NORMAL ]  Iteration 351:	res = 1.351E-02
[  NORMAL ]  Iteration 352:	res = 1.350E-02
[  NORMAL ]  Iteration 353:	res = 1.348E-02
[  NORMAL ]  Iteration 354:	res = 1.347E-02
[  NORMAL ]  Iteration 355:	res = 1.345E-02
[  NORMAL ]  Iteration 356:	res = 1.344E-02
[  NORMAL ]  Iteration 357:	res = 1.343E-02
[  NORMAL ]  Iteration 358:	res = 1.341E-02
[  NORMAL ]  Iteration 359:	res = 1.340E-02
[  NORMAL ]  Iteration 360:	res = 1.338E-02
[  NORMAL ]  Iteration 361:	res = 1.337E-02
[  NORMAL ]  Iteration 362:	res = 1.335E-02
[  NORMAL ]  Iteration 363:	res = 1.334E-02
[  NORMAL ]  Iteration 364:	res = 1.332E-02
[  NORMAL ]  Iteration 365:	res = 1.331E-02
[  NORMAL ]  Iteration 366:	res = 1.329E-02
[  NORMAL ]  Iteration 367:	res = 1.328E-02
[  NORMAL ]  Iteration 368:	res = 1.326E-02
[  NORMAL ]  Iteration 369:	res = 1.325E-02
[  NORMAL ]  Iteration 370:	res = 1.323E-02
[  NORMAL ]  Iteration 371:	res = 1.322E-02
[  NORMAL ]  Iteration 372:	res = 1.320E-02
[  NORMAL ]  Iteration 373:	res = 1.319E-02
[  NORMAL ]  Iteration 374:	res = 1.317E-02
[  NORMAL ]  Iteration 375:	res = 1.316E-02
[  NORMAL ]  Iteration 376:	res = 1.314E-02
[  NORMAL ]  Iteration 377:	res = 1.313E-02
[  NORMAL ]  Iteration 378:	res = 1.311E-02
[  NORMAL ]  Iteration 379:	res = 1.310E-02
[  NORMAL ]  Iteration 380:	res = 1.308E-02
[  NORMAL ]  Iteration 381:	res = 1.307E-02
[  NORMAL ]  Iteration 382:	res = 1.305E-02
[  NORMAL ]  Iteration 383:	res = 1.304E-02
[  NORMAL ]  Iteration 384:	res = 1.302E-02
[  NORMAL ]  Iteration 385:	res = 1.300E-02
[  NORMAL ]  Iteration 386:	res = 1.299E-02
[  NORMAL ]  Iteration 387:	res = 1.297E-02
[  NORMAL ]  Iteration 388:	res = 1.296E-02
[  NORMAL ]  Iteration 389:	res = 1.294E-02
[  NORMAL ]  Iteration 390:	res = 1.293E-02
[  NORMAL ]  Iteration 391:	res = 1.291E-02
[  NORMAL ]  Iteration 392:	res = 1.290E-02
[  NORMAL ]  Iteration 393:	res = 1.288E-02
[  NORMAL ]  Iteration 394:	res = 1.287E-02
[  NORMAL ]  Iteration 395:	res = 1.285E-02
[  NORMAL ]  Iteration 396:	res = 1.283E-02
[  NORMAL ]  Iteration 397:	res = 1.282E-02
[  NORMAL ]  Iteration 398:	res = 1.280E-02
[  NORMAL ]  Iteration 399:	res = 1.279E-02
[  NORMAL ]  Iteration 400:	res = 1.277E-02
[  NORMAL ]  Iteration 401:	res = 1.276E-02
[  NORMAL ]  Iteration 402:	res = 1.274E-02
[  NORMAL ]  Iteration 403:	res = 1.272E-02
[  NORMAL ]  Iteration 404:	res = 1.271E-02
[  NORMAL ]  Iteration 405:	res = 1.269E-02
[  NORMAL ]  Iteration 406:	res = 1.268E-02
[  NORMAL ]  Iteration 407:	res = 1.266E-02
[  NORMAL ]  Iteration 408:	res = 1.264E-02
[  NORMAL ]  Iteration 409:	res = 1.263E-02
[  NORMAL ]  Iteration 410:	res = 1.261E-02
[  NORMAL ]  Iteration 411:	res = 1.260E-02
[  NORMAL ]  Iteration 412:	res = 1.258E-02
[  NORMAL ]  Iteration 413:	res = 1.256E-02
[  NORMAL ]  Iteration 414:	res = 1.255E-02
[  NORMAL ]  Iteration 415:	res = 1.253E-02
[  NORMAL ]  Iteration 416:	res = 1.251E-02
[  NORMAL ]  Iteration 417:	res = 1.250E-02
[  NORMAL ]  Iteration 418:	res = 1.248E-02
[  NORMAL ]  Iteration 419:	res = 1.246E-02
[  NORMAL ]  Iteration 420:	res = 1.245E-02
[  NORMAL ]  Iteration 421:	res = 1.243E-02
[  NORMAL ]  Iteration 422:	res = 1.241E-02
[  NORMAL ]  Iteration 423:	res = 1.240E-02
[  NORMAL ]  Iteration 424:	res = 1.238E-02
[  NORMAL ]  Iteration 425:	res = 1.236E-02
[  NORMAL ]  Iteration 426:	res = 1.235E-02
[  NORMAL ]  Iteration 427:	res = 1.233E-02
[  NORMAL ]  Iteration 428:	res = 1.231E-02
[  NORMAL ]  Iteration 429:	res = 1.230E-02
[  NORMAL ]  Iteration 430:	res = 1.228E-02
[  NORMAL ]  Iteration 431:	res = 1.226E-02
[  NORMAL ]  Iteration 432:	res = 1.225E-02
[  NORMAL ]  Iteration 433:	res = 1.223E-02
[  NORMAL ]  Iteration 434:	res = 1.221E-02
[  NORMAL ]  Iteration 435:	res = 1.219E-02
[  NORMAL ]  Iteration 436:	res = 1.218E-02
[  NORMAL ]  Iteration 437:	res = 1.216E-02
[  NORMAL ]  Iteration 438:	res = 1.214E-02
[  NORMAL ]  Iteration 439:	res = 1.212E-02
[  NORMAL ]  Iteration 440:	res = 1.211E-02
[  NORMAL ]  Iteration 441:	res = 1.209E-02
[  NORMAL ]  Iteration 442:	res = 1.207E-02
[  NORMAL ]  Iteration 443:	res = 1.205E-02
[  NORMAL ]  Iteration 444:	res = 1.203E-02
[  NORMAL ]  Iteration 445:	res = 1.202E-02
[  NORMAL ]  Iteration 446:	res = 1.200E-02
[  NORMAL ]  Iteration 447:	res = 1.198E-02
[  NORMAL ]  Iteration 448:	res = 1.196E-02
[  NORMAL ]  Iteration 449:	res = 1.194E-02
[  NORMAL ]  Iteration 450:	res = 1.193E-02
[  NORMAL ]  Iteration 451:	res = 1.191E-02
[  NORMAL ]  Iteration 452:	res = 1.189E-02
[  NORMAL ]  Iteration 453:	res = 1.187E-02
[  NORMAL ]  Iteration 454:	res = 1.185E-02
[  NORMAL ]  Iteration 455:	res = 1.183E-02
[  NORMAL ]  Iteration 456:	res = 1.181E-02
[  NORMAL ]  Iteration 457:	res = 1.179E-02
[  NORMAL ]  Iteration 458:	res = 1.178E-02
[  NORMAL ]  Iteration 459:	res = 1.176E-02
[  NORMAL ]  Iteration 460:	res = 1.174E-02
[  NORMAL ]  Iteration 461:	res = 1.172E-02
[  NORMAL ]  Iteration 462:	res = 1.170E-02
[  NORMAL ]  Iteration 463:	res = 1.168E-02
[  NORMAL ]  Iteration 464:	res = 1.166E-02
[  NORMAL ]  Iteration 465:	res = 1.164E-02
[  NORMAL ]  Iteration 466:	res = 1.162E-02
[  NORMAL ]  Iteration 467:	res = 1.160E-02
[  NORMAL ]  Iteration 468:	res = 1.158E-02
[  NORMAL ]  Iteration 469:	res = 1.156E-02
[  NORMAL ]  Iteration 470:	res = 1.154E-02
[  NORMAL ]  Iteration 471:	res = 1.152E-02
[  NORMAL ]  Iteration 472:	res = 1.150E-02
[  NORMAL ]  Iteration 473:	res = 1.148E-02
[  NORMAL ]  Iteration 474:	res = 1.146E-02
[  NORMAL ]  Iteration 475:	res = 1.144E-02
[  NORMAL ]  Iteration 476:	res = 1.142E-02
[  NORMAL ]  Iteration 477:	res = 1.140E-02
[  NORMAL ]  Iteration 478:	res = 1.138E-02
[  NORMAL ]  Iteration 479:	res = 1.136E-02
[  NORMAL ]  Iteration 480:	res = 1.134E-02
[  NORMAL ]  Iteration 481:	res = 1.132E-02
[  NORMAL ]  Iteration 482:	res = 1.130E-02
[  NORMAL ]  Iteration 483:	res = 1.127E-02
[  NORMAL ]  Iteration 484:	res = 1.125E-02
[  NORMAL ]  Iteration 485:	res = 1.123E-02
[  NORMAL ]  Iteration 486:	res = 1.121E-02
[  NORMAL ]  Iteration 487:	res = 1.119E-02
[  NORMAL ]  Iteration 488:	res = 1.117E-02
[  NORMAL ]  Iteration 489:	res = 1.114E-02
[  NORMAL ]  Iteration 490:	res = 1.112E-02
[  NORMAL ]  Iteration 491:	res = 1.110E-02
[  NORMAL ]  Iteration 492:	res = 1.108E-02
[  NORMAL ]  Iteration 493:	res = 1.106E-02
[  NORMAL ]  Iteration 494:	res = 1.103E-02
[  NORMAL ]  Iteration 495:	res = 1.101E-02
[  NORMAL ]  Iteration 496:	res = 1.099E-02
[  NORMAL ]  Iteration 497:	res = 1.097E-02
[  NORMAL ]  Iteration 498:	res = 1.094E-02
[  NORMAL ]  Iteration 499:	res = 1.092E-02
[  NORMAL ]  Iteration 500:	res = 1.090E-02
[  NORMAL ]  Iteration 501:	res = 1.087E-02
[  NORMAL ]  Iteration 502:	res = 1.085E-02
[  NORMAL ]  Iteration 503:	res = 1.083E-02
[  NORMAL ]  Iteration 504:	res = 1.080E-02
[  NORMAL ]  Iteration 505:	res = 1.078E-02
[  NORMAL ]  Iteration 506:	res = 1.076E-02
[  NORMAL ]  Iteration 507:	res = 1.073E-02
[  NORMAL ]  Iteration 508:	res = 1.071E-02
[  NORMAL ]  Iteration 509:	res = 1.069E-02
[  NORMAL ]  Iteration 510:	res = 1.066E-02
[  NORMAL ]  Iteration 511:	res = 1.064E-02
[  NORMAL ]  Iteration 512:	res = 1.061E-02
[  NORMAL ]  Iteration 513:	res = 1.059E-02
[  NORMAL ]  Iteration 514:	res = 1.056E-02
[  NORMAL ]  Iteration 515:	res = 1.054E-02
[  NORMAL ]  Iteration 516:	res = 1.051E-02
[  NORMAL ]  Iteration 517:	res = 1.049E-02
[  NORMAL ]  Iteration 518:	res = 1.046E-02
[  NORMAL ]  Iteration 519:	res = 1.044E-02
[  NORMAL ]  Iteration 520:	res = 1.041E-02
[  NORMAL ]  Iteration 521:	res = 1.039E-02
[  NORMAL ]  Iteration 522:	res = 1.036E-02
[  NORMAL ]  Iteration 523:	res = 1.034E-02
[  NORMAL ]  Iteration 524:	res = 1.031E-02
[  NORMAL ]  Iteration 525:	res = 1.029E-02
[  NORMAL ]  Iteration 526:	res = 1.026E-02
[  NORMAL ]  Iteration 527:	res = 1.023E-02
[  NORMAL ]  Iteration 528:	res = 1.021E-02
[  NORMAL ]  Iteration 529:	res = 1.018E-02
[  NORMAL ]  Iteration 530:	res = 1.015E-02
[  NORMAL ]  Iteration 531:	res = 1.013E-02
[  NORMAL ]  Iteration 532:	res = 1.010E-02
[  NORMAL ]  Iteration 533:	res = 1.007E-02
[  NORMAL ]  Iteration 534:	res = 1.005E-02
[  NORMAL ]  Iteration 535:	res = 1.002E-02
[  NORMAL ]  Iteration 536:	res = 9.990E-03
[  NORMAL ]  Iteration 537:	res = 9.963E-03
[  NORMAL ]  Iteration 538:	res = 9.935E-03
[  NORMAL ]  Iteration 539:	res = 9.907E-03
[  NORMAL ]  Iteration 540:	res = 9.879E-03
[  NORMAL ]  Iteration 541:	res = 9.851E-03
[  NORMAL ]  Iteration 542:	res = 9.823E-03
[  NORMAL ]  Iteration 543:	res = 9.795E-03
[  NORMAL ]  Iteration 544:	res = 9.766E-03
[  NORMAL ]  Iteration 545:	res = 9.737E-03
[  NORMAL ]  Iteration 546:	res = 9.709E-03
[  NORMAL ]  Iteration 547:	res = 9.680E-03
[  NORMAL ]  Iteration 548:	res = 9.651E-03
[  NORMAL ]  Iteration 549:	res = 9.621E-03
[  NORMAL ]  Iteration 550:	res = 9.592E-03
[  NORMAL ]  Iteration 551:	res = 9.562E-03
[  NORMAL ]  Iteration 552:	res = 9.533E-03
[  NORMAL ]  Iteration 553:	res = 9.503E-03
[  NORMAL ]  Iteration 554:	res = 9.473E-03
[  NORMAL ]  Iteration 555:	res = 9.443E-03
[  NORMAL ]  Iteration 556:	res = 9.413E-03
[  NORMAL ]  Iteration 557:	res = 9.383E-03
[  NORMAL ]  Iteration 558:	res = 9.352E-03
[  NORMAL ]  Iteration 559:	res = 9.322E-03
[  NORMAL ]  Iteration 560:	res = 9.291E-03
[  NORMAL ]  Iteration 561:	res = 9.260E-03
[  NORMAL ]  Iteration 562:	res = 9.229E-03
[  NORMAL ]  Iteration 563:	res = 9.198E-03
[  NORMAL ]  Iteration 564:	res = 9.167E-03
[  NORMAL ]  Iteration 565:	res = 9.135E-03
[  NORMAL ]  Iteration 566:	res = 9.104E-03
[  NORMAL ]  Iteration 567:	res = 9.072E-03
[  NORMAL ]  Iteration 568:	res = 9.040E-03
[  NORMAL ]  Iteration 569:	res = 9.008E-03
[  NORMAL ]  Iteration 570:	res = 8.976E-03
[  NORMAL ]  Iteration 571:	res = 8.944E-03
[  NORMAL ]  Iteration 572:	res = 8.911E-03
[  NORMAL ]  Iteration 573:	res = 8.879E-03
[  NORMAL ]  Iteration 574:	res = 8.846E-03
[  NORMAL ]  Iteration 575:	res = 8.814E-03
[  NORMAL ]  Iteration 576:	res = 8.781E-03
[  NORMAL ]  Iteration 577:	res = 8.748E-03
[  NORMAL ]  Iteration 578:	res = 8.714E-03
[  NORMAL ]  Iteration 579:	res = 8.681E-03
[  NORMAL ]  Iteration 580:	res = 8.648E-03
[  NORMAL ]  Iteration 581:	res = 8.614E-03
[  NORMAL ]  Iteration 582:	res = 8.580E-03
[  NORMAL ]  Iteration 583:	res = 8.547E-03
[  NORMAL ]  Iteration 584:	res = 8.513E-03
[  NORMAL ]  Iteration 585:	res = 8.479E-03
[  NORMAL ]  Iteration 586:	res = 8.444E-03
[  NORMAL ]  Iteration 587:	res = 8.410E-03
[  NORMAL ]  Iteration 588:	res = 8.376E-03
[  NORMAL ]  Iteration 589:	res = 8.341E-03
[  NORMAL ]  Iteration 590:	res = 8.306E-03
[  NORMAL ]  Iteration 591:	res = 8.271E-03
[  NORMAL ]  Iteration 592:	res = 8.236E-03
[  NORMAL ]  Iteration 593:	res = 8.201E-03
[  NORMAL ]  Iteration 594:	res = 8.166E-03
[  NORMAL ]  Iteration 595:	res = 8.131E-03
[  NORMAL ]  Iteration 596:	res = 8.095E-03
[  NORMAL ]  Iteration 597:	res = 8.060E-03
[  NORMAL ]  Iteration 598:	res = 8.024E-03
[  NORMAL ]  Iteration 599:	res = 7.988E-03
[  NORMAL ]  Iteration 600:	res = 7.952E-03
[  NORMAL ]  Iteration 601:	res = 7.916E-03
[  NORMAL ]  Iteration 602:	res = 7.880E-03
[  NORMAL ]  Iteration 603:	res = 7.844E-03
[  NORMAL ]  Iteration 604:	res = 7.808E-03
[  NORMAL ]  Iteration 605:	res = 7.771E-03
[  NORMAL ]  Iteration 606:	res = 7.735E-03
[  NORMAL ]  Iteration 607:	res = 7.698E-03
[  NORMAL ]  Iteration 608:	res = 7.661E-03
[  NORMAL ]  Iteration 609:	res = 7.624E-03
[  NORMAL ]  Iteration 610:	res = 7.588E-03
[  NORMAL ]  Iteration 611:	res = 7.550E-03
[  NORMAL ]  Iteration 612:	res = 7.513E-03
[  NORMAL ]  Iteration 613:	res = 7.476E-03
[  NORMAL ]  Iteration 614:	res = 7.439E-03
[  NORMAL ]  Iteration 615:	res = 7.401E-03
[  NORMAL ]  Iteration 616:	res = 7.364E-03
[  NORMAL ]  Iteration 617:	res = 7.326E-03
[  NORMAL ]  Iteration 618:	res = 7.288E-03
[  NORMAL ]  Iteration 619:	res = 7.251E-03
[  NORMAL ]  Iteration 620:	res = 7.213E-03
[  NORMAL ]  Iteration 621:	res = 7.175E-03
[  NORMAL ]  Iteration 622:	res = 7.137E-03
[  NORMAL ]  Iteration 623:	res = 7.099E-03
[  NORMAL ]  Iteration 624:	res = 7.061E-03
[  NORMAL ]  Iteration 625:	res = 7.022E-03
[  NORMAL ]  Iteration 626:	res = 6.984E-03
[  NORMAL ]  Iteration 627:	res = 6.946E-03
[  NORMAL ]  Iteration 628:	res = 6.907E-03
[  NORMAL ]  Iteration 629:	res = 6.869E-03
[  NORMAL ]  Iteration 630:	res = 6.830E-03
[  NORMAL ]  Iteration 631:	res = 6.791E-03
[  NORMAL ]  Iteration 632:	res = 6.753E-03
[  NORMAL ]  Iteration 633:	res = 6.714E-03
[  NORMAL ]  Iteration 634:	res = 6.675E-03
[  NORMAL ]  Iteration 635:	res = 6.636E-03
[  NORMAL ]  Iteration 636:	res = 6.597E-03
[  NORMAL ]  Iteration 637:	res = 6.558E-03
[  NORMAL ]  Iteration 638:	res = 6.519E-03
[  NORMAL ]  Iteration 639:	res = 6.480E-03
[  NORMAL ]  Iteration 640:	res = 6.441E-03
[  NORMAL ]  Iteration 641:	res = 6.402E-03
[  NORMAL ]  Iteration 642:	res = 6.363E-03
[  NORMAL ]  Iteration 643:	res = 6.324E-03
[  NORMAL ]  Iteration 644:	res = 6.285E-03
[  NORMAL ]  Iteration 645:	res = 6.245E-03
[  NORMAL ]  Iteration 646:	res = 6.206E-03
[  NORMAL ]  Iteration 647:	res = 6.167E-03
[  NORMAL ]  Iteration 648:	res = 6.127E-03
[  NORMAL ]  Iteration 649:	res = 6.088E-03
[  NORMAL ]  Iteration 650:	res = 6.049E-03
[  NORMAL ]  Iteration 651:	res = 6.009E-03
[  NORMAL ]  Iteration 652:	res = 5.970E-03
[  NORMAL ]  Iteration 653:	res = 5.931E-03
[  NORMAL ]  Iteration 654:	res = 5.891E-03
[  NORMAL ]  Iteration 655:	res = 5.852E-03
[  NORMAL ]  Iteration 656:	res = 5.813E-03
[  NORMAL ]  Iteration 657:	res = 5.773E-03
[  NORMAL ]  Iteration 658:	res = 5.734E-03
[  NORMAL ]  Iteration 659:	res = 5.695E-03
[  NORMAL ]  Iteration 660:	res = 5.655E-03
[  NORMAL ]  Iteration 661:	res = 5.616E-03
[  NORMAL ]  Iteration 662:	res = 5.577E-03
[  NORMAL ]  Iteration 663:	res = 5.537E-03
[  NORMAL ]  Iteration 664:	res = 5.498E-03
[  NORMAL ]  Iteration 665:	res = 5.459E-03
[  NORMAL ]  Iteration 666:	res = 5.420E-03
[  NORMAL ]  Iteration 667:	res = 5.381E-03
[  NORMAL ]  Iteration 668:	res = 5.341E-03
[  NORMAL ]  Iteration 669:	res = 5.302E-03
[  NORMAL ]  Iteration 670:	res = 5.263E-03
[  NORMAL ]  Iteration 671:	res = 5.224E-03
[  NORMAL ]  Iteration 672:	res = 5.185E-03
[  NORMAL ]  Iteration 673:	res = 5.147E-03
[  NORMAL ]  Iteration 674:	res = 5.108E-03
[  NORMAL ]  Iteration 675:	res = 5.069E-03
[  NORMAL ]  Iteration 676:	res = 5.030E-03
[  NORMAL ]  Iteration 677:	res = 4.992E-03
[  NORMAL ]  Iteration 678:	res = 4.953E-03
[  NORMAL ]  Iteration 679:	res = 4.914E-03
[  NORMAL ]  Iteration 680:	res = 4.876E-03
[  NORMAL ]  Iteration 681:	res = 4.838E-03
[  NORMAL ]  Iteration 682:	res = 4.799E-03
[  NORMAL ]  Iteration 683:	res = 4.761E-03
[  NORMAL ]  Iteration 684:	res = 4.723E-03
[  NORMAL ]  Iteration 685:	res = 4.685E-03
[  NORMAL ]  Iteration 686:	res = 4.647E-03
[  NORMAL ]  Iteration 687:	res = 4.609E-03
[  NORMAL ]  Iteration 688:	res = 4.571E-03
[  NORMAL ]  Iteration 689:	res = 4.534E-03
[  NORMAL ]  Iteration 690:	res = 4.496E-03
[  NORMAL ]  Iteration 691:	res = 4.458E-03
[  NORMAL ]  Iteration 692:	res = 4.421E-03
[  NORMAL ]  Iteration 693:	res = 4.384E-03
[  NORMAL ]  Iteration 694:	res = 4.347E-03
[  NORMAL ]  Iteration 695:	res = 4.310E-03
[  NORMAL ]  Iteration 696:	res = 4.273E-03
[  NORMAL ]  Iteration 697:	res = 4.236E-03
[  NORMAL ]  Iteration 698:	res = 4.199E-03
[  NORMAL ]  Iteration 699:	res = 4.162E-03
[  NORMAL ]  Iteration 700:	res = 4.126E-03
[  NORMAL ]  Iteration 701:	res = 4.090E-03
[  NORMAL ]  Iteration 702:	res = 4.053E-03
[  NORMAL ]  Iteration 703:	res = 4.017E-03
[  NORMAL ]  Iteration 704:	res = 3.981E-03
[  NORMAL ]  Iteration 705:	res = 3.946E-03
[  NORMAL ]  Iteration 706:	res = 3.910E-03
[  NORMAL ]  Iteration 707:	res = 3.874E-03
[  NORMAL ]  Iteration 708:	res = 3.839E-03
[  NORMAL ]  Iteration 709:	res = 3.804E-03
[  NORMAL ]  Iteration 710:	res = 3.769E-03
[  NORMAL ]  Iteration 711:	res = 3.734E-03
[  NORMAL ]  Iteration 712:	res = 3.699E-03
[  NORMAL ]  Iteration 713:	res = 3.664E-03
[  NORMAL ]  Iteration 714:	res = 3.630E-03
[  NORMAL ]  Iteration 715:	res = 3.596E-03
[  NORMAL ]  Iteration 716:	res = 3.561E-03
[  NORMAL ]  Iteration 717:	res = 3.527E-03
[  NORMAL ]  Iteration 718:	res = 3.494E-03
[  NORMAL ]  Iteration 719:	res = 3.460E-03
[  NORMAL ]  Iteration 720:	res = 3.426E-03
[  NORMAL ]  Iteration 721:	res = 3.393E-03
[  NORMAL ]  Iteration 722:	res = 3.360E-03
[  NORMAL ]  Iteration 723:	res = 3.327E-03
[  NORMAL ]  Iteration 724:	res = 3.294E-03
[  NORMAL ]  Iteration 725:	res = 3.261E-03
[  NORMAL ]  Iteration 726:	res = 3.229E-03
[  NORMAL ]  Iteration 727:	res = 3.197E-03
[  NORMAL ]  Iteration 728:	res = 3.165E-03
[  NORMAL ]  Iteration 729:	res = 3.133E-03
[  NORMAL ]  Iteration 730:	res = 3.101E-03
[  NORMAL ]  Iteration 731:	res = 3.070E-03
[  NORMAL ]  Iteration 732:	res = 3.038E-03
[  NORMAL ]  Iteration 733:	res = 3.007E-03
[  NORMAL ]  Iteration 734:	res = 2.976E-03
[  NORMAL ]  Iteration 735:	res = 2.945E-03
[  NORMAL ]  Iteration 736:	res = 2.915E-03
[  NORMAL ]  Iteration 737:	res = 2.884E-03
[  NORMAL ]  Iteration 738:	res = 2.854E-03
[  NORMAL ]  Iteration 739:	res = 2.824E-03
[  NORMAL ]  Iteration 740:	res = 2.794E-03
[  NORMAL ]  Iteration 741:	res = 2.765E-03
[  NORMAL ]  Iteration 742:	res = 2.735E-03
[  NORMAL ]  Iteration 743:	res = 2.706E-03
[  NORMAL ]  Iteration 744:	res = 2.677E-03
[  NORMAL ]  Iteration 745:	res = 2.648E-03
[  NORMAL ]  Iteration 746:	res = 2.620E-03
[  NORMAL ]  Iteration 747:	res = 2.591E-03
[  NORMAL ]  Iteration 748:	res = 2.563E-03
[  NORMAL ]  Iteration 749:	res = 2.535E-03
[  NORMAL ]  Iteration 750:	res = 2.507E-03
[  NORMAL ]  Iteration 751:	res = 2.480E-03
[  NORMAL ]  Iteration 752:	res = 2.452E-03
[  NORMAL ]  Iteration 753:	res = 2.425E-03
[  NORMAL ]  Iteration 754:	res = 2.398E-03
[  NORMAL ]  Iteration 755:	res = 2.371E-03
[  NORMAL ]  Iteration 756:	res = 2.345E-03
[  NORMAL ]  Iteration 757:	res = 2.318E-03
[  NORMAL ]  Iteration 758:	res = 2.292E-03
[  NORMAL ]  Iteration 759:	res = 2.266E-03
[  NORMAL ]  Iteration 760:	res = 2.241E-03
[  NORMAL ]  Iteration 761:	res = 2.215E-03
[  NORMAL ]  Iteration 762:	res = 2.190E-03
[  NORMAL ]  Iteration 763:	res = 2.165E-03
[  NORMAL ]  Iteration 764:	res = 2.140E-03
[  NORMAL ]  Iteration 765:	res = 2.115E-03
[  NORMAL ]  Iteration 766:	res = 2.091E-03
[  NORMAL ]  Iteration 767:	res = 2.066E-03
[  NORMAL ]  Iteration 768:	res = 2.042E-03
[  NORMAL ]  Iteration 769:	res = 2.018E-03
[  NORMAL ]  Iteration 770:	res = 1.995E-03
[  NORMAL ]  Iteration 771:	res = 1.971E-03
[  NORMAL ]  Iteration 772:	res = 1.948E-03
[  NORMAL ]  Iteration 773:	res = 1.925E-03
[  NORMAL ]  Iteration 774:	res = 1.902E-03
[  NORMAL ]  Iteration 775:	res = 1.880E-03
[  NORMAL ]  Iteration 776:	res = 1.857E-03
[  NORMAL ]  Iteration 777:	res = 1.835E-03
[  NORMAL ]  Iteration 778:	res = 1.813E-03
[  NORMAL ]  Iteration 779:	res = 1.791E-03
[  NORMAL ]  Iteration 780:	res = 1.770E-03
[  NORMAL ]  Iteration 781:	res = 1.748E-03
[  NORMAL ]  Iteration 782:	res = 1.727E-03
[  NORMAL ]  Iteration 783:	res = 1.706E-03
[  NORMAL ]  Iteration 784:	res = 1.685E-03
[  NORMAL ]  Iteration 785:	res = 1.665E-03
[  NORMAL ]  Iteration 786:	res = 1.644E-03
[  NORMAL ]  Iteration 787:	res = 1.624E-03
[  NORMAL ]  Iteration 788:	res = 1.604E-03
[  NORMAL ]  Iteration 789:	res = 1.584E-03
[  NORMAL ]  Iteration 790:	res = 1.565E-03
[  NORMAL ]  Iteration 791:	res = 1.545E-03
[  NORMAL ]  Iteration 792:	res = 1.526E-03
[  NORMAL ]  Iteration 793:	res = 1.507E-03
[  NORMAL ]  Iteration 794:	res = 1.488E-03
[  NORMAL ]  Iteration 795:	res = 1.470E-03
[  NORMAL ]  Iteration 796:	res = 1.451E-03
[  NORMAL ]  Iteration 797:	res = 1.433E-03
[  NORMAL ]  Iteration 798:	res = 1.415E-03
[  NORMAL ]  Iteration 799:	res = 1.397E-03
[  NORMAL ]  Iteration 800:	res = 1.379E-03
[  NORMAL ]  Iteration 801:	res = 1.362E-03
[  NORMAL ]  Iteration 802:	res = 1.345E-03
[  NORMAL ]  Iteration 803:	res = 1.328E-03
[  NORMAL ]  Iteration 804:	res = 1.311E-03
[  NORMAL ]  Iteration 805:	res = 1.294E-03
[  NORMAL ]  Iteration 806:	res = 1.277E-03
[  NORMAL ]  Iteration 807:	res = 1.261E-03
[  NORMAL ]  Iteration 808:	res = 1.245E-03
[  NORMAL ]  Iteration 809:	res = 1.229E-03
[  NORMAL ]  Iteration 810:	res = 1.213E-03
[  NORMAL ]  Iteration 811:	res = 1.197E-03
[  NORMAL ]  Iteration 812:	res = 1.182E-03
[  NORMAL ]  Iteration 813:	res = 1.166E-03
[  NORMAL ]  Iteration 814:	res = 1.151E-03
[  NORMAL ]  Iteration 815:	res = 1.136E-03
[  NORMAL ]  Iteration 816:	res = 1.121E-03
[  NORMAL ]  Iteration 817:	res = 1.107E-03
[  NORMAL ]  Iteration 818:	res = 1.092E-03
[  NORMAL ]  Iteration 819:	res = 1.078E-03
[  NORMAL ]  Iteration 820:	res = 1.064E-03
[  NORMAL ]  Iteration 821:	res = 1.050E-03
[  NORMAL ]  Iteration 822:	res = 1.036E-03
[  NORMAL ]  Iteration 823:	res = 1.022E-03
[  NORMAL ]  Iteration 824:	res = 1.008E-03
[  NORMAL ]  Iteration 825:	res = 9.951E-04
[  NORMAL ]  Iteration 826:	res = 9.819E-04
[  NORMAL ]  Iteration 827:	res = 9.688E-04
[  NORMAL ]  Iteration 828:	res = 9.559E-04
[  NORMAL ]  Iteration 829:	res = 9.432E-04
[  NORMAL ]  Iteration 830:	res = 9.306E-04
[  NORMAL ]  Iteration 831:	res = 9.181E-04
[  NORMAL ]  Iteration 832:	res = 9.058E-04
[  NORMAL ]  Iteration 833:	res = 8.937E-04
[  NORMAL ]  Iteration 834:	res = 8.817E-04
[  NORMAL ]  Iteration 835:	res = 8.698E-04
[  NORMAL ]  Iteration 836:	res = 8.581E-04
[  NORMAL ]  Iteration 837:	res = 8.465E-04
[  NORMAL ]  Iteration 838:	res = 8.351E-04
[  NORMAL ]  Iteration 839:	res = 8.238E-04
[  NORMAL ]  Iteration 840:	res = 8.126E-04
[  NORMAL ]  Iteration 841:	res = 8.016E-04
[  NORMAL ]  Iteration 842:	res = 7.907E-04
[  NORMAL ]  Iteration 843:	res = 7.799E-04
[  NORMAL ]  Iteration 844:	res = 7.693E-04
[  NORMAL ]  Iteration 845:	res = 7.588E-04
[  NORMAL ]  Iteration 846:	res = 7.485E-04
[  NORMAL ]  Iteration 847:	res = 7.383E-04
[  NORMAL ]  Iteration 848:	res = 7.282E-04
[  NORMAL ]  Iteration 849:	res = 7.182E-04
[  NORMAL ]  Iteration 850:	res = 7.083E-04
[  NORMAL ]  Iteration 851:	res = 6.986E-04
[  NORMAL ]  Iteration 852:	res = 6.890E-04
[  NORMAL ]  Iteration 853:	res = 6.795E-04
[  NORMAL ]  Iteration 854:	res = 6.702E-04
[  NORMAL ]  Iteration 855:	res = 6.609E-04
[  NORMAL ]  Iteration 856:	res = 6.518E-04
[  NORMAL ]  Iteration 857:	res = 6.428E-04
[  NORMAL ]  Iteration 858:	res = 6.339E-04
[  NORMAL ]  Iteration 859:	res = 6.251E-04
[  NORMAL ]  Iteration 860:	res = 6.165E-04
[  NORMAL ]  Iteration 861:	res = 6.079E-04
[  NORMAL ]  Iteration 862:	res = 5.995E-04
[  NORMAL ]  Iteration 863:	res = 5.911E-04
[  NORMAL ]  Iteration 864:	res = 5.829E-04
[  NORMAL ]  Iteration 865:	res = 5.748E-04
[  NORMAL ]  Iteration 866:	res = 5.668E-04
[  NORMAL ]  Iteration 867:	res = 5.589E-04
[  NORMAL ]  Iteration 868:	res = 5.511E-04
[  NORMAL ]  Iteration 869:	res = 5.434E-04
[  NORMAL ]  Iteration 870:	res = 5.358E-04
[  NORMAL ]  Iteration 871:	res = 5.283E-04
[  NORMAL ]  Iteration 872:	res = 5.209E-04
[  NORMAL ]  Iteration 873:	res = 5.135E-04
[  NORMAL ]  Iteration 874:	res = 5.063E-04
[  NORMAL ]  Iteration 875:	res = 4.992E-04
[  NORMAL ]  Iteration 876:	res = 4.922E-04
[  NORMAL ]  Iteration 877:	res = 4.853E-04
[  NORMAL ]  Iteration 878:	res = 4.784E-04
[  NORMAL ]  Iteration 879:	res = 4.717E-04
[  NORMAL ]  Iteration 880:	res = 4.650E-04
[  NORMAL ]  Iteration 881:	res = 4.585E-04
[  NORMAL ]  Iteration 882:	res = 4.520E-04
[  NORMAL ]  Iteration 883:	res = 4.456E-04
[  NORMAL ]  Iteration 884:	res = 4.393E-04
[  NORMAL ]  Iteration 885:	res = 4.331E-04
[  NORMAL ]  Iteration 886:	res = 4.270E-04
[  NORMAL ]  Iteration 887:	res = 4.209E-04
[  NORMAL ]  Iteration 888:	res = 4.149E-04
[  NORMAL ]  Iteration 889:	res = 4.091E-04
[  NORMAL ]  Iteration 890:	res = 4.032E-04
[  NORMAL ]  Iteration 891:	res = 3.975E-04
[  NORMAL ]  Iteration 892:	res = 3.919E-04
[  NORMAL ]  Iteration 893:	res = 3.863E-04
[  NORMAL ]  Iteration 894:	res = 3.808E-04
[  NORMAL ]  Iteration 895:	res = 3.754E-04
[  NORMAL ]  Iteration 896:	res = 3.700E-04
[  NORMAL ]  Iteration 897:	res = 3.647E-04
[  NORMAL ]  Iteration 898:	res = 3.595E-04
[  NORMAL ]  Iteration 899:	res = 3.544E-04
[  NORMAL ]  Iteration 900:	res = 3.493E-04
[  NORMAL ]  Iteration 901:	res = 3.443E-04
[  NORMAL ]  Iteration 902:	res = 3.394E-04
[  NORMAL ]  Iteration 903:	res = 3.345E-04
[  NORMAL ]  Iteration 904:	res = 3.298E-04
[  NORMAL ]  Iteration 905:	res = 3.250E-04
[  NORMAL ]  Iteration 906:	res = 3.204E-04
[  NORMAL ]  Iteration 907:	res = 3.158E-04
[  NORMAL ]  Iteration 908:	res = 3.112E-04
[  NORMAL ]  Iteration 909:	res = 3.068E-04
[  NORMAL ]  Iteration 910:	res = 3.024E-04
[  NORMAL ]  Iteration 911:	res = 2.980E-04
[  NORMAL ]  Iteration 912:	res = 2.937E-04
[  NORMAL ]  Iteration 913:	res = 2.895E-04
[  NORMAL ]  Iteration 914:	res = 2.853E-04
[  NORMAL ]  Iteration 915:	res = 2.812E-04
[  NORMAL ]  Iteration 916:	res = 2.772E-04
[  NORMAL ]  Iteration 917:	res = 2.732E-04
[  NORMAL ]  Iteration 918:	res = 2.693E-04
[  NORMAL ]  Iteration 919:	res = 2.654E-04
[  NORMAL ]  Iteration 920:	res = 2.615E-04
[  NORMAL ]  Iteration 921:	res = 2.578E-04
[  NORMAL ]  Iteration 922:	res = 2.540E-04
[  NORMAL ]  Iteration 923:	res = 2.504E-04
[  NORMAL ]  Iteration 924:	res = 2.468E-04
[  NORMAL ]  Iteration 925:	res = 2.432E-04
[  NORMAL ]  Iteration 926:	res = 2.397E-04
[  NORMAL ]  Iteration 927:	res = 2.362E-04
[  NORMAL ]  Iteration 928:	res = 2.328E-04
[  NORMAL ]  Iteration 929:	res = 2.294E-04
[  NORMAL ]  Iteration 930:	res = 2.261E-04
[  NORMAL ]  Iteration 931:	res = 2.228E-04
[  NORMAL ]  Iteration 932:	res = 2.196E-04
[  NORMAL ]  Iteration 933:	res = 2.164E-04
[  NORMAL ]  Iteration 934:	res = 2.133E-04
[  NORMAL ]  Iteration 935:	res = 2.102E-04
[  NORMAL ]  Iteration 936:	res = 2.071E-04
[  NORMAL ]  Iteration 937:	res = 2.041E-04
[  NORMAL ]  Iteration 938:	res = 2.011E-04
[  NORMAL ]  Iteration 939:	res = 1.982E-04
[  NORMAL ]  Iteration 940:	res = 1.953E-04
[  NORMAL ]  Iteration 941:	res = 1.925E-04
[  NORMAL ]  Iteration 942:	res = 1.897E-04
[  NORMAL ]  Iteration 943:	res = 1.869E-04
[  NORMAL ]  Iteration 944:	res = 1.842E-04
[  NORMAL ]  Iteration 945:	res = 1.815E-04
[  NORMAL ]  Iteration 946:	res = 1.789E-04
[  NORMAL ]  Iteration 947:	res = 1.763E-04
[  NORMAL ]  Iteration 948:	res = 1.737E-04
[  NORMAL ]  Iteration 949:	res = 1.712E-04
[  NORMAL ]  Iteration 950:	res = 1.687E-04
[  NORMAL ]  Iteration 951:	res = 1.662E-04
[  NORMAL ]  Iteration 952:	res = 1.638E-04
[  NORMAL ]  Iteration 953:	res = 1.614E-04
[  NORMAL ]  Iteration 954:	res = 1.591E-04
[  NORMAL ]  Iteration 955:	res = 1.567E-04
[  NORMAL ]  Iteration 956:	res = 1.545E-04
[  NORMAL ]  Iteration 957:	res = 1.522E-04
[  NORMAL ]  Iteration 958:	res = 1.500E-04
[  NORMAL ]  Iteration 959:	res = 1.478E-04
[  NORMAL ]  Iteration 960:	res = 1.456E-04
[  NORMAL ]  Iteration 961:	res = 1.435E-04
[  NORMAL ]  Iteration 962:	res = 1.414E-04
[  NORMAL ]  Iteration 963:	res = 1.393E-04
[  NORMAL ]  Iteration 964:	res = 1.373E-04
[  NORMAL ]  Iteration 965:	res = 1.353E-04
[  NORMAL ]  Iteration 966:	res = 1.333E-04
[  NORMAL ]  Iteration 967:	res = 1.314E-04
[  NORMAL ]  Iteration 968:	res = 1.294E-04
[  NORMAL ]  Iteration 969:	res = 1.275E-04
[  NORMAL ]  Iteration 970:	res = 1.257E-04
[  NORMAL ]  Iteration 971:	res = 1.238E-04
[  NORMAL ]  Iteration 972:	res = 1.220E-04
[  NORMAL ]  Iteration 973:	res = 1.202E-04
[  NORMAL ]  Iteration 974:	res = 1.185E-04
[  NORMAL ]  Iteration 975:	res = 1.167E-04
[  NORMAL ]  Iteration 976:	res = 1.150E-04
[  NORMAL ]  Iteration 977:	res = 1.133E-04
[  NORMAL ]  Iteration 978:	res = 1.117E-04
[  NORMAL ]  Iteration 979:	res = 1.100E-04
[  NORMAL ]  Iteration 980:	res = 1.084E-04
[  NORMAL ]  Iteration 981:	res = 1.068E-04
[  NORMAL ]  Iteration 982:	res = 1.053E-04
[  NORMAL ]  Iteration 983:	res = 1.037E-04
[  NORMAL ]  Iteration 984:	res = 1.022E-04
[  NORMAL ]  Iteration 985:	res = 1.007E-04
[  NORMAL ]  Iteration 986:	res = 9.923E-05
[  NORMAL ]  Iteration 987:	res = 9.777E-05
[  NORMAL ]  Iteration 988:	res = 9.633E-05
[  NORMAL ]  Iteration 989:	res = 9.492E-05
[  NORMAL ]  Iteration 990:	res = 9.353E-05
[  NORMAL ]  Iteration 991:	res = 9.215E-05
[  NORMAL ]  Iteration 992:	res = 9.080E-05
[  NORMAL ]  Iteration 993:	res = 8.946E-05
[  NORMAL ]  Iteration 994:	res = 8.815E-05
[  NORMAL ]  Iteration 995:	res = 8.685E-05
[  NORMAL ]  Iteration 996:	res = 8.558E-05
[  NORMAL ]  Iteration 997:	res = 8.432E-05
[  NORMAL ]  Iteration 998:	res = 8.308E-05
[  NORMAL ]  Iteration 999:	res = 8.186E-05
[ WARNING ]  Unable to converge the source
[  TITLE  ]  *******************************************************************
[  TITLE  ]                             TIMING REPORT                           
[  TITLE  ]  *******************************************************************
[  RESULT ]  Total Track Generation & Segmentation Time...........1.7085E-01 sec
[  RESULT ]  Total time to solution...............................3.7739E+01 sec
[  RESULT ]    Solver initialization..............................0.0000E+00 sec
[  RESULT ]    Transport Sweep....................................2.6761E+01 sec
[  RESULT ]  Integration time by segment-group-thread (sweep).....4.5108E-08 sec
[  RESULT ]  Integration time by segment-group-thread (total).....6.3614E-08 sec
[SEPARATOR]  -------------------------------------------------------------------
[  RESULT ]             # tracks          # segments          # FSRs
[SEPARATOR]  -------------------------------------------------------------------
[  RESULT ]               1132             113000             10000             
[SEPARATOR]  -------------------------------------------------------------------
[  NORMAL ]  Plotting data...
[  NORMAL ]  Plotting the materials...
[  NORMAL ]  Plotting the cells...
[  NORMAL ]  Plotting the source regions...
[  NORMAL ]  Plotting the FSR scalar fluxes...
[  TITLE  ]  *******************************************************************
[  TITLE  ]                               Finished                             
[  TITLE  ]  *******************************************************************
