Current local time and date: Thu Sep 17 19:19:38 2026
[  NORMAL ]  Initializing flat source regions...
[  NORMAL ]  Initializing a default angular quadrature...
[  NORMAL ]  Initializing 2D tracks...
[  NORMAL ]  Initializing 2D tracks reflections...
[  NORMAL ]  Initializing 2D tracks array...
[  NORMAL ]  Ray tracing for 2D track segmentation...
[  NORMAL ]  Progress Segmenting 2D tracks: 0.06 %
[  NORMAL ]  Progress Segmenting 2D tracks: 10.04 %
[  NORMAL ]  Progress Segmenting 2D tracks: 20.01 %
[  NORMAL ]  Progress Segmenting 2D tracks: 29.99 %
[  NORMAL ]  Progress Segmenting 2D tracks: 39.96 %
[  NORMAL ]  Progress Segmenting 2D tracks: 49.94 %
[  NORMAL ]  Progress Segmenting 2D tracks: 59.91 %
[  NORMAL ]  Progress Segmenting 2D tracks: 69.89 %
[  NORMAL ]  Progress Segmenting 2D tracks: 79.87 %
[  NORMAL ]  Progress Segmenting 2D tracks: 89.84 %
[  NORMAL ]  Progress Segmenting 2D tracks: 100.00 %
[  NORMAL ]  Initializing FSR lookup vectors
[  NORMAL ]  Total number of FSRs 1600
[  NORMAL ]  Computing the source...
[  NORMAL ]  Initializing solver arrays...
[  NORMAL ]  Centering segments around FSR centroid...
[  NORMAL ]  Max boundary angular flux storage per domain =   0.08 MB
[  NORMAL ]  Max scalar flux storage per domain =   0.01 MB
[  NORMAL ]  Max source storage per domain =   0.01 MB
[  NORMAL ]  Iteration 0:	res = 3.547E+00
[  NORMAL ]  Iteration 1:	res = 3.089E-01
[  NORMAL ]  Iteration 2:	res = 9.542E-02
[  NORMAL ]  Iteration 3:	res = 3.549E-02
[  NORMAL ]  Iteration 4:	res = 1.404E-02
[  NORMAL ]  Iteration 5:	res = 5.685E-03
[  NORMAL ]  Iteration 6:	res = 2.326E-03
[  NORMAL ]  Iteration 7:	res = 9.555E-04
[  NORMAL ]  Iteration 8:	res = 3.934E-04
[  NORMAL ]  Iteration 9:	res = 1.621E-04
[  NORMAL ]  Iteration 10:	res = 6.683E-05
[  NORMAL ]  Iteration 11:	res = 2.756E-05
[  NORMAL ]  Iteration 12:	res = 1.137E-05
[  NORMAL ]  Iteration 13:	res = 4.685E-06
[  TITLE  ]  *******************************************************************
[  TITLE  ]                             TIMING REPORT                           
[  TITLE  ]  *******************************************************************
[  RESULT ]  Total Track Generation & Segmentation Time...........1.1236E+00 sec
[  RESULT ]  Total time to solution...............................9.5764E-02 sec
[  RESULT ]    Solver initialization..............................0.0000E+00 sec
[  RESULT ]    Transport Sweep....................................9.1011E-02 sec
[  RESULT ]  Integration time by segment-group-thread (sweep).....1.7874E-08 sec
[  RESULT ]  Integration time by segment-group-thread (total).....1.8807E-08 sec
[SEPARATOR]  -------------------------------------------------------------------
[  RESULT ]             # tracks          # segments          # FSRs
[SEPARATOR]  -------------------------------------------------------------------
[  RESULT ]                1644              65280              1600            
[  RESULT ]  ...   
[SEPARATOR]  -------------------------------------------------------------------
[  NORMAL ]  Plotting the source regions...
[  NORMAL ]  Plotting the FSR scalar fluxes...
