Current local time and date: Sat Apr 11 18:52:02 2026
[  NORMAL ]  Importing materials data from HDF5...
[  NORMAL ]  Creating surfaces...
[  NORMAL ]  Creating cells...
[  NORMAL ]  Creating universes...
[  NORMAL ]  Creating geometry...
[  NORMAL ]  Initializing flat source regions...
[  NORMAL ]  Initializing the track generator...
[  NORMAL ]  CPUs on rank 0 process: 0 1 2 3 4 5 6 7 
[  NORMAL ]  Initializing a default angular quadrature...
[  NORMAL ]  Initializing 2D tracks...
[  NORMAL ]  Initializing 2D tracks reflections...
[  NORMAL ]  Initializing 2D tracks array...
[  NORMAL ]  Ray tracing for 2D track segmentation...
[ WARNING ]  The Geometry was set with non-infinite z-boundaries and supplied
[ WARNING ]  ...  to a 2D TrackGenerator. The min-z boundary was set to -2.00 
[ WARNING ]  ... and the max-z boundary was set to  2.00. Z-boundaries are 
[ WARNING ]  ... assumed to be infinite in 2D TrackGenerators.
[  NORMAL ]  Progress Segmenting 2D tracks: 0.86 %
[  NORMAL ]  Progress Segmenting 2D tracks: 10.34 %
[  NORMAL ]  Progress Segmenting 2D tracks: 19.83 %
[  NORMAL ]  Progress Segmenting 2D tracks: 29.31 %
[  NORMAL ]  Progress Segmenting 2D tracks: 38.79 %
[  NORMAL ]  Progress Segmenting 2D tracks: 48.28 %
[  NORMAL ]  Progress Segmenting 2D tracks: 57.76 %
[  NORMAL ]  Progress Segmenting 2D tracks: 67.24 %
[  NORMAL ]  Progress Segmenting 2D tracks: 76.72 %
[  NORMAL ]  Progress Segmenting 2D tracks: 86.21 %
[  NORMAL ]  Progress Segmenting 2D tracks: 100.00 %
[  NORMAL ]  Initializing FSR lookup vectors
[  NORMAL ]  Total number of FSRs 3
[  NORMAL ]  Initializing MOC eigenvalue solver...
[  NORMAL ]  Initializing solver arrays...
[  NORMAL ]  Centering segments around FSR centroid...
[  NORMAL ]  Max linear constant storage per domain =   0.00 MB
[  NORMAL ]  Generating linear expansion coefficients
[  NORMAL ]  Progress Initializing linear source constant components: 0.86 %
[  NORMAL ]  Progress Initializing linear source constant components: 10.34 %
[  NORMAL ]  Progress Initializing linear source constant components: 19.83 %
[  NORMAL ]  Progress Initializing linear source constant components: 29.31 %
[  NORMAL ]  Progress Initializing linear source constant components: 38.79 %
[  NORMAL ]  Progress Initializing linear source constant components: 48.28 %
[  NORMAL ]  Progress Initializing linear source constant components: 57.76 %
[  NORMAL ]  Progress Initializing linear source constant components: 67.24 %
[  NORMAL ]  Progress Initializing linear source constant components: 76.72 %
[  NORMAL ]  Progress Initializing linear source constant components: 86.21 %
[  NORMAL ]  Progress Initializing linear source constant components: 100.00 %
[  NORMAL ]  Linear expansion coefficient generation complete
[  NORMAL ]  Max boundary angular flux storage per domain =   0.04 MB
[  NORMAL ]  Max scalar flux storage per domain =   0.00 MB
[  NORMAL ]  Max linear flux storage per domain =   0.00 MB
[  NORMAL ]  Max source storage per domain =   0.00 MB
[  NORMAL ]  Max linear source storage per domain =   0.00 MB
[  NORMAL ]  Number of azimuthal angles = 4
[  NORMAL ]  Azimuthal ray spacing = 0.100000
[  NORMAL ]  Number of polar angles = 6
[  NORMAL ]  Source type = Linear
[  NORMAL ]  MOC transport undamped
[  NORMAL ]  CMFD acceleration: OFF
[  NORMAL ]  Using 8 threads
[  NORMAL ]  Computing the eigenvalue...
[  NORMAL ]  Iteration 0:  k_eff = 0.850911   res = 8.997E-09  delta-k (pcm) =
[  NORMAL ]  ...  -14908 D.R. = 0.0000
[  NORMAL ]  Iteration 1:  k_eff = 0.793051   res = 2.359E-08  delta-k (pcm) =
[  NORMAL ]  ...  -5785 D.R. = 2.6216
[  NORMAL ]  Iteration 2:  k_eff = 0.790172   res = 1.070E-08  delta-k (pcm) =
[  NORMAL ]  ...  -287 D.R. = 0.4536
[  NORMAL ]  Iteration 3:  k_eff = 0.775889   res = 4.231E-08  delta-k (pcm) =
[  NORMAL ]  ...  -1428 D.R. = 3.9545
[  NORMAL ]  Iteration 4:  k_eff = 0.768669   res = 4.012E-08  delta-k (pcm) =
[  NORMAL ]  ...  -721 D.R. = 0.9483
[  NORMAL ]  Iteration 5:  k_eff = 0.760998   res = 6.760E-08  delta-k (pcm) =
[  NORMAL ]  ...  -767 D.R. = 1.6848
[  NORMAL ]  Iteration 6:  k_eff = 0.754676   res = 5.593E-08  delta-k (pcm) =
[  NORMAL ]  ...  -632 D.R. = 0.8273
[  NORMAL ]  Iteration 7:  k_eff = 0.748861   res = 1.556E-08  delta-k (pcm) =
[  NORMAL ]  ...  -581 D.R. = 0.2783
[  NORMAL ]  Iteration 8:  k_eff = 0.743958   res = 5.836E-09  delta-k (pcm) =
[  NORMAL ]  ...  -490 D.R. = 0.3750
[  NORMAL ]  Iteration 9:  k_eff = 0.739814   res = 4.474E-08  delta-k (pcm) =
[  NORMAL ]  ...  -414 D.R. = 7.6667
[  NORMAL ]  Iteration 10:  k_eff = 0.736572   res = 7.830E-08  delta-k (pcm) =
[  NORMAL ]  ...  -324 D.R. = 1.7500
[  NORMAL ]  Iteration 11:  k_eff = 0.734192   res = 1.799E-08  delta-k (pcm) =
[  NORMAL ]  ...  -238 D.R. = 0.2298
[  NORMAL ]  Iteration 12:  k_eff = 0.732701   res = 3.307E-08  delta-k (pcm) =
[  NORMAL ]  ...  -149 D.R. = 1.8378
[  NORMAL ]  Iteration 13:  k_eff = 0.732060   res = 5.544E-08  delta-k (pcm) =
[  NORMAL ]  ...  -64 D.R. = 1.6765
[  NORMAL ]  Iteration 14:  k_eff = 0.732238   res = 6.565E-08  delta-k (pcm) =
[  NORMAL ]  ...  17 D.R. = 1.1842
[  NORMAL ]  Iteration 15:  k_eff = 0.733176   res = 2.043E-08  delta-k (pcm) =
[  NORMAL ]  ...  93 D.R. = 0.3111
[  NORMAL ]  Iteration 16:  k_eff = 0.734815   res = 3.745E-08  delta-k (pcm) =
[  NORMAL ]  ...  163 D.R. = 1.8333
[  NORMAL ]  Iteration 17:  k_eff = 0.737088   res = 6.030E-08  delta-k (pcm) =
[  NORMAL ]  ...  227 D.R. = 1.6104
[  NORMAL ]  Iteration 18:  k_eff = 0.739924   res = 1.021E-08  delta-k (pcm) =
[  NORMAL ]  ...  283 D.R. = 0.1694
[  NORMAL ]  Iteration 19:  k_eff = 0.743254   res = 4.571E-08  delta-k (pcm) =
[  NORMAL ]  ...  333 D.R. = 4.4762
[  NORMAL ]  Iteration 20:  k_eff = 0.747010   res = 1.848E-08  delta-k (pcm) =
[  NORMAL ]  ...  375 D.R. = 0.4043
[  NORMAL ]  Iteration 21:  k_eff = 0.751129   res = 5.836E-09  delta-k (pcm) =
[  NORMAL ]  ...  411 D.R. = 0.3158
[  NORMAL ]  Iteration 22:  k_eff = 0.755550   res = 7.100E-08  delta-k (pcm) =
[  NORMAL ]  ...  442 D.R. = 12.1667
[  NORMAL ]  Iteration 23:  k_eff = 0.760218   res = 6.906E-08  delta-k (pcm) =
[  NORMAL ]  ...  466 D.R. = 0.9726
[  NORMAL ]  Iteration 24:  k_eff = 0.765084   res = 2.237E-08  delta-k (pcm) =
[  NORMAL ]  ...  486 D.R. = 0.3239
[  NORMAL ]  Iteration 25:  k_eff = 0.770102   res = 2.480E-08  delta-k (pcm) =
[  NORMAL ]  ...  501 D.R. = 1.1087
[  NORMAL ]  Iteration 26:  k_eff = 0.775233   res = 2.723E-08  delta-k (pcm) =
[  NORMAL ]  ...  513 D.R. = 1.0980
[  NORMAL ]  Iteration 27:  k_eff = 0.780442   res = 5.349E-08  delta-k (pcm) =
[  NORMAL ]  ...  520 D.R. = 1.9643
[  NORMAL ]  Iteration 28:  k_eff = 0.785699   res = 7.927E-08  delta-k (pcm) =
[  NORMAL ]  ...  525 D.R. = 1.4818
[  NORMAL ]  Iteration 29:  k_eff = 0.790976   res = 1.269E-07  delta-k (pcm) =
[  NORMAL ]  ...  527 D.R. = 1.6012
[  NORMAL ]  Iteration 30:  k_eff = 0.796252   res = 9.872E-08  delta-k (pcm) =
[  NORMAL ]  ...  527 D.R. = 0.7778
[  NORMAL ]  Iteration 31:  k_eff = 0.801508   res = 9.726E-10  delta-k (pcm) =
[  NORMAL ]  ...  525 D.R. = 0.0099
[  NORMAL ]  Iteration 32:  k_eff = 0.806726   res = 8.170E-08  delta-k (pcm) =
[  NORMAL ]  ...  521 D.R. = 84.0000
[  NORMAL ]  Iteration 33:  k_eff = 0.811894   res = 9.532E-08  delta-k (pcm) =
[  NORMAL ]  ...  516 D.R. = 1.1667
[  NORMAL ]  Iteration 34:  k_eff = 0.816999   res = 4.717E-08  delta-k (pcm) =
[  NORMAL ]  ...  510 D.R. = 0.4949
[  NORMAL ]  Iteration 35:  k_eff = 0.822034   res = 4.377E-09  delta-k (pcm) =
[  NORMAL ]  ...  503 D.R. = 0.0928
[  NORMAL ]  Iteration 36:  k_eff = 0.826989   res = 2.967E-08  delta-k (pcm) =
[  NORMAL ]  ...  495 D.R. = 6.7778
[  NORMAL ]  Iteration 37:  k_eff = 0.831859   res = 1.848E-08  delta-k (pcm) =
[  NORMAL ]  ...  487 D.R. = 0.6230
[  NORMAL ]  Iteration 38:  k_eff = 0.836641   res = 3.891E-08  delta-k (pcm) =
[  NORMAL ]  ...  478 D.R. = 2.1053
[  NORMAL ]  Iteration 39:  k_eff = 0.841329   res = 1.653E-08  delta-k (pcm) =
[  NORMAL ]  ...  468 D.R. = 0.4250
[  NORMAL ]  Iteration 40:  k_eff = 0.845921   res = 3.501E-08  delta-k (pcm) =
[  NORMAL ]  ...  459 D.R. = 2.1176
[  NORMAL ]  Iteration 41:  k_eff = 0.850416   res = 1.031E-07  delta-k (pcm) =
[  NORMAL ]  ...  449 D.R. = 2.9444
[  NORMAL ]  Iteration 42:  k_eff = 0.854813   res = 9.678E-08  delta-k (pcm) =
[  NORMAL ]  ...  439 D.R. = 0.9387
[  NORMAL ]  Iteration 43:  k_eff = 0.859110   res = 8.656E-08  delta-k (pcm) =
[  NORMAL ]  ...  429 D.R. = 0.8945
[  NORMAL ]  Iteration 44:  k_eff = 0.863308   res = 7.976E-08  delta-k (pcm) =
[  NORMAL ]  ...  419 D.R. = 0.9213
[  NORMAL ]  Iteration 45:  k_eff = 0.867408   res = 2.918E-09  delta-k (pcm) =
[  NORMAL ]  ...  409 D.R. = 0.0366
[  NORMAL ]  Iteration 46:  k_eff = 0.871410   res = 6.711E-08  delta-k (pcm) =
[  NORMAL ]  ...  400 D.R. = 23.0000
[  NORMAL ]  Iteration 47:  k_eff = 0.875314   res = 5.544E-08  delta-k (pcm) =
[  NORMAL ]  ...  390 D.R. = 0.8261
[  NORMAL ]  Iteration 48:  k_eff = 0.879123   res = 7.635E-08  delta-k (pcm) =
[  NORMAL ]  ...  380 D.R. = 1.3772
[  NORMAL ]  Iteration 49:  k_eff = 0.882837   res = 4.036E-08  delta-k (pcm) =
[  NORMAL ]  ...  371 D.R. = 0.5287
[  NORMAL ]  Iteration 50:  k_eff = 0.886458   res = 2.821E-08  delta-k (pcm) =
[  NORMAL ]  ...  362 D.R. = 0.6988
[  NORMAL ]  Iteration 51:  k_eff = 0.889988   res = 4.912E-08  delta-k (pcm) =
[  NORMAL ]  ...  352 D.R. = 1.7414
[  NORMAL ]  Iteration 52:  k_eff = 0.893429   res = 1.415E-07  delta-k (pcm) =
[  NORMAL ]  ...  344 D.R. = 2.8812
[  NORMAL ]  Iteration 53:  k_eff = 0.896781   res = 1.187E-07  delta-k (pcm) =
[  NORMAL ]  ...  335 D.R. = 0.8385
[  NORMAL ]  Iteration 54:  k_eff = 0.900047   res = 4.863E-09  delta-k (pcm) =
[  NORMAL ]  ...  326 D.R. = 0.0410
[  NORMAL ]  Iteration 55:  k_eff = 0.903230   res = 4.377E-08  delta-k (pcm) =
[  NORMAL ]  ...  318 D.R. = 9.0000
[  NORMAL ]  Iteration 56:  k_eff = 0.906329   res = 2.237E-08  delta-k (pcm) =
[  NORMAL ]  ...  309 D.R. = 0.5111
[  NORMAL ]  Iteration 57:  k_eff = 0.909349   res = 8.997E-08  delta-k (pcm) =
[  NORMAL ]  ...  301 D.R. = 4.0217
[  NORMAL ]  Iteration 58:  k_eff = 0.912290   res = 1.381E-07  delta-k (pcm) =
[  NORMAL ]  ...  294 D.R. = 1.5351
[  NORMAL ]  Iteration 59:  k_eff = 0.915154   res = 7.732E-08  delta-k (pcm) =
[  NORMAL ]  ...  286 D.R. = 0.5599
[  NORMAL ]  Iteration 60:  k_eff = 0.917943   res = 2.286E-08  delta-k (pcm) =
[  NORMAL ]  ...  278 D.R. = 0.2956
[  NORMAL ]  Iteration 61:  k_eff = 0.920659   res = 3.404E-09  delta-k (pcm) =
[  NORMAL ]  ...  271 D.R. = 0.1489
[  NORMAL ]  Iteration 62:  k_eff = 0.923305   res = 5.884E-08  delta-k (pcm) =
[  NORMAL ]  ...  264 D.R. = 17.2857
[  NORMAL ]  Iteration 63:  k_eff = 0.925880   res = 1.235E-07  delta-k (pcm) =
[  NORMAL ]  ...  257 D.R. = 2.0992
[  NORMAL ]  Iteration 64:  k_eff = 0.928388   res = 7.343E-08  delta-k (pcm) =
[  NORMAL ]  ...  250 D.R. = 0.5945
[  NORMAL ]  Iteration 65:  k_eff = 0.930830   res = 5.593E-08  delta-k (pcm) =
[  NORMAL ]  ...  244 D.R. = 0.7616
[  NORMAL ]  Iteration 66:  k_eff = 0.933208   res = 8.462E-08  delta-k (pcm) =
[  NORMAL ]  ...  237 D.R. = 1.5130
[  NORMAL ]  Iteration 67:  k_eff = 0.935523   res = 4.425E-08  delta-k (pcm) =
[  NORMAL ]  ...  231 D.R. = 0.5230
[  NORMAL ]  Iteration 68:  k_eff = 0.937777   res = 1.410E-08  delta-k (pcm) =
[  NORMAL ]  ...  225 D.R. = 0.3187
[  NORMAL ]  Iteration 69:  k_eff = 0.939972   res = 2.188E-08  delta-k (pcm) =
[  NORMAL ]  ...  219 D.R. = 1.5517
[  NORMAL ]  Iteration 70:  k_eff = 0.942108   res = 2.577E-08  delta-k (pcm) =
[  NORMAL ]  ...  213 D.R. = 1.1778
[  NORMAL ]  Iteration 71:  k_eff = 0.944189   res = 2.237E-08  delta-k (pcm) =
[  NORMAL ]  ...  208 D.R. = 0.8679
[  NORMAL ]  Iteration 72:  k_eff = 0.946214   res = 2.577E-08  delta-k (pcm) =
[  NORMAL ]  ...  202 D.R. = 1.1522
[  NORMAL ]  Iteration 73:  k_eff = 0.948186   res = 2.334E-08  delta-k (pcm) =
[  NORMAL ]  ...  197 D.R. = 0.9057
[  NORMAL ]  Iteration 74:  k_eff = 0.950106   res = 1.848E-08  delta-k (pcm) =
[  NORMAL ]  ...  191 D.R. = 0.7917
[  NORMAL ]  Iteration 75:  k_eff = 0.951975   res = 4.863E-09  delta-k (pcm) =
[  NORMAL ]  ...  186 D.R. = 0.2632
[  NORMAL ]  Iteration 76:  k_eff = 0.953795   res = 6.808E-08  delta-k (pcm) =
[  NORMAL ]  ...  181 D.R. = 14.0000
[  NORMAL ]  Iteration 77:  k_eff = 0.955566   res = 1.264E-08  delta-k (pcm) =
[  NORMAL ]  ...  177 D.R. = 0.1857
[  NORMAL ]  Iteration 78:  k_eff = 0.957291   res = 4.036E-08  delta-k (pcm) =
[  NORMAL ]  ...  172 D.R. = 3.1923
[  NORMAL ]  Iteration 79:  k_eff = 0.958970   res = 1.605E-08  delta-k (pcm) =
[  NORMAL ]  ...  167 D.R. = 0.3976
[  NORMAL ]  Iteration 80:  k_eff = 0.960604   res = 3.501E-08  delta-k (pcm) =
[  NORMAL ]  ...  163 D.R. = 2.1818
[  NORMAL ]  Iteration 81:  k_eff = 0.962196   res = 3.939E-08  delta-k (pcm) =
[  NORMAL ]  ...  159 D.R. = 1.1250
[  NORMAL ]  Iteration 82:  k_eff = 0.963745   res = 1.702E-08  delta-k (pcm) =
[  NORMAL ]  ...  154 D.R. = 0.4321
[  NORMAL ]  Iteration 83:  k_eff = 0.965253   res = 7.295E-09  delta-k (pcm) =
[  NORMAL ]  ...  150 D.R. = 0.4286
[  NORMAL ]  Iteration 84:  k_eff = 0.966722   res = 4.377E-08  delta-k (pcm) =
[  NORMAL ]  ...  146 D.R. = 6.0000
[  NORMAL ]  Iteration 85:  k_eff = 0.968151   res = 3.112E-08  delta-k (pcm) =
[  NORMAL ]  ...  142 D.R. = 0.7111
[  NORMAL ]  Iteration 86:  k_eff = 0.969543   res = 1.799E-08  delta-k (pcm) =
[  NORMAL ]  ...  139 D.R. = 0.5781
[  NORMAL ]  Iteration 87:  k_eff = 0.970898   res = 6.954E-08  delta-k (pcm) =
[  NORMAL ]  ...  135 D.R. = 3.8649
[  NORMAL ]  Iteration 88:  k_eff = 0.972217   res = 4.523E-08  delta-k (pcm) =
[  NORMAL ]  ...  131 D.R. = 0.6503
[  NORMAL ]  Iteration 89:  k_eff = 0.973501   res = 1.653E-08  delta-k (pcm) =
[  NORMAL ]  ...  128 D.R. = 0.3656
[  NORMAL ]  Iteration 90:  k_eff = 0.974751   res = 5.301E-08  delta-k (pcm) =
[  NORMAL ]  ...  125 D.R. = 3.2059
[  NORMAL ]  Iteration 91:  k_eff = 0.975968   res = 4.863E-08  delta-k (pcm) =
[  NORMAL ]  ...  121 D.R. = 0.9174
[  NORMAL ]  Iteration 92:  k_eff = 0.977153   res = 5.739E-08  delta-k (pcm) =
[  NORMAL ]  ...  118 D.R. = 1.1800
[  NORMAL ]  Iteration 93:  k_eff = 0.978306   res = 4.669E-08  delta-k (pcm) =
[  NORMAL ]  ...  115 D.R. = 0.8136
[  NORMAL ]  Iteration 94:  k_eff = 0.979429   res = 4.863E-10  delta-k (pcm) =
[  NORMAL ]  ...  112 D.R. = 0.0104
[  NORMAL ]  Iteration 95:  k_eff = 0.980523   res = 4.863E-09  delta-k (pcm) =
[  NORMAL ]  ...  109 D.R. = 10.0000
[  NORMAL ]  Iteration 96:  k_eff = 0.981587   res = 4.425E-08  delta-k (pcm) =
[  NORMAL ]  ...  106 D.R. = 9.1000
[  NORMAL ]  Iteration 97:  k_eff = 0.982623   res = 4.474E-08  delta-k (pcm) =
[  NORMAL ]  ...  103 D.R. = 1.0110
[  NORMAL ]  Iteration 98:  k_eff = 0.983632   res = 1.031E-07  delta-k (pcm) =
[  NORMAL ]  ...  100 D.R. = 2.3043
[  NORMAL ]  Iteration 99:  k_eff = 0.984614   res = 3.793E-08  delta-k (pcm) =
[  NORMAL ]  ...  98 D.R. = 0.3679
[  NORMAL ]  Iteration 100:  k_eff = 0.985570   res = 4.328E-08  delta-k (pcm)
[  NORMAL ]  ...  = 95 D.R. = 1.1410
[  NORMAL ]  Iteration 101:  k_eff = 0.986501   res = 1.945E-08  delta-k (pcm)
[  NORMAL ]  ...  = 93 D.R. = 0.4494
[  NORMAL ]  Iteration 102:  k_eff = 0.987407   res = 9.824E-08  delta-k (pcm)
[  NORMAL ]  ...  = 90 D.R. = 5.0500
[  NORMAL ]  Iteration 103:  k_eff = 0.988289   res = 1.337E-07  delta-k (pcm)
[  NORMAL ]  ...  = 88 D.R. = 1.3614
[  NORMAL ]  Iteration 104:  k_eff = 0.989148   res = 1.026E-07  delta-k (pcm)
[  NORMAL ]  ...  = 85 D.R. = 0.7673
[  NORMAL ]  Iteration 105:  k_eff = 0.989984   res = 1.994E-08  delta-k (pcm)
[  NORMAL ]  ...  = 83 D.R. = 0.1943
[  NORMAL ]  Iteration 106:  k_eff = 0.990798   res = 5.787E-08  delta-k (pcm)
[  NORMAL ]  ...  = 81 D.R. = 2.9024
[  NORMAL ]  Iteration 107:  k_eff = 0.991590   res = 2.432E-08  delta-k (pcm)
[  NORMAL ]  ...  = 79 D.R. = 0.4202
[  NORMAL ]  Iteration 108:  k_eff = 0.992361   res = 2.723E-08  delta-k (pcm)
[  NORMAL ]  ...  = 77 D.R. = 1.1200
[  NORMAL ]  Iteration 109:  k_eff = 0.993113   res = 4.669E-08  delta-k (pcm)
[  NORMAL ]  ...  = 75 D.R. = 1.7143
[  NORMAL ]  Iteration 110:  k_eff = 0.993844   res = 2.918E-08  delta-k (pcm)
[  NORMAL ]  ...  = 73 D.R. = 0.6250
[  NORMAL ]  Iteration 111:  k_eff = 0.994555   res = 3.404E-09  delta-k (pcm)
[  NORMAL ]  ...  = 71 D.R. = 0.1167
[  NORMAL ]  Iteration 112:  k_eff = 0.995248   res = 7.295E-09  delta-k (pcm)
[  NORMAL ]  ...  = 69 D.R. = 2.1429
[  NORMAL ]  Iteration 113:  k_eff = 0.995923   res = 3.599E-08  delta-k (pcm)
[  NORMAL ]  ...  = 67 D.R. = 4.9333
[  NORMAL ]  Iteration 114:  k_eff = 0.996579   res = 4.377E-09  delta-k (pcm)
[  NORMAL ]  ...  = 65 D.R. = 0.1216
[  NORMAL ]  Iteration 115:  k_eff = 0.997219   res = 7.149E-08  delta-k (pcm)
[  NORMAL ]  ...  = 63 D.R. = 16.3333
[  NORMAL ]  Iteration 116:  k_eff = 0.997841   res = 4.425E-08  delta-k (pcm)
[  NORMAL ]  ...  = 62 D.R. = 0.6190
[  NORMAL ]  Iteration 117:  k_eff = 0.998447   res = 2.334E-08  delta-k (pcm)
[  NORMAL ]  ...  = 60 D.R. = 0.5275
[  NORMAL ]  Iteration 118:  k_eff = 0.999037   res = 3.939E-08  delta-k (pcm)
[  NORMAL ]  ...  = 58 D.R. = 1.6875
[  NORMAL ]  Iteration 119:  k_eff = 0.999611   res = 7.295E-09  delta-k (pcm)
[  NORMAL ]  ...  = 57 D.R. = 0.1852
[  NORMAL ]  Iteration 120:  k_eff = 1.000170   res = 2.869E-08  delta-k (pcm)
[  NORMAL ]  ...  = 55 D.R. = 3.9333
[  NORMAL ]  Iteration 121:  k_eff = 1.000714   res = 2.821E-08  delta-k (pcm)
[  NORMAL ]  ...  = 54 D.R. = 0.9831
[  NORMAL ]  Iteration 122:  k_eff = 1.001244   res = 6.419E-08  delta-k (pcm)
[  NORMAL ]  ...  = 52 D.R. = 2.2759
[  NORMAL ]  Iteration 123:  k_eff = 1.001760   res = 5.787E-08  delta-k (pcm)
[  NORMAL ]  ...  = 51 D.R. = 0.9015
[  NORMAL ]  Iteration 124:  k_eff = 1.002262   res = 5.058E-08  delta-k (pcm)
[  NORMAL ]  ...  = 50 D.R. = 0.8739
[  NORMAL ]  Iteration 125:  k_eff = 1.002751   res = 2.334E-08  delta-k (pcm)
[  NORMAL ]  ...  = 48 D.R. = 0.4615
[  NORMAL ]  Iteration 126:  k_eff = 1.003228   res = 2.237E-08  delta-k (pcm)
[  NORMAL ]  ...  = 47 D.R. = 0.9583
[  NORMAL ]  Iteration 127:  k_eff = 1.003691   res = 6.322E-09  delta-k (pcm)
[  NORMAL ]  ...  = 46 D.R. = 0.2826
[  NORMAL ]  Iteration 128:  k_eff = 1.004142   res = 5.641E-08  delta-k (pcm)
[  NORMAL ]  ...  = 45 D.R. = 8.9231
[  NORMAL ]  Iteration 129:  k_eff = 1.004581   res = 3.404E-09  delta-k (pcm)
[  NORMAL ]  ...  = 43 D.R. = 0.0603
[  NORMAL ]  Iteration 130:  k_eff = 1.005009   res = 5.204E-08  delta-k (pcm)
[  NORMAL ]  ...  = 42 D.R. = 15.2857
[  NORMAL ]  Iteration 131:  k_eff = 1.005425   res = 1.751E-08  delta-k (pcm)
[  NORMAL ]  ...  = 41 D.R. = 0.3364
[  NORMAL ]  Iteration 132:  k_eff = 1.005830   res = 4.815E-08  delta-k (pcm)
[  NORMAL ]  ...  = 40 D.R. = 2.7500
[  NORMAL ]  Iteration 133:  k_eff = 1.006225   res = 5.690E-08  delta-k (pcm)
[  NORMAL ]  ...  = 39 D.R. = 1.1818
[  NORMAL ]  Iteration 134:  k_eff = 1.006609   res = 8.267E-08  delta-k (pcm)
[  NORMAL ]  ...  = 38 D.R. = 1.4530
[  NORMAL ]  Iteration 135:  k_eff = 1.006982   res = 1.289E-07  delta-k (pcm)
[  NORMAL ]  ...  = 37 D.R. = 1.5588
[  NORMAL ]  Iteration 136:  k_eff = 1.007346   res = 1.897E-08  delta-k (pcm)
[  NORMAL ]  ...  = 36 D.R. = 0.1472
[  NORMAL ]  Iteration 137:  k_eff = 1.007701   res = 1.459E-08  delta-k (pcm)
[  NORMAL ]  ...  = 35 D.R. = 0.7692
[  NORMAL ]  Iteration 138:  k_eff = 1.008046   res = 5.252E-08  delta-k (pcm)
[  NORMAL ]  ...  = 34 D.R. = 3.6000
[  NORMAL ]  Iteration 139:  k_eff = 1.008382   res = 5.301E-08  delta-k (pcm)
[  NORMAL ]  ...  = 33 D.R. = 1.0093
[  NORMAL ]  Iteration 140:  k_eff = 1.008709   res = 4.717E-08  delta-k (pcm)
[  NORMAL ]  ...  = 32 D.R. = 0.8899
[  NORMAL ]  Iteration 141:  k_eff = 1.009027   res = 3.015E-08  delta-k (pcm)
[  NORMAL ]  ...  = 31 D.R. = 0.6392
[  NORMAL ]  Iteration 142:  k_eff = 1.009337   res = 4.863E-09  delta-k (pcm)
[  NORMAL ]  ...  = 30 D.R. = 0.1613
[  NORMAL ]  Iteration 143:  k_eff = 1.009638   res = 9.045E-08  delta-k (pcm)
[  NORMAL ]  ...  = 30 D.R. = 18.6000
[  NORMAL ]  Iteration 144:  k_eff = 1.009932   res = 9.337E-08  delta-k (pcm)
[  NORMAL ]  ...  = 29 D.R. = 1.0323
[  NORMAL ]  Iteration 145:  k_eff = 1.010218   res = 7.684E-08  delta-k (pcm)
[  NORMAL ]  ...  = 28 D.R. = 0.8229
[  NORMAL ]  Iteration 146:  k_eff = 1.010496   res = 8.559E-08  delta-k (pcm)
[  NORMAL ]  ...  = 27 D.R. = 1.1139
[  NORMAL ]  Iteration 147:  k_eff = 1.010768   res = 2.286E-08  delta-k (pcm)
[  NORMAL ]  ...  = 27 D.R. = 0.2670
[  NORMAL ]  Iteration 148:  k_eff = 1.011031   res = 9.726E-10  delta-k (pcm)
[  NORMAL ]  ...  = 26 D.R. = 0.0426
[  NORMAL ]  Iteration 149:  k_eff = 1.011288   res = 5.836E-09  delta-k (pcm)
[  NORMAL ]  ...  = 25 D.R. = 6.0000
[  NORMAL ]  Iteration 150:  k_eff = 1.011538   res = 3.258E-08  delta-k (pcm)
[  NORMAL ]  ...  = 24 D.R. = 5.5833
[  NORMAL ]  Iteration 151:  k_eff = 1.011781   res = 1.945E-08  delta-k (pcm)
[  NORMAL ]  ...  = 24 D.R. = 0.5970
[  NORMAL ]  Iteration 152:  k_eff = 1.012018   res = 1.313E-08  delta-k (pcm)
[  NORMAL ]  ...  = 23 D.R. = 0.6750
[  NORMAL ]  Iteration 153:  k_eff = 1.012249   res = 5.009E-08  delta-k (pcm)
[  NORMAL ]  ...  = 23 D.R. = 3.8148
[  NORMAL ]  Iteration 154:  k_eff = 1.012474   res = 2.626E-08  delta-k (pcm)
[  NORMAL ]  ...  = 22 D.R. = 0.5243
[  NORMAL ]  Iteration 155:  k_eff = 1.012692   res = 2.432E-09  delta-k (pcm)
[  NORMAL ]  ...  = 21 D.R. = 0.0926
[  NORMAL ]  Iteration 156:  k_eff = 1.012905   res = 5.787E-08  delta-k (pcm)
[  NORMAL ]  ...  = 21 D.R. = 23.8000
[  NORMAL ]  Iteration 157:  k_eff = 1.013112   res = 8.705E-08  delta-k (pcm)
[  NORMAL ]  ...  = 20 D.R. = 1.5042
[  NORMAL ]  Iteration 158:  k_eff = 1.013314   res = 5.641E-08  delta-k (pcm)
[  NORMAL ]  ...  = 20 D.R. = 0.6480
[  NORMAL ]  Iteration 159:  k_eff = 1.013510   res = 3.891E-08  delta-k (pcm)
[  NORMAL ]  ...  = 19 D.R. = 0.6897
[  NORMAL ]  Iteration 160:  k_eff = 1.013702   res = 6.176E-08  delta-k (pcm)
[  NORMAL ]  ...  = 19 D.R. = 1.5875
[  NORMAL ]  Iteration 161:  k_eff = 1.013888   res = 8.656E-08  delta-k (pcm)
[  NORMAL ]  ...  = 18 D.R. = 1.4016
[  NORMAL ]  Iteration 162:  k_eff = 1.014069   res = 7.295E-09  delta-k (pcm)
[  NORMAL ]  ...  = 18 D.R. = 0.0843
[  NORMAL ]  Iteration 163:  k_eff = 1.014245   res = 2.918E-09  delta-k (pcm)
[  NORMAL ]  ...  = 17 D.R. = 0.4000
[  NORMAL ]  Iteration 164:  k_eff = 1.014417   res = 5.155E-08  delta-k (pcm)
[  NORMAL ]  ...  = 17 D.R. = 17.6667
[  NORMAL ]  Iteration 165:  k_eff = 1.014585   res = 1.702E-08  delta-k (pcm)
[  NORMAL ]  ...  = 16 D.R. = 0.3302
[  NORMAL ]  Iteration 166:  k_eff = 1.014747   res = 9.143E-08  delta-k (pcm)
[  NORMAL ]  ...  = 16 D.R. = 5.3714
[  NORMAL ]  Iteration 167:  k_eff = 1.014906   res = 2.188E-08  delta-k (pcm)
[  NORMAL ]  ...  = 15 D.R. = 0.2394
[  NORMAL ]  Iteration 168:  k_eff = 1.015060   res = 3.064E-08  delta-k (pcm)
[  NORMAL ]  ...  = 15 D.R. = 1.4000
[  NORMAL ]  Iteration 169:  k_eff = 1.015210   res = 5.106E-08  delta-k (pcm)
[  NORMAL ]  ...  = 15 D.R. = 1.6667
[  NORMAL ]  Iteration 170:  k_eff = 1.015356   res = 3.891E-09  delta-k (pcm)
[  NORMAL ]  ...  = 14 D.R. = 0.0762
[  NORMAL ]  Iteration 171:  k_eff = 1.015499   res = 5.641E-08  delta-k (pcm)
[  NORMAL ]  ...  = 14 D.R. = 14.5000
[  NORMAL ]  Iteration 172:  k_eff = 1.015637   res = 7.246E-08  delta-k (pcm)
[  NORMAL ]  ...  = 13 D.R. = 1.2845
[  NORMAL ]  Iteration 173:  k_eff = 1.015772   res = 9.045E-08  delta-k (pcm)
[  NORMAL ]  ...  = 13 D.R. = 1.2483
[  NORMAL ]  Iteration 174:  k_eff = 1.015904   res = 9.775E-08  delta-k (pcm)
[  NORMAL ]  ...  = 13 D.R. = 1.0806
[  NORMAL ]  Iteration 175:  k_eff = 1.016031   res = 7.587E-08  delta-k (pcm)
[  NORMAL ]  ...  = 12 D.R. = 0.7761
[  NORMAL ]  Iteration 176:  k_eff = 1.016156   res = 4.523E-08  delta-k (pcm)
[  NORMAL ]  ...  = 12 D.R. = 0.5962
[  NORMAL ]  Iteration 177:  k_eff = 1.016277   res = 9.240E-09  delta-k (pcm)
[  NORMAL ]  ...  = 12 D.R. = 0.2043
[  NORMAL ]  Iteration 178:  k_eff = 1.016395   res = 2.480E-08  delta-k (pcm)
[  NORMAL ]  ...  = 11 D.R. = 2.6842
[  NORMAL ]  Iteration 179:  k_eff = 1.016510   res = 3.404E-08  delta-k (pcm)
[  NORMAL ]  ...  = 11 D.R. = 1.3725
[  NORMAL ]  Iteration 180:  k_eff = 1.016622   res = 2.237E-08  delta-k (pcm)
[  NORMAL ]  ...  = 11 D.R. = 0.6571
[  NORMAL ]  Iteration 181:  k_eff = 1.016731   res = 7.781E-09  delta-k (pcm)
[  NORMAL ]  ...  = 10 D.R. = 0.3478
[  NORMAL ]  Iteration 182:  k_eff = 1.016837   res = 3.210E-08  delta-k (pcm)
[  NORMAL ]  ...  = 10 D.R. = 4.1250
[  NORMAL ]  Iteration 183:  k_eff = 1.016940   res = 4.280E-08  delta-k (pcm)
[  NORMAL ]  ...  = 10 D.R. = 1.3333
[  NORMAL ]  Iteration 184:  k_eff = 1.017040   res = 1.751E-08  delta-k (pcm)
[  NORMAL ]  ...  = 10 D.R. = 0.4091
[  NORMAL ]  Iteration 185:  k_eff = 1.017138   res = 1.751E-08  delta-k (pcm)
[  NORMAL ]  ...  = 9 D.R. = 1.0000
[  NORMAL ]  Iteration 186:  k_eff = 1.017233   res = 7.246E-08  delta-k (pcm)
[  NORMAL ]  ...  = 9 D.R. = 4.1389
[  NORMAL ]  Iteration 187:  k_eff = 1.017326   res = 5.544E-08  delta-k (pcm)
[  NORMAL ]  ...  = 9 D.R. = 0.7651
[  NORMAL ]  Iteration 188:  k_eff = 1.017416   res = 9.240E-08  delta-k (pcm)
[  NORMAL ]  ...  = 9 D.R. = 1.6667
[  NORMAL ]  Iteration 189:  k_eff = 1.017504   res = 6.906E-08  delta-k (pcm)
[  NORMAL ]  ...  = 8 D.R. = 0.7474
[  NORMAL ]  Iteration 190:  k_eff = 1.017590   res = 7.538E-08  delta-k (pcm)
[  NORMAL ]  ...  = 8 D.R. = 1.0915
[  NORMAL ]  Iteration 191:  k_eff = 1.017673   res = 3.891E-08  delta-k (pcm)
[  NORMAL ]  ...  = 8 D.R. = 0.5161
[  NORMAL ]  Iteration 192:  k_eff = 1.017754   res = 3.404E-09  delta-k (pcm)
[  NORMAL ]  ...  = 8 D.R. = 0.0875
[  NORMAL ]  Iteration 193:  k_eff = 1.017833   res = 6.128E-08  delta-k (pcm)
[  NORMAL ]  ...  = 7 D.R. = 18.0000
[  NORMAL ]  Iteration 194:  k_eff = 1.017909   res = 5.398E-08  delta-k (pcm)
[  NORMAL ]  ...  = 7 D.R. = 0.8810
[  NORMAL ]  Iteration 195:  k_eff = 1.017984   res = 9.726E-10  delta-k (pcm)
[  NORMAL ]  ...  = 7 D.R. = 0.0180
[  NORMAL ]  Iteration 196:  k_eff = 1.018057   res = 6.808E-09  delta-k (pcm)
[  NORMAL ]  ...  = 7 D.R. = 7.0000
[  NORMAL ]  Iteration 197:  k_eff = 1.018128   res = 1.848E-08  delta-k (pcm)
[  NORMAL ]  ...  = 7 D.R. = 2.7143
[  NORMAL ]  Iteration 198:  k_eff = 1.018197   res = 4.863E-10  delta-k (pcm)
[  NORMAL ]  ...  = 6 D.R. = 0.0263
[  NORMAL ]  Iteration 199:  k_eff = 1.018264   res = 2.675E-08  delta-k (pcm)
[  NORMAL ]  ...  = 6 D.R. = 55.0000
[  NORMAL ]  Iteration 200:  k_eff = 1.018330   res = 6.419E-08  delta-k (pcm)
[  NORMAL ]  ...  = 6 D.R. = 2.4000
[  NORMAL ]  Iteration 201:  k_eff = 1.018393   res = 4.280E-08  delta-k (pcm)
[  NORMAL ]  ...  = 6 D.R. = 0.6667
[  NORMAL ]  Iteration 202:  k_eff = 1.018455   res = 3.647E-08  delta-k (pcm)
[  NORMAL ]  ...  = 6 D.R. = 0.8523
[  NORMAL ]  Iteration 203:  k_eff = 1.018515   res = 3.793E-08  delta-k (pcm)
[  NORMAL ]  ...  = 6 D.R. = 1.0400
[  NORMAL ]  Iteration 204:  k_eff = 1.018574   res = 7.781E-09  delta-k (pcm)
[  NORMAL ]  ...  = 5 D.R. = 0.2051
[  NORMAL ]  Iteration 205:  k_eff = 1.018631   res = 5.739E-08  delta-k (pcm)
[  NORMAL ]  ...  = 5 D.R. = 7.3750
[  NORMAL ]  Iteration 206:  k_eff = 1.018687   res = 8.024E-08  delta-k (pcm)
[  NORMAL ]  ...  = 5 D.R. = 1.3983
[  NORMAL ]  Iteration 207:  k_eff = 1.018741   res = 4.085E-08  delta-k (pcm)
[  NORMAL ]  ...  = 5 D.R. = 0.5091
[  NORMAL ]  Iteration 208:  k_eff = 1.018794   res = 5.836E-09  delta-k (pcm)
[  NORMAL ]  ...  = 5 D.R. = 0.1429
[  NORMAL ]  Iteration 209:  k_eff = 1.018845   res = 1.751E-08  delta-k (pcm)
[  NORMAL ]  ...  = 5 D.R. = 3.0000
[  NORMAL ]  Iteration 210:  k_eff = 1.018895   res = 7.246E-08  delta-k (pcm)
[  NORMAL ]  ...  = 5 D.R. = 4.1389
[  NORMAL ]  Iteration 211:  k_eff = 1.018944   res = 7.441E-08  delta-k (pcm)
[  NORMAL ]  ...  = 4 D.R. = 1.0268
[  NORMAL ]  Iteration 212:  k_eff = 1.018991   res = 3.404E-09  delta-k (pcm)
[  NORMAL ]  ...  = 4 D.R. = 0.0458
[  NORMAL ]  Iteration 213:  k_eff = 1.019037   res = 5.933E-08  delta-k (pcm)
[  NORMAL ]  ...  = 4 D.R. = 17.4286
[  NORMAL ]  Iteration 214:  k_eff = 1.019082   res = 1.410E-08  delta-k (pcm)
[  NORMAL ]  ...  = 4 D.R. = 0.2377
[  NORMAL ]  Iteration 215:  k_eff = 1.019126   res = 2.432E-09  delta-k (pcm)
[  NORMAL ]  ...  = 4 D.R. = 0.1724
[  NORMAL ]  Iteration 216:  k_eff = 1.019169   res = 7.878E-08  delta-k (pcm)
[  NORMAL ]  ...  = 4 D.R. = 32.4000
[  NORMAL ]  Iteration 217:  k_eff = 1.019210   res = 5.544E-08  delta-k (pcm)
[  NORMAL ]  ...  = 4 D.R. = 0.7037
[  NORMAL ]  Iteration 218:  k_eff = 1.019250   res = 8.802E-08  delta-k (pcm)
[  NORMAL ]  ...  = 4 D.R. = 1.5877
[  NORMAL ]  Iteration 219:  k_eff = 1.019290   res = 7.003E-08  delta-k (pcm)
[  NORMAL ]  ...  = 3 D.R. = 0.7956
[  NORMAL ]  Iteration 220:  k_eff = 1.019328   res = 3.842E-08  delta-k (pcm)
[  NORMAL ]  ...  = 3 D.R. = 0.5486
[  NORMAL ]  Iteration 221:  k_eff = 1.019365   res = 4.328E-08  delta-k (pcm)
[  NORMAL ]  ...  = 3 D.R. = 1.1266
[  NORMAL ]  Iteration 222:  k_eff = 1.019402   res = 7.878E-08  delta-k (pcm)
[  NORMAL ]  ...  = 3 D.R. = 1.8202
[  NORMAL ]  Iteration 223:  k_eff = 1.019437   res = 8.267E-08  delta-k (pcm)
[  NORMAL ]  ...  = 3 D.R. = 1.0494
[  NORMAL ]  Iteration 224:  k_eff = 1.019471   res = 1.605E-08  delta-k (pcm)
[  NORMAL ]  ...  = 3 D.R. = 0.1941
[  NORMAL ]  Iteration 225:  k_eff = 1.019504   res = 5.252E-08  delta-k (pcm)
[  NORMAL ]  ...  = 3 D.R. = 3.2727
[  NORMAL ]  Iteration 226:  k_eff = 1.019537   res = 1.021E-08  delta-k (pcm)
[  NORMAL ]  ...  = 3 D.R. = 0.1944
[  NORMAL ]  Iteration 227:  k_eff = 1.019569   res = 2.091E-08  delta-k (pcm)
[  NORMAL ]  ...  = 3 D.R. = 2.0476
[  NORMAL ]  Iteration 228:  k_eff = 1.019600   res = 2.432E-09  delta-k (pcm)
[  NORMAL ]  ...  = 3 D.R. = 0.1163
[  NORMAL ]  Iteration 229:  k_eff = 1.019629   res = 4.474E-08  delta-k (pcm)
[  NORMAL ]  ...  = 2 D.R. = 18.4000
[  NORMAL ]  Iteration 230:  k_eff = 1.019659   res = 1.410E-08  delta-k (pcm)
[  NORMAL ]  ...  = 2 D.R. = 0.3152
[  NORMAL ]  Iteration 231:  k_eff = 1.019687   res = 2.967E-08  delta-k (pcm)
[  NORMAL ]  ...  = 2 D.R. = 2.1034
[  NORMAL ]  Iteration 232:  k_eff = 1.019715   res = 1.410E-08  delta-k (pcm)
[  NORMAL ]  ...  = 2 D.R. = 0.4754
[  NORMAL ]  Iteration 233:  k_eff = 1.019742   res = 7.003E-08  delta-k (pcm)
[  NORMAL ]  ...  = 2 D.R. = 4.9655
[  NORMAL ]  Iteration 234:  k_eff = 1.019768   res = 1.002E-07  delta-k (pcm)
[  NORMAL ]  ...  = 2 D.R. = 1.4306
[  NORMAL ]  Iteration 235:  k_eff = 1.019794   res = 8.024E-08  delta-k (pcm)
[  NORMAL ]  ...  = 2 D.R. = 0.8010
[  NORMAL ]  Iteration 236:  k_eff = 1.019819   res = 8.754E-09  delta-k (pcm)
[  NORMAL ]  ...  = 2 D.R. = 0.1091
[  NORMAL ]  Iteration 237:  k_eff = 1.019843   res = 7.538E-08  delta-k (pcm)
[  NORMAL ]  ...  = 2 D.R. = 8.6111
[  NORMAL ]  Iteration 238:  k_eff = 1.019866   res = 7.635E-08  delta-k (pcm)
[  NORMAL ]  ...  = 2 D.R. = 1.0129
[  NORMAL ]  Iteration 239:  k_eff = 1.019890   res = 2.140E-08  delta-k (pcm)
[  NORMAL ]  ...  = 2 D.R. = 0.2803
[  NORMAL ]  Iteration 240:  k_eff = 1.019912   res = 5.836E-09  delta-k (pcm)
[  NORMAL ]  ...  = 2 D.R. = 0.2727
[  NORMAL ]  Iteration 241:  k_eff = 1.019933   res = 4.717E-08  delta-k (pcm)
[  NORMAL ]  ...  = 2 D.R. = 8.0833
[  NORMAL ]  Iteration 242:  k_eff = 1.019955   res = 1.362E-08  delta-k (pcm)
[  NORMAL ]  ...  = 2 D.R. = 0.2887
[  NORMAL ]  Iteration 243:  k_eff = 1.019975   res = 1.945E-09  delta-k (pcm)
[  NORMAL ]  ...  = 2 D.R. = 0.1429
[  NORMAL ]  Iteration 244:  k_eff = 1.019995   res = 5.349E-08  delta-k (pcm)
[  NORMAL ]  ...  = 1 D.R. = 27.5000
[  NORMAL ]  Iteration 245:  k_eff = 1.020015   res = 3.647E-08  delta-k (pcm)
[  NORMAL ]  ...  = 1 D.R. = 0.6818
[  NORMAL ]  Iteration 246:  k_eff = 1.020034   res = 1.702E-08  delta-k (pcm)
[  NORMAL ]  ...  = 1 D.R. = 0.4667
[  NORMAL ]  Iteration 247:  k_eff = 1.020053   res = 4.182E-08  delta-k (pcm)
[  NORMAL ]  ...  = 1 D.R. = 2.4571
[  NORMAL ]  Iteration 248:  k_eff = 1.020071   res = 3.550E-08  delta-k (pcm)
[  NORMAL ]  ...  = 1 D.R. = 0.8488
[  NORMAL ]  Iteration 249:  k_eff = 1.020088   res = 1.653E-08  delta-k (pcm)
[  NORMAL ]  ...  = 1 D.R. = 0.4658
[  NORMAL ]  Iteration 250:  k_eff = 1.020105   res = 2.237E-08  delta-k (pcm)
[  NORMAL ]  ...  = 1 D.R. = 1.3529
[  NORMAL ]  Iteration 251:  k_eff = 1.020122   res = 1.799E-08  delta-k (pcm)
[  NORMAL ]  ...  = 1 D.R. = 0.8043
[  NORMAL ]  Iteration 252:  k_eff = 1.020138   res = 2.821E-08  delta-k (pcm)
[  NORMAL ]  ...  = 1 D.R. = 1.5676
[  NORMAL ]  Iteration 253:  k_eff = 1.020154   res = 6.711E-08  delta-k (pcm)
[  NORMAL ]  ...  = 1 D.R. = 2.3793
[  NORMAL ]  Iteration 254:  k_eff = 1.020169   res = 1.021E-08  delta-k (pcm)
[  NORMAL ]  ...  = 1 D.R. = 0.1522
[  NORMAL ]  Iteration 255:  k_eff = 1.020184   res = 1.172E-07  delta-k (pcm)
[  NORMAL ]  ...  = 1 D.R. = 11.4762
[  NORMAL ]  Iteration 256:  k_eff = 1.020199   res = 2.188E-08  delta-k (pcm)
[  NORMAL ]  ...  = 1 D.R. = 0.1867
[  NORMAL ]  Iteration 257:  k_eff = 1.020213   res = 7.197E-08  delta-k (pcm)
[  NORMAL ]  ...  = 1 D.R. = 3.2889
[  NORMAL ]  Iteration 258:  k_eff = 1.020227   res = 7.197E-08  delta-k (pcm)
[  NORMAL ]  ...  = 1 D.R. = 1.0000
[  NORMAL ]  Iteration 259:  k_eff = 1.020240   res = 2.821E-08  delta-k (pcm)
[  NORMAL ]  ...  = 1 D.R. = 0.3919
[  NORMAL ]  Iteration 260:  k_eff = 1.020253   res = 5.349E-09  delta-k (pcm)
[  NORMAL ]  ...  = 1 D.R. = 0.1897
[  NORMAL ]  Iteration 261:  k_eff = 1.020266   res = 4.717E-08  delta-k (pcm)
[  NORMAL ]  ...  = 1 D.R. = 8.8182
[  NORMAL ]  Iteration 262:  k_eff = 1.020278   res = 4.377E-09  delta-k (pcm)
[  NORMAL ]  ...  = 1 D.R. = 0.0928
[  NORMAL ]  Iteration 263:  k_eff = 1.020291   res = 1.308E-07  delta-k (pcm)
[  NORMAL ]  ...  = 1 D.R. = 29.8889
[  NORMAL ]  Iteration 264:  k_eff = 1.020302   res = 3.599E-08  delta-k (pcm)
[  NORMAL ]  ...  = 1 D.R. = 0.2751
[  NORMAL ]  Iteration 265:  k_eff = 1.020314   res = 5.836E-09  delta-k (pcm)
[  NORMAL ]  ...  = 1 D.R. = 0.1622
[  NORMAL ]  Iteration 266:  k_eff = 1.020325   res = 1.751E-08  delta-k (pcm)
[  NORMAL ]  ...  = 1 D.R. = 3.0000
[  NORMAL ]  Iteration 267:  k_eff = 1.020336   res = 3.404E-09  delta-k (pcm)
[  NORMAL ]  ...  = 1 D.R. = 0.1944
[  NORMAL ]  Iteration 268:  k_eff = 1.020346   res = 3.112E-08  delta-k (pcm)
[  NORMAL ]  ...  = 1 D.R. = 9.1429
[  NORMAL ]  Iteration 269:  k_eff = 1.020357   res = 5.933E-08  delta-k (pcm)
[  NORMAL ]  ...  = 1 D.R. = 1.9063
[  NORMAL ]  Iteration 270:  k_eff = 1.020366   res = 8.413E-08  delta-k (pcm)
[  NORMAL ]  ...  = 0 D.R. = 1.4180
[  TITLE  ]  *******************************************************************
[  TITLE  ]                             TIMING REPORT                           
[  TITLE  ]  *******************************************************************
[  RESULT ]  Total Track Generation & Segmentation Time...........7.7600E-03 sec
[  RESULT ]  Total time to solution...............................4.5251E-01 sec
[  RESULT ]    Solver initialization..............................6.4785E-03 sec
[  RESULT ]    Transport Sweep....................................7.4574E-02 sec
[  RESULT ]  Integration time by segment-group-thread (sweep).....1.6587E-07 sec
[  RESULT ]  Integration time by segment-group-thread (total).....1.0065E-06 sec
[SEPARATOR]  -------------------------------------------------------------------
[  RESULT ]             # tracks          # segments          # FSRs
[SEPARATOR]  -------------------------------------------------------------------
[  RESULT ]                 116               316               3               
[SEPARATOR]  -------------------------------------------------------------------
[  NORMAL ]  Plotting data...
[  NORMAL ]  Plotting the quadrature...
[  NORMAL ]  Plotting the tracks...
[  NORMAL ]  Plotting the track segments...
[  NORMAL ]  Plotting the materials...
[  NORMAL ]  Plotting the cells...
[  NORMAL ]  Plotting the source regions...
[  NORMAL ]  Plotting the FSR scalar fluxes...
[  NORMAL ]  Plotting the scalar fluxes vs. energy...
[  TITLE  ]  *******************************************************************
[  TITLE  ]                               Finished                             
[  TITLE  ]  *******************************************************************
