Current local time and date: Wed Apr 29 19:17:48 2026
[  NORMAL ]  Importing materials data from HDF5...
[  NORMAL ]  Creating surfaces...
[  NORMAL ]  Creating cells...
[  NORMAL ]  Creating universes...
[  NORMAL ]  Creating geometry...
[  NORMAL ]  Initializing flat source regions...
[  NORMAL ]  Initializing the 3D track generator...
[  NORMAL ]  CPUs on rank 0 process: 0 1 2 3 4 5 6 7 
[  NORMAL ]  Initializing a default angular quadrature...
[  NORMAL ]  Initializing 2D tracks...
[  NORMAL ]  Initializing 2D tracks reflections...
[  NORMAL ]  Initializing 2D tracks array...
[  NORMAL ]  Initializing 3D tracks...
[  NORMAL ]  RMS polar angle correction 5.085012 %
[  NORMAL ]  Max polar angle correction 12.606577 %
[  NORMAL ]  Progress Initializing 3D Tracks: 0.29 %
[  NORMAL ]  Progress Initializing 3D Tracks: 10.06 %
[  NORMAL ]  Progress Initializing 3D Tracks: 19.83 %
[  NORMAL ]  Progress Initializing 3D Tracks: 29.60 %
[  NORMAL ]  Progress Initializing 3D Tracks: 39.37 %
[  NORMAL ]  Progress Initializing 3D Tracks: 49.14 %
[  NORMAL ]  Progress Initializing 3D Tracks: 58.91 %
[  NORMAL ]  Progress Initializing 3D Tracks: 68.68 %
[  NORMAL ]  Progress Initializing 3D Tracks: 78.45 %
[  NORMAL ]  Progress Initializing 3D Tracks: 88.22 %
[  NORMAL ]  Progress Initializing 3D Tracks: 100.00 %
[  NORMAL ]  3D Tracks in domain: 4056
[  NORMAL ]  Ray tracing for axially extruded track segmentation...
[  NORMAL ]  Progress Segmenting 2D Tracks: 0.86 %
[  NORMAL ]  Progress Segmenting 2D Tracks: 10.34 %
[  NORMAL ]  Progress Segmenting 2D Tracks: 19.83 %
[  NORMAL ]  Progress Segmenting 2D Tracks: 29.31 %
[  NORMAL ]  Progress Segmenting 2D Tracks: 38.79 %
[  NORMAL ]  Progress Segmenting 2D Tracks: 48.28 %
[  NORMAL ]  Progress Segmenting 2D Tracks: 57.76 %
[  NORMAL ]  Progress Segmenting 2D Tracks: 67.24 %
[  NORMAL ]  Progress Segmenting 2D Tracks: 76.72 %
[  NORMAL ]  Progress Segmenting 2D Tracks: 86.21 %
[  NORMAL ]  Progress Segmenting 2D Tracks: 100.00 %
[  NORMAL ]  Initializing FSRs axially...
[  NORMAL ]  Initializing 3D FSRs in axially extruded regions...
[  NORMAL ]  Progress initializing 3D FSRs: 2.50 %
[  NORMAL ]  Progress initializing 3D FSRs: 12.50 %
[  NORMAL ]  Progress initializing 3D FSRs: 22.50 %
[  NORMAL ]  Progress initializing 3D FSRs: 32.50 %
[  NORMAL ]  Progress initializing 3D FSRs: 42.50 %
[  NORMAL ]  Progress initializing 3D FSRs: 52.50 %
[  NORMAL ]  Progress initializing 3D FSRs: 62.50 %
[  NORMAL ]  Progress initializing 3D FSRs: 72.50 %
[  NORMAL ]  Progress initializing 3D FSRs: 82.50 %
[  NORMAL ]  Progress initializing 3D FSRs: 92.50 %
[  NORMAL ]  Progress initializing 3D FSRs: 100.00 %
[  NORMAL ]  Progress reordering FSR IDs: 0.00 %
[  NORMAL ]  Progress reordering FSR IDs: 12.50 %
[  NORMAL ]  Progress reordering FSR IDs: 22.50 %
[  NORMAL ]  Progress reordering FSR IDs: 32.50 %
[  NORMAL ]  Progress reordering FSR IDs: 42.50 %
[  NORMAL ]  Progress reordering FSR IDs: 52.50 %
[  NORMAL ]  Progress reordering FSR IDs: 62.50 %
[  NORMAL ]  Progress reordering FSR IDs: 72.50 %
[  NORMAL ]  Progress reordering FSR IDs: 82.50 %
[  NORMAL ]  Progress reordering FSR IDs: 92.50 %
[  NORMAL ]  Progress reordering FSR IDs: 100.00 %
[  NORMAL ]  Finished initializing 3D FSRs
[  NORMAL ]  Initializing FSR lookup vectors
[  NORMAL ]  Total number of FSRs 40
[  NORMAL ]  Running OpenMOC eigenvalue calculation...
[  NORMAL ]  Initializing MOC eigenvalue solver...
[  NORMAL ]  Initializing solver arrays...
[  NORMAL ]  Max boundary angular flux storage per domain =   0.45 MB
[  NORMAL ]  Max scalar flux storage per domain =   0.00 MB
[  NORMAL ]  Max source storage per domain =   0.00 MB
[  NORMAL ]  Number of azimuthal angles = 4
[  NORMAL ]  Azimuthal ray spacing = 0.100000
[  NORMAL ]  Number of polar angles = 6
[  NORMAL ]  Z-spacing = 1.500000
[  NORMAL ]  Source type = Flat
[  NORMAL ]  MOC transport undamped
[  NORMAL ]  CMFD acceleration: OFF
[  NORMAL ]  Using 8 threads
[  NORMAL ]  Computing the eigenvalue...
[  NORMAL ]  Iteration 0:  k_eff = 0.706949   res = 5.296E-02  delta-k (pcm) =
[  NORMAL ]  ...  -29305 D.R. = 0.0530
[  NORMAL ]  Iteration 1:  k_eff = 0.740601   res = 1.265E-02  delta-k (pcm) =
[  NORMAL ]  ...  3365 D.R. = 0.2388
[  NORMAL ]  Iteration 2:  k_eff = 0.731471   res = 1.679E-03  delta-k (pcm) =
[  NORMAL ]  ...  -913 D.R. = 0.1328
[  NORMAL ]  Iteration 3:  k_eff = 0.730012   res = 2.334E-03  delta-k (pcm) =
[  NORMAL ]  ...  -145 D.R. = 1.3898
[  NORMAL ]  Iteration 4:  k_eff = 0.723167   res = 5.877E-04  delta-k (pcm) =
[  NORMAL ]  ...  -684 D.R. = 0.2518
[  NORMAL ]  Iteration 5:  k_eff = 0.719140   res = 2.173E-04  delta-k (pcm) =
[  NORMAL ]  ...  -402 D.R. = 0.3697
[  NORMAL ]  Iteration 6:  k_eff = 0.715005   res = 1.978E-04  delta-k (pcm) =
[  NORMAL ]  ...  -413 D.R. = 0.9101
[  NORMAL ]  Iteration 7:  k_eff = 0.710586   res = 3.981E-05  delta-k (pcm) =
[  NORMAL ]  ...  -441 D.R. = 0.2013
[  NORMAL ]  Iteration 8:  k_eff = 0.705849   res = 8.567E-05  delta-k (pcm) =
[  NORMAL ]  ...  -473 D.R. = 2.1521
[  NORMAL ]  Iteration 9:  k_eff = 0.702109   res = 1.210E-04  delta-k (pcm) =
[  NORMAL ]  ...  -373 D.R. = 1.4119
[  NORMAL ]  Iteration 10:  k_eff = 0.698404   res = 3.580E-05  delta-k (pcm) =
[  NORMAL ]  ...  -370 D.R. = 0.2960
[  NORMAL ]  Iteration 11:  k_eff = 0.695175   res = 4.108E-05  delta-k (pcm) =
[  NORMAL ]  ...  -322 D.R. = 1.1473
[  NORMAL ]  Iteration 12:  k_eff = 0.692635   res = 7.468E-05  delta-k (pcm) =
[  NORMAL ]  ...  -253 D.R. = 1.8181
[  NORMAL ]  Iteration 13:  k_eff = 0.690587   res = 4.870E-05  delta-k (pcm) =
[  NORMAL ]  ...  -204 D.R. = 0.6521
[  NORMAL ]  Iteration 14:  k_eff = 0.689215   res = 5.110E-05  delta-k (pcm) =
[  NORMAL ]  ...  -137 D.R. = 1.0493
[  NORMAL ]  Iteration 15:  k_eff = 0.688528   res = 5.513E-05  delta-k (pcm) =
[  NORMAL ]  ...  -68 D.R. = 1.0788
[  NORMAL ]  Iteration 16:  k_eff = 0.688498   res = 4.925E-05  delta-k (pcm) =
[  NORMAL ]  ...  -3 D.R. = 0.8934
[  NORMAL ]  Iteration 17:  k_eff = 0.689104   res = 4.061E-05  delta-k (pcm) =
[  NORMAL ]  ...  60 D.R. = 0.8245
[  NORMAL ]  Iteration 18:  k_eff = 0.690343   res = 3.738E-05  delta-k (pcm) =
[  NORMAL ]  ...  123 D.R. = 0.9205
[  NORMAL ]  Iteration 19:  k_eff = 0.692167   res = 2.988E-05  delta-k (pcm) =
[  NORMAL ]  ...  182 D.R. = 0.7994
[  NORMAL ]  Iteration 20:  k_eff = 0.694535   res = 2.211E-05  delta-k (pcm) =
[  NORMAL ]  ...  236 D.R. = 0.7398
[  NORMAL ]  Iteration 21:  k_eff = 0.697411   res = 1.665E-05  delta-k (pcm) =
[  NORMAL ]  ...  287 D.R. = 0.7532
[  NORMAL ]  Iteration 22:  k_eff = 0.700742   res = 1.070E-05  delta-k (pcm) =
[  NORMAL ]  ...  333 D.R. = 0.6425
[  NORMAL ]  Iteration 23:  k_eff = 0.704483   res = 8.447E-06  delta-k (pcm) =
[  NORMAL ]  ...  374 D.R. = 0.7897
[  NORMAL ]  Iteration 24:  k_eff = 0.708588   res = 1.078E-05  delta-k (pcm) =
[  NORMAL ]  ...  410 D.R. = 1.2757
[  NORMAL ]  Iteration 25:  k_eff = 0.713011   res = 1.543E-05  delta-k (pcm) =
[  NORMAL ]  ...  442 D.R. = 1.4318
[  NORMAL ]  Iteration 26:  k_eff = 0.717709   res = 2.038E-05  delta-k (pcm) =
[  NORMAL ]  ...  469 D.R. = 1.3211
[  NORMAL ]  Iteration 27:  k_eff = 0.722641   res = 2.493E-05  delta-k (pcm) =
[  NORMAL ]  ...  493 D.R. = 1.2232
[  NORMAL ]  Iteration 28:  k_eff = 0.727768   res = 2.913E-05  delta-k (pcm) =
[  NORMAL ]  ...  512 D.R. = 1.1681
[  NORMAL ]  Iteration 29:  k_eff = 0.733055   res = 3.283E-05  delta-k (pcm) =
[  NORMAL ]  ...  528 D.R. = 1.1271
[  NORMAL ]  Iteration 30:  k_eff = 0.738470   res = 3.601E-05  delta-k (pcm) =
[  NORMAL ]  ...  541 D.R. = 1.0969
[  NORMAL ]  Iteration 31:  k_eff = 0.743983   res = 3.870E-05  delta-k (pcm) =
[  NORMAL ]  ...  551 D.R. = 1.0747
[  NORMAL ]  Iteration 32:  k_eff = 0.749567   res = 4.093E-05  delta-k (pcm) =
[  NORMAL ]  ...  558 D.R. = 1.0576
[  NORMAL ]  Iteration 33:  k_eff = 0.755198   res = 4.270E-05  delta-k (pcm) =
[  NORMAL ]  ...  563 D.R. = 1.0433
[  NORMAL ]  Iteration 34:  k_eff = 0.760854   res = 4.403E-05  delta-k (pcm) =
[  NORMAL ]  ...  565 D.R. = 1.0313
[  NORMAL ]  Iteration 35:  k_eff = 0.766516   res = 4.514E-05  delta-k (pcm) =
[  NORMAL ]  ...  566 D.R. = 1.0250
[  NORMAL ]  Iteration 36:  k_eff = 0.772168   res = 4.574E-05  delta-k (pcm) =
[  NORMAL ]  ...  565 D.R. = 1.0135
[  NORMAL ]  Iteration 37:  k_eff = 0.777794   res = 4.618E-05  delta-k (pcm) =
[  NORMAL ]  ...  562 D.R. = 1.0096
[  NORMAL ]  Iteration 38:  k_eff = 0.783382   res = 4.635E-05  delta-k (pcm) =
[  NORMAL ]  ...  558 D.R. = 1.0037
[  NORMAL ]  Iteration 39:  k_eff = 0.788920   res = 4.628E-05  delta-k (pcm) =
[  NORMAL ]  ...  553 D.R. = 0.9984
[  NORMAL ]  Iteration 40:  k_eff = 0.794399   res = 4.605E-05  delta-k (pcm) =
[  NORMAL ]  ...  547 D.R. = 0.9951
[  NORMAL ]  Iteration 41:  k_eff = 0.799811   res = 4.564E-05  delta-k (pcm) =
[  NORMAL ]  ...  541 D.R. = 0.9912
[  NORMAL ]  Iteration 42:  k_eff = 0.805148   res = 4.510E-05  delta-k (pcm) =
[  NORMAL ]  ...  533 D.R. = 0.9881
[  NORMAL ]  Iteration 43:  k_eff = 0.810406   res = 4.443E-05  delta-k (pcm) =
[  NORMAL ]  ...  525 D.R. = 0.9850
[  NORMAL ]  Iteration 44:  k_eff = 0.815579   res = 4.369E-05  delta-k (pcm) =
[  NORMAL ]  ...  517 D.R. = 0.9836
[  NORMAL ]  Iteration 45:  k_eff = 0.820663   res = 4.295E-05  delta-k (pcm) =
[  NORMAL ]  ...  508 D.R. = 0.9829
[  NORMAL ]  Iteration 46:  k_eff = 0.825656   res = 4.199E-05  delta-k (pcm) =
[  NORMAL ]  ...  499 D.R. = 0.9777
[  NORMAL ]  Iteration 47:  k_eff = 0.830555   res = 4.112E-05  delta-k (pcm) =
[  NORMAL ]  ...  489 D.R. = 0.9792
[  NORMAL ]  Iteration 48:  k_eff = 0.835358   res = 4.015E-05  delta-k (pcm) =
[  NORMAL ]  ...  480 D.R. = 0.9765
[  NORMAL ]  Iteration 49:  k_eff = 0.840065   res = 3.925E-05  delta-k (pcm) =
[  NORMAL ]  ...  470 D.R. = 0.9775
[  NORMAL ]  Iteration 50:  k_eff = 0.844674   res = 3.813E-05  delta-k (pcm) =
[  NORMAL ]  ...  460 D.R. = 0.9716
[  NORMAL ]  Iteration 51:  k_eff = 0.849185   res = 3.719E-05  delta-k (pcm) =
[  NORMAL ]  ...  451 D.R. = 0.9752
[  NORMAL ]  Iteration 52:  k_eff = 0.853599   res = 3.614E-05  delta-k (pcm) =
[  NORMAL ]  ...  441 D.R. = 0.9719
[  NORMAL ]  Iteration 53:  k_eff = 0.857914   res = 3.519E-05  delta-k (pcm) =
[  NORMAL ]  ...  431 D.R. = 0.9736
[  NORMAL ]  Iteration 54:  k_eff = 0.862133   res = 3.421E-05  delta-k (pcm) =
[  NORMAL ]  ...  421 D.R. = 0.9722
[  NORMAL ]  Iteration 55:  k_eff = 0.866256   res = 3.322E-05  delta-k (pcm) =
[  NORMAL ]  ...  412 D.R. = 0.9712
[  NORMAL ]  Iteration 56:  k_eff = 0.870284   res = 3.221E-05  delta-k (pcm) =
[  NORMAL ]  ...  402 D.R. = 0.9696
[  NORMAL ]  Iteration 57:  k_eff = 0.874218   res = 3.134E-05  delta-k (pcm) =
[  NORMAL ]  ...  393 D.R. = 0.9730
[  NORMAL ]  Iteration 58:  k_eff = 0.878059   res = 3.040E-05  delta-k (pcm) =
[  NORMAL ]  ...  384 D.R. = 0.9699
[  NORMAL ]  Iteration 59:  k_eff = 0.881809   res = 2.945E-05  delta-k (pcm) =
[  NORMAL ]  ...  375 D.R. = 0.9688
[  NORMAL ]  Iteration 60:  k_eff = 0.885469   res = 2.862E-05  delta-k (pcm) =
[  NORMAL ]  ...  366 D.R. = 0.9719
[  NORMAL ]  Iteration 61:  k_eff = 0.889041   res = 2.773E-05  delta-k (pcm) =
[  NORMAL ]  ...  357 D.R. = 0.9690
[  NORMAL ]  Iteration 62:  k_eff = 0.892527   res = 2.688E-05  delta-k (pcm) =
[  NORMAL ]  ...  348 D.R. = 0.9691
[  NORMAL ]  Iteration 63:  k_eff = 0.895927   res = 2.610E-05  delta-k (pcm) =
[  NORMAL ]  ...  340 D.R. = 0.9709
[  NORMAL ]  Iteration 64:  k_eff = 0.899244   res = 2.533E-05  delta-k (pcm) =
[  NORMAL ]  ...  331 D.R. = 0.9707
[  NORMAL ]  Iteration 65:  k_eff = 0.902480   res = 2.445E-05  delta-k (pcm) =
[  NORMAL ]  ...  323 D.R. = 0.9652
[  NORMAL ]  Iteration 66:  k_eff = 0.905635   res = 2.379E-05  delta-k (pcm) =
[  NORMAL ]  ...  315 D.R. = 0.9731
[  NORMAL ]  Iteration 67:  k_eff = 0.908713   res = 2.301E-05  delta-k (pcm) =
[  NORMAL ]  ...  307 D.R. = 0.9672
[  NORMAL ]  Iteration 68:  k_eff = 0.911714   res = 2.237E-05  delta-k (pcm) =
[  NORMAL ]  ...  300 D.R. = 0.9722
[  NORMAL ]  Iteration 69:  k_eff = 0.914640   res = 2.161E-05  delta-k (pcm) =
[  NORMAL ]  ...  292 D.R. = 0.9658
[  NORMAL ]  Iteration 70:  k_eff = 0.917493   res = 2.097E-05  delta-k (pcm) =
[  NORMAL ]  ...  285 D.R. = 0.9707
[  NORMAL ]  Iteration 71:  k_eff = 0.920275   res = 2.039E-05  delta-k (pcm) =
[  NORMAL ]  ...  278 D.R. = 0.9723
[  NORMAL ]  Iteration 72:  k_eff = 0.922987   res = 1.974E-05  delta-k (pcm) =
[  NORMAL ]  ...  271 D.R. = 0.9683
[  NORMAL ]  Iteration 73:  k_eff = 0.925630   res = 1.918E-05  delta-k (pcm) =
[  NORMAL ]  ...  264 D.R. = 0.9713
[  NORMAL ]  Iteration 74:  k_eff = 0.928208   res = 1.854E-05  delta-k (pcm) =
[  NORMAL ]  ...  257 D.R. = 0.9666
[  NORMAL ]  Iteration 75:  k_eff = 0.930720   res = 1.801E-05  delta-k (pcm) =
[  NORMAL ]  ...  251 D.R. = 0.9716
[  NORMAL ]  Iteration 76:  k_eff = 0.933169   res = 1.746E-05  delta-k (pcm) =
[  NORMAL ]  ...  244 D.R. = 0.9693
[  NORMAL ]  Iteration 77:  k_eff = 0.935556   res = 1.695E-05  delta-k (pcm) =
[  NORMAL ]  ...  238 D.R. = 0.9708
[  NORMAL ]  Iteration 78:  k_eff = 0.937883   res = 1.641E-05  delta-k (pcm) =
[  NORMAL ]  ...  232 D.R. = 0.9684
[  NORMAL ]  Iteration 79:  k_eff = 0.940152   res = 1.597E-05  delta-k (pcm) =
[  NORMAL ]  ...  226 D.R. = 0.9728
[  NORMAL ]  Iteration 80:  k_eff = 0.942362   res = 1.542E-05  delta-k (pcm) =
[  NORMAL ]  ...  221 D.R. = 0.9661
[  NORMAL ]  Iteration 81:  k_eff = 0.944517   res = 1.506E-05  delta-k (pcm) =
[  NORMAL ]  ...  215 D.R. = 0.9766
[  NORMAL ]  Iteration 82:  k_eff = 0.946617   res = 1.454E-05  delta-k (pcm) =
[  NORMAL ]  ...  210 D.R. = 0.9654
[  NORMAL ]  Iteration 83:  k_eff = 0.948664   res = 1.408E-05  delta-k (pcm) =
[  NORMAL ]  ...  204 D.R. = 0.9680
[  NORMAL ]  Iteration 84:  k_eff = 0.950659   res = 1.373E-05  delta-k (pcm) =
[  NORMAL ]  ...  199 D.R. = 0.9756
[  NORMAL ]  Iteration 85:  k_eff = 0.952604   res = 1.335E-05  delta-k (pcm) =
[  NORMAL ]  ...  194 D.R. = 0.9718
[  NORMAL ]  Iteration 86:  k_eff = 0.954499   res = 1.291E-05  delta-k (pcm) =
[  NORMAL ]  ...  189 D.R. = 0.9673
[  NORMAL ]  Iteration 87:  k_eff = 0.956346   res = 1.254E-05  delta-k (pcm) =
[  NORMAL ]  ...  184 D.R. = 0.9717
[  NORMAL ]  Iteration 88:  k_eff = 0.958146   res = 1.224E-05  delta-k (pcm) =
[  NORMAL ]  ...  180 D.R. = 0.9760
[  NORMAL ]  Iteration 89:  k_eff = 0.959900   res = 1.181E-05  delta-k (pcm) =
[  NORMAL ]  ...  175 D.R. = 0.9648
[  NORMAL ]  Iteration 90:  k_eff = 0.961610   res = 1.150E-05  delta-k (pcm) =
[  NORMAL ]  ...  170 D.R. = 0.9739
[  NORMAL ]  Iteration 91:  k_eff = 0.963276   res = 1.116E-05  delta-k (pcm) =
[  NORMAL ]  ...  166 D.R. = 0.9702
[  NORMAL ]  Iteration 92:  k_eff = 0.964900   res = 1.082E-05  delta-k (pcm) =
[  NORMAL ]  ...  162 D.R. = 0.9692
[  NORMAL ]  Iteration 93:  k_eff = 0.966483   res = 1.056E-05  delta-k (pcm) =
[  NORMAL ]  ...  158 D.R. = 0.9761
[  NORMAL ]  Iteration 94:  k_eff = 0.968025   res = 1.026E-05  delta-k (pcm) =
[  NORMAL ]  ...  154 D.R. = 0.9712
[  NORMAL ]  Iteration 95:  k_eff = 0.969529   res = 9.888E-06  delta-k (pcm) =
[  NORMAL ]  ...  150 D.R. = 0.9642
[  NORMAL ]  Iteration 96:  k_eff = 0.970994   res = 9.710E-06  delta-k (pcm) =
[  NORMAL ]  ...  146 D.R. = 0.9819
[  NORMAL ]  Iteration 97:  k_eff = 0.972421   res = 9.348E-06  delta-k (pcm) =
[  NORMAL ]  ...  142 D.R. = 0.9627
[  NORMAL ]  Iteration 98:  k_eff = 0.973813   res = 9.134E-06  delta-k (pcm) =
[  NORMAL ]  ...  139 D.R. = 0.9772
[  NORMAL ]  Iteration 99:  k_eff = 0.975169   res = 8.829E-06  delta-k (pcm) =
[  NORMAL ]  ...  135 D.R. = 0.9666
[  NORMAL ]  Iteration 100:  k_eff = 0.976490   res = 8.640E-06  delta-k (pcm)
[  NORMAL ]  ...  = 132 D.R. = 0.9787
[  NORMAL ]  Iteration 101:  k_eff = 0.977778   res = 8.406E-06  delta-k (pcm)
[  NORMAL ]  ...  = 128 D.R. = 0.9728
[  NORMAL ]  Iteration 102:  k_eff = 0.979033   res = 8.100E-06  delta-k (pcm)
[  NORMAL ]  ...  = 125 D.R. = 0.9637
[  NORMAL ]  Iteration 103:  k_eff = 0.980257   res = 7.952E-06  delta-k (pcm)
[  NORMAL ]  ...  = 122 D.R. = 0.9818
[  NORMAL ]  Iteration 104:  k_eff = 0.981449   res = 7.648E-06  delta-k (pcm)
[  NORMAL ]  ...  = 119 D.R. = 0.9618
[  NORMAL ]  Iteration 105:  k_eff = 0.982611   res = 7.520E-06  delta-k (pcm)
[  NORMAL ]  ...  = 116 D.R. = 0.9832
[  NORMAL ]  Iteration 106:  k_eff = 0.983743   res = 7.260E-06  delta-k (pcm)
[  NORMAL ]  ...  = 113 D.R. = 0.9654
[  NORMAL ]  Iteration 107:  k_eff = 0.984846   res = 7.048E-06  delta-k (pcm)
[  NORMAL ]  ...  = 110 D.R. = 0.9709
[  NORMAL ]  Iteration 108:  k_eff = 0.985922   res = 6.838E-06  delta-k (pcm)
[  NORMAL ]  ...  = 107 D.R. = 0.9701
[  NORMAL ]  Iteration 109:  k_eff = 0.986970   res = 6.733E-06  delta-k (pcm)
[  NORMAL ]  ...  = 104 D.R. = 0.9847
[  NORMAL ]  Iteration 110:  k_eff = 0.987991   res = 6.479E-06  delta-k (pcm)
[  NORMAL ]  ...  = 102 D.R. = 0.9623
[  NORMAL ]  Iteration 111:  k_eff = 0.988986   res = 6.324E-06  delta-k (pcm)
[  NORMAL ]  ...  = 99 D.R. = 0.9761
[  NORMAL ]  Iteration 112:  k_eff = 0.989956   res = 6.154E-06  delta-k (pcm)
[  NORMAL ]  ...  = 96 D.R. = 0.9731
[  NORMAL ]  Iteration 113:  k_eff = 0.990901   res = 5.976E-06  delta-k (pcm)
[  NORMAL ]  ...  = 94 D.R. = 0.9710
[  NORMAL ]  Iteration 114:  k_eff = 0.991823   res = 5.828E-06  delta-k (pcm)
[  NORMAL ]  ...  = 92 D.R. = 0.9754
[  NORMAL ]  Iteration 115:  k_eff = 0.992721   res = 5.661E-06  delta-k (pcm)
[  NORMAL ]  ...  = 89 D.R. = 0.9713
[  NORMAL ]  Iteration 116:  k_eff = 0.993596   res = 5.510E-06  delta-k (pcm)
[  NORMAL ]  ...  = 87 D.R. = 0.9734
[  NORMAL ]  Iteration 117:  k_eff = 0.994448   res = 5.356E-06  delta-k (pcm)
[  NORMAL ]  ...  = 85 D.R. = 0.9720
[  NORMAL ]  Iteration 118:  k_eff = 0.995279   res = 5.211E-06  delta-k (pcm)
[  NORMAL ]  ...  = 83 D.R. = 0.9730
[  NORMAL ]  Iteration 119:  k_eff = 0.996089   res = 5.042E-06  delta-k (pcm)
[  NORMAL ]  ...  = 80 D.R. = 0.9675
[  NORMAL ]  Iteration 120:  k_eff = 0.996878   res = 4.965E-06  delta-k (pcm)
[  NORMAL ]  ...  = 78 D.R. = 0.9848
[  NORMAL ]  Iteration 121:  k_eff = 0.997647   res = 4.785E-06  delta-k (pcm)
[  NORMAL ]  ...  = 76 D.R. = 0.9637
[  NORMAL ]  Iteration 122:  k_eff = 0.998397   res = 4.649E-06  delta-k (pcm)
[  NORMAL ]  ...  = 74 D.R. = 0.9715
[  NORMAL ]  Iteration 123:  k_eff = 0.999127   res = 4.593E-06  delta-k (pcm)
[  NORMAL ]  ...  = 73 D.R. = 0.9880
[  NORMAL ]  Iteration 124:  k_eff = 0.999839   res = 4.415E-06  delta-k (pcm)
[  NORMAL ]  ...  = 71 D.R. = 0.9612
[  NORMAL ]  Iteration 125:  k_eff = 1.000533   res = 4.293E-06  delta-k (pcm)
[  NORMAL ]  ...  = 69 D.R. = 0.9725
[  NORMAL ]  Iteration 126:  k_eff = 1.001209   res = 4.117E-06  delta-k (pcm)
[  NORMAL ]  ...  = 67 D.R. = 0.9589
[  NORMAL ]  Iteration 127:  k_eff = 1.001868   res = 4.125E-06  delta-k (pcm)
[  NORMAL ]  ...  = 65 D.R. = 1.0019
[  NORMAL ]  Iteration 128:  k_eff = 1.002510   res = 4.021E-06  delta-k (pcm)
[  NORMAL ]  ...  = 64 D.R. = 0.9747
[  NORMAL ]  Iteration 129:  k_eff = 1.003136   res = 3.845E-06  delta-k (pcm)
[  NORMAL ]  ...  = 62 D.R. = 0.9562
[  NORMAL ]  Iteration 130:  k_eff = 1.003746   res = 3.717E-06  delta-k (pcm)
[  NORMAL ]  ...  = 60 D.R. = 0.9669
[  NORMAL ]  Iteration 131:  k_eff = 1.004340   res = 3.682E-06  delta-k (pcm)
[  NORMAL ]  ...  = 59 D.R. = 0.9904
[  NORMAL ]  Iteration 132:  k_eff = 1.004920   res = 3.561E-06  delta-k (pcm)
[  NORMAL ]  ...  = 57 D.R. = 0.9672
[  NORMAL ]  Iteration 133:  k_eff = 1.005484   res = 3.469E-06  delta-k (pcm)
[  NORMAL ]  ...  = 56 D.R. = 0.9742
[  NORMAL ]  Iteration 134:  k_eff = 1.006034   res = 3.353E-06  delta-k (pcm)
[  NORMAL ]  ...  = 55 D.R. = 0.9667
[  NORMAL ]  Iteration 135:  k_eff = 1.006570   res = 3.330E-06  delta-k (pcm)
[  NORMAL ]  ...  = 53 D.R. = 0.9929
[  NORMAL ]  Iteration 136:  k_eff = 1.007093   res = 3.197E-06  delta-k (pcm)
[  NORMAL ]  ...  = 52 D.R. = 0.9601
[  NORMAL ]  Iteration 137:  k_eff = 1.007602   res = 3.045E-06  delta-k (pcm)
[  NORMAL ]  ...  = 50 D.R. = 0.9525
[  NORMAL ]  Iteration 138:  k_eff = 1.008098   res = 3.097E-06  delta-k (pcm)
[  NORMAL ]  ...  = 49 D.R. = 1.0170
[  NORMAL ]  Iteration 139:  k_eff = 1.008582   res = 2.946E-06  delta-k (pcm)
[  NORMAL ]  ...  = 48 D.R. = 0.9515
[  NORMAL ]  Iteration 140:  k_eff = 1.009053   res = 2.852E-06  delta-k (pcm)
[  NORMAL ]  ...  = 47 D.R. = 0.9678
[  NORMAL ]  Iteration 141:  k_eff = 1.009512   res = 2.844E-06  delta-k (pcm)
[  NORMAL ]  ...  = 45 D.R. = 0.9973
[  NORMAL ]  Iteration 142:  k_eff = 1.009960   res = 2.685E-06  delta-k (pcm)
[  NORMAL ]  ...  = 44 D.R. = 0.9442
[  NORMAL ]  Iteration 143:  k_eff = 1.010396   res = 2.620E-06  delta-k (pcm)
[  NORMAL ]  ...  = 43 D.R. = 0.9758
[  NORMAL ]  Iteration 144:  k_eff = 1.010821   res = 2.643E-06  delta-k (pcm)
[  NORMAL ]  ...  = 42 D.R. = 1.0087
[  NORMAL ]  Iteration 145:  k_eff = 1.011236   res = 2.536E-06  delta-k (pcm)
[  NORMAL ]  ...  = 41 D.R. = 0.9594
[  NORMAL ]  Iteration 146:  k_eff = 1.011639   res = 2.393E-06  delta-k (pcm)
[  NORMAL ]  ...  = 40 D.R. = 0.9437
[  NORMAL ]  Iteration 147:  k_eff = 1.012033   res = 2.462E-06  delta-k (pcm)
[  NORMAL ]  ...  = 39 D.R. = 1.0290
[  NORMAL ]  Iteration 148:  k_eff = 1.012416   res = 2.299E-06  delta-k (pcm)
[  NORMAL ]  ...  = 38 D.R. = 0.9339
[  NORMAL ]  Iteration 149:  k_eff = 1.012790   res = 2.224E-06  delta-k (pcm)
[  NORMAL ]  ...  = 37 D.R. = 0.9671
[  NORMAL ]  Iteration 150:  k_eff = 1.013154   res = 2.221E-06  delta-k (pcm)
[  NORMAL ]  ...  = 36 D.R. = 0.9989
[  NORMAL ]  Iteration 151:  k_eff = 1.013509   res = 2.176E-06  delta-k (pcm)
[  NORMAL ]  ...  = 35 D.R. = 0.9796
[  NORMAL ]  Iteration 152:  k_eff = 1.013855   res = 2.061E-06  delta-k (pcm)
[  NORMAL ]  ...  = 34 D.R. = 0.9470
[  NORMAL ]  Iteration 153:  k_eff = 1.014192   res = 2.025E-06  delta-k (pcm)
[  NORMAL ]  ...  = 33 D.R. = 0.9826
[  NORMAL ]  Iteration 154:  k_eff = 1.014521   res = 1.983E-06  delta-k (pcm)
[  NORMAL ]  ...  = 32 D.R. = 0.9795
[  NORMAL ]  Iteration 155:  k_eff = 1.014841   res = 1.965E-06  delta-k (pcm)
[  NORMAL ]  ...  = 32 D.R. = 0.9911
[  NORMAL ]  Iteration 156:  k_eff = 1.015153   res = 1.841E-06  delta-k (pcm)
[  NORMAL ]  ...  = 31 D.R. = 0.9368
[  NORMAL ]  Iteration 157:  k_eff = 1.015457   res = 1.841E-06  delta-k (pcm)
[  NORMAL ]  ...  = 30 D.R. = 1.0000
[  NORMAL ]  Iteration 158:  k_eff = 1.015753   res = 1.799E-06  delta-k (pcm)
[  NORMAL ]  ...  = 29 D.R. = 0.9773
[  NORMAL ]  Iteration 159:  k_eff = 1.016042   res = 1.751E-06  delta-k (pcm)
[  NORMAL ]  ...  = 28 D.R. = 0.9730
[  NORMAL ]  Iteration 160:  k_eff = 1.016323   res = 1.680E-06  delta-k (pcm)
[  NORMAL ]  ...  = 28 D.R. = 0.9597
[  NORMAL ]  Iteration 161:  k_eff = 1.016597   res = 1.661E-06  delta-k (pcm)
[  NORMAL ]  ...  = 27 D.R. = 0.9885
[  NORMAL ]  Iteration 162:  k_eff = 1.016865   res = 1.580E-06  delta-k (pcm)
[  NORMAL ]  ...  = 26 D.R. = 0.9515
[  NORMAL ]  Iteration 163:  k_eff = 1.017125   res = 1.545E-06  delta-k (pcm)
[  NORMAL ]  ...  = 26 D.R. = 0.9773
[  NORMAL ]  Iteration 164:  k_eff = 1.017379   res = 1.586E-06  delta-k (pcm)
[  NORMAL ]  ...  = 25 D.R. = 1.0268
[  NORMAL ]  Iteration 165:  k_eff = 1.017626   res = 1.485E-06  delta-k (pcm)
[  NORMAL ]  ...  = 24 D.R. = 0.9362
[  NORMAL ]  Iteration 166:  k_eff = 1.017867   res = 1.454E-06  delta-k (pcm)
[  NORMAL ]  ...  = 24 D.R. = 0.9790
[  NORMAL ]  Iteration 167:  k_eff = 1.018102   res = 1.398E-06  delta-k (pcm)
[  NORMAL ]  ...  = 23 D.R. = 0.9621
[  NORMAL ]  Iteration 168:  k_eff = 1.018331   res = 1.375E-06  delta-k (pcm)
[  NORMAL ]  ...  = 22 D.R. = 0.9833
[  NORMAL ]  Iteration 169:  k_eff = 1.018555   res = 1.374E-06  delta-k (pcm)
[  NORMAL ]  ...  = 22 D.R. = 0.9991
[  NORMAL ]  Iteration 170:  k_eff = 1.018772   res = 1.229E-06  delta-k (pcm)
[  NORMAL ]  ...  = 21 D.R. = 0.8945
[  NORMAL ]  Iteration 171:  k_eff = 1.018984   res = 1.280E-06  delta-k (pcm)
[  NORMAL ]  ...  = 21 D.R. = 1.0419
[  NORMAL ]  Iteration 172:  k_eff = 1.019191   res = 1.265E-06  delta-k (pcm)
[  NORMAL ]  ...  = 20 D.R. = 0.9882
[  NORMAL ]  Iteration 173:  k_eff = 1.019392   res = 1.183E-06  delta-k (pcm)
[  NORMAL ]  ...  = 20 D.R. = 0.9351
[  NORMAL ]  Iteration 174:  k_eff = 1.019588   res = 1.191E-06  delta-k (pcm)
[  NORMAL ]  ...  = 19 D.R. = 1.0068
[  NORMAL ]  Iteration 175:  k_eff = 1.019779   res = 1.167E-06  delta-k (pcm)
[  NORMAL ]  ...  = 19 D.R. = 0.9800
[  NORMAL ]  Iteration 176:  k_eff = 1.019965   res = 1.101E-06  delta-k (pcm)
[  NORMAL ]  ...  = 18 D.R. = 0.9428
[  NORMAL ]  Iteration 177:  k_eff = 1.020147   res = 1.083E-06  delta-k (pcm)
[  NORMAL ]  ...  = 18 D.R. = 0.9839
[  NORMAL ]  Iteration 178:  k_eff = 1.020324   res = 1.064E-06  delta-k (pcm)
[  NORMAL ]  ...  = 17 D.R. = 0.9830
[  NORMAL ]  Iteration 179:  k_eff = 1.020496   res = 1.028E-06  delta-k (pcm)
[  NORMAL ]  ...  = 17 D.R. = 0.9654
[  NORMAL ]  Iteration 180:  k_eff = 1.020664   res = 9.995E-07  delta-k (pcm)
[  NORMAL ]  ...  = 16 D.R. = 0.9726
[  NORMAL ]  Iteration 181:  k_eff = 1.020828   res = 9.776E-07  delta-k (pcm)
[  NORMAL ]  ...  = 16 D.R. = 0.9781
[  NORMAL ]  Iteration 182:  k_eff = 1.020988   res = 9.481E-07  delta-k (pcm)
[  NORMAL ]  ...  = 15 D.R. = 0.9698
[  NORMAL ]  Iteration 183:  k_eff = 1.021143   res = 9.664E-07  delta-k (pcm)
[  NORMAL ]  ...  = 15 D.R. = 1.0193
[  NORMAL ]  Iteration 184:  k_eff = 1.021295   res = 8.797E-07  delta-k (pcm)
[  NORMAL ]  ...  = 15 D.R. = 0.9103
[  NORMAL ]  Iteration 185:  k_eff = 1.021442   res = 9.153E-07  delta-k (pcm)
[  NORMAL ]  ...  = 14 D.R. = 1.0404
[  NORMAL ]  Iteration 186:  k_eff = 1.021586   res = 8.651E-07  delta-k (pcm)
[  NORMAL ]  ...  = 14 D.R. = 0.9451
[  NORMAL ]  Iteration 187:  k_eff = 1.021727   res = 8.262E-07  delta-k (pcm)
[  NORMAL ]  ...  = 14 D.R. = 0.9551
[  NORMAL ]  Iteration 188:  k_eff = 1.021863   res = 7.924E-07  delta-k (pcm)
[  NORMAL ]  ...  = 13 D.R. = 0.9591
[  NORMAL ]  Iteration 189:  k_eff = 1.021997   res = 8.723E-07  delta-k (pcm)
[  NORMAL ]  ...  = 13 D.R. = 1.1008
[  NORMAL ]  Iteration 190:  k_eff = 1.022127   res = 7.384E-07  delta-k (pcm)
[  NORMAL ]  ...  = 12 D.R. = 0.8466
[  NORMAL ]  Iteration 191:  k_eff = 1.022253   res = 7.477E-07  delta-k (pcm)
[  NORMAL ]  ...  = 12 D.R. = 1.0125
[  NORMAL ]  Iteration 192:  k_eff = 1.022376   res = 7.721E-07  delta-k (pcm)
[  NORMAL ]  ...  = 12 D.R. = 1.0328
[  NORMAL ]  Iteration 193:  k_eff = 1.022497   res = 7.511E-07  delta-k (pcm)
[  NORMAL ]  ...  = 12 D.R. = 0.9727
[  NORMAL ]  Iteration 194:  k_eff = 1.022614   res = 6.385E-07  delta-k (pcm)
[  NORMAL ]  ...  = 11 D.R. = 0.8501
[  NORMAL ]  Iteration 195:  k_eff = 1.022728   res = 7.781E-07  delta-k (pcm)
[  NORMAL ]  ...  = 11 D.R. = 1.2188
[  NORMAL ]  Iteration 196:  k_eff = 1.022839   res = 6.179E-07  delta-k (pcm)
[  NORMAL ]  ...  = 11 D.R. = 0.7941
[  NORMAL ]  Iteration 197:  k_eff = 1.022948   res = 6.854E-07  delta-k (pcm)
[  NORMAL ]  ...  = 10 D.R. = 1.1092
[  NORMAL ]  Iteration 198:  k_eff = 1.023053   res = 6.278E-07  delta-k (pcm)
[  NORMAL ]  ...  = 10 D.R. = 0.9159
[  NORMAL ]  Iteration 199:  k_eff = 1.023156   res = 6.423E-07  delta-k (pcm)
[  NORMAL ]  ...  = 10 D.R. = 1.0231
[  NORMAL ]  Iteration 200:  k_eff = 1.023257   res = 6.029E-07  delta-k (pcm)
[  NORMAL ]  ...  = 10 D.R. = 0.9387
[  NORMAL ]  Iteration 201:  k_eff = 1.023354   res = 5.927E-07  delta-k (pcm)
[  NORMAL ]  ...  = 9 D.R. = 0.9831
[  NORMAL ]  Iteration 202:  k_eff = 1.023450   res = 5.785E-07  delta-k (pcm)
[  NORMAL ]  ...  = 9 D.R. = 0.9761
[  NORMAL ]  Iteration 203:  k_eff = 1.023543   res = 5.483E-07  delta-k (pcm)
[  NORMAL ]  ...  = 9 D.R. = 0.9478
[  NORMAL ]  Iteration 204:  k_eff = 1.023633   res = 5.039E-07  delta-k (pcm)
[  NORMAL ]  ...  = 9 D.R. = 0.9189
[  NORMAL ]  Iteration 205:  k_eff = 1.023721   res = 4.767E-07  delta-k (pcm)
[  NORMAL ]  ...  = 8 D.R. = 0.9461
[  NORMAL ]  Iteration 206:  k_eff = 1.023807   res = 5.874E-07  delta-k (pcm)
[  NORMAL ]  ...  = 8 D.R. = 1.2320
[  NORMAL ]  Iteration 207:  k_eff = 1.023891   res = 4.828E-07  delta-k (pcm)
[  NORMAL ]  ...  = 8 D.R. = 0.8220
[  NORMAL ]  Iteration 208:  k_eff = 1.023973   res = 4.892E-07  delta-k (pcm)
[  NORMAL ]  ...  = 8 D.R. = 1.0133
[  NORMAL ]  Iteration 209:  k_eff = 1.024052   res = 5.422E-07  delta-k (pcm)
[  NORMAL ]  ...  = 7 D.R. = 1.1082
[  NORMAL ]  Iteration 210:  k_eff = 1.024130   res = 4.219E-07  delta-k (pcm)
[  NORMAL ]  ...  = 7 D.R. = 0.7782
[  NORMAL ]  Iteration 211:  k_eff = 1.024205   res = 4.685E-07  delta-k (pcm)
[  NORMAL ]  ...  = 7 D.R. = 1.1104
[  NORMAL ]  Iteration 212:  k_eff = 1.024279   res = 4.509E-07  delta-k (pcm)
[  NORMAL ]  ...  = 7 D.R. = 0.9624
[  NORMAL ]  Iteration 213:  k_eff = 1.024351   res = 4.601E-07  delta-k (pcm)
[  NORMAL ]  ...  = 7 D.R. = 1.0205
[  NORMAL ]  Iteration 214:  k_eff = 1.024421   res = 4.033E-07  delta-k (pcm)
[  NORMAL ]  ...  = 6 D.R. = 0.8766
[  NORMAL ]  Iteration 215:  k_eff = 1.024489   res = 4.513E-07  delta-k (pcm)
[  NORMAL ]  ...  = 6 D.R. = 1.1189
[  NORMAL ]  Iteration 216:  k_eff = 1.024555   res = 3.417E-07  delta-k (pcm)
[  NORMAL ]  ...  = 6 D.R. = 0.7572
[  NORMAL ]  Iteration 217:  k_eff = 1.024620   res = 4.536E-07  delta-k (pcm)
[  NORMAL ]  ...  = 6 D.R. = 1.3274
[  NORMAL ]  Iteration 218:  k_eff = 1.024683   res = 3.684E-07  delta-k (pcm)
[  NORMAL ]  ...  = 6 D.R. = 0.8121
[  NORMAL ]  Iteration 219:  k_eff = 1.024745   res = 4.234E-07  delta-k (pcm)
[  NORMAL ]  ...  = 6 D.R. = 1.1495
[  NORMAL ]  Iteration 220:  k_eff = 1.024805   res = 3.222E-07  delta-k (pcm)
[  NORMAL ]  ...  = 5 D.R. = 0.7609
[  NORMAL ]  Iteration 221:  k_eff = 1.024863   res = 3.739E-07  delta-k (pcm)
[  NORMAL ]  ...  = 5 D.R. = 1.1607
[  NORMAL ]  Iteration 222:  k_eff = 1.024920   res = 3.462E-07  delta-k (pcm)
[  NORMAL ]  ...  = 5 D.R. = 0.9258
[  NORMAL ]  Iteration 223:  k_eff = 1.024975   res = 3.221E-07  delta-k (pcm)
[  NORMAL ]  ...  = 5 D.R. = 0.9304
[  NORMAL ]  Iteration 224:  k_eff = 1.025029   res = 4.028E-07  delta-k (pcm)
[  NORMAL ]  ...  = 5 D.R. = 1.2506
[  NORMAL ]  Iteration 225:  k_eff = 1.025082   res = 2.911E-07  delta-k (pcm)
[  NORMAL ]  ...  = 5 D.R. = 0.7228
[  NORMAL ]  Iteration 226:  k_eff = 1.025133   res = 3.331E-07  delta-k (pcm)
[  NORMAL ]  ...  = 5 D.R. = 1.1441
[  NORMAL ]  Iteration 227:  k_eff = 1.025183   res = 3.224E-07  delta-k (pcm)
[  NORMAL ]  ...  = 5 D.R. = 0.9679
[  NORMAL ]  Iteration 228:  k_eff = 1.025232   res = 2.883E-07  delta-k (pcm)
[  NORMAL ]  ...  = 4 D.R. = 0.8943
[  NORMAL ]  Iteration 229:  k_eff = 1.025280   res = 3.139E-07  delta-k (pcm)
[  NORMAL ]  ...  = 4 D.R. = 1.0890
[  NORMAL ]  Iteration 230:  k_eff = 1.025326   res = 2.932E-07  delta-k (pcm)
[  NORMAL ]  ...  = 4 D.R. = 0.9338
[  NORMAL ]  Iteration 231:  k_eff = 1.025371   res = 2.930E-07  delta-k (pcm)
[  NORMAL ]  ...  = 4 D.R. = 0.9994
[  NORMAL ]  Iteration 232:  k_eff = 1.025415   res = 3.178E-07  delta-k (pcm)
[  NORMAL ]  ...  = 4 D.R. = 1.0847
[  NORMAL ]  Iteration 233:  k_eff = 1.025458   res = 2.582E-07  delta-k (pcm)
[  NORMAL ]  ...  = 4 D.R. = 0.8125
[  NORMAL ]  Iteration 234:  k_eff = 1.025499   res = 2.662E-07  delta-k (pcm)
[  NORMAL ]  ...  = 4 D.R. = 1.0309
[  NORMAL ]  Iteration 235:  k_eff = 1.025540   res = 2.463E-07  delta-k (pcm)
[  NORMAL ]  ...  = 4 D.R. = 0.9252
[  NORMAL ]  Iteration 236:  k_eff = 1.025580   res = 2.418E-07  delta-k (pcm)
[  NORMAL ]  ...  = 3 D.R. = 0.9816
[  NORMAL ]  Iteration 237:  k_eff = 1.025618   res = 2.629E-07  delta-k (pcm)
[  NORMAL ]  ...  = 3 D.R. = 1.0875
[  NORMAL ]  Iteration 238:  k_eff = 1.025656   res = 2.701E-07  delta-k (pcm)
[  NORMAL ]  ...  = 3 D.R. = 1.0272
[  NORMAL ]  Iteration 239:  k_eff = 1.025693   res = 2.282E-07  delta-k (pcm)
[  NORMAL ]  ...  = 3 D.R. = 0.8451
[  NORMAL ]  Iteration 240:  k_eff = 1.025729   res = 2.372E-07  delta-k (pcm)
[  NORMAL ]  ...  = 3 D.R. = 1.0393
[  NORMAL ]  Iteration 241:  k_eff = 1.025764   res = 2.151E-07  delta-k (pcm)
[  NORMAL ]  ...  = 3 D.R. = 0.9069
[  NORMAL ]  Iteration 242:  k_eff = 1.025797   res = 2.626E-07  delta-k (pcm)
[  NORMAL ]  ...  = 3 D.R. = 1.2208
[  NORMAL ]  Iteration 243:  k_eff = 1.025831   res = 2.091E-07  delta-k (pcm)
[  NORMAL ]  ...  = 3 D.R. = 0.7964
[  NORMAL ]  Iteration 244:  k_eff = 1.025863   res = 2.381E-07  delta-k (pcm)
[  NORMAL ]  ...  = 3 D.R. = 1.1384
[  NORMAL ]  Iteration 245:  k_eff = 1.025894   res = 1.743E-07  delta-k (pcm)
[  NORMAL ]  ...  = 3 D.R. = 0.7319
[  NORMAL ]  Iteration 246:  k_eff = 1.025925   res = 2.272E-07  delta-k (pcm)
[  NORMAL ]  ...  = 3 D.R. = 1.3036
[  NORMAL ]  Iteration 247:  k_eff = 1.025955   res = 2.071E-07  delta-k (pcm)
[  NORMAL ]  ...  = 2 D.R. = 0.9115
[  NORMAL ]  Iteration 248:  k_eff = 1.025984   res = 2.161E-07  delta-k (pcm)
[  NORMAL ]  ...  = 2 D.R. = 1.0437
[  NORMAL ]  Iteration 249:  k_eff = 1.026012   res = 2.229E-07  delta-k (pcm)
[  NORMAL ]  ...  = 2 D.R. = 1.0312
[  NORMAL ]  Iteration 250:  k_eff = 1.026040   res = 2.044E-07  delta-k (pcm)
[  NORMAL ]  ...  = 2 D.R. = 0.9169
[  NORMAL ]  Iteration 251:  k_eff = 1.026067   res = 1.525E-07  delta-k (pcm)
[  NORMAL ]  ...  = 2 D.R. = 0.7463
[  NORMAL ]  Iteration 252:  k_eff = 1.026093   res = 1.830E-07  delta-k (pcm)
[  NORMAL ]  ...  = 2 D.R. = 1.1995
[  NORMAL ]  Iteration 253:  k_eff = 1.026119   res = 2.085E-07  delta-k (pcm)
[  NORMAL ]  ...  = 2 D.R. = 1.1398
[  NORMAL ]  Iteration 254:  k_eff = 1.026144   res = 1.875E-07  delta-k (pcm)
[  NORMAL ]  ...  = 2 D.R. = 0.8991
[  NORMAL ]  Iteration 255:  k_eff = 1.026168   res = 1.310E-07  delta-k (pcm)
[  NORMAL ]  ...  = 2 D.R. = 0.6989
[  NORMAL ]  Iteration 256:  k_eff = 1.026192   res = 1.717E-07  delta-k (pcm)
[  NORMAL ]  ...  = 2 D.R. = 1.3107
[  NORMAL ]  Iteration 257:  k_eff = 1.026215   res = 1.855E-07  delta-k (pcm)
[  NORMAL ]  ...  = 2 D.R. = 1.0800
[  NORMAL ]  Iteration 258:  k_eff = 1.026237   res = 1.782E-07  delta-k (pcm)
[  NORMAL ]  ...  = 2 D.R. = 0.9606
[  NORMAL ]  Iteration 259:  k_eff = 1.026259   res = 1.565E-07  delta-k (pcm)
[  NORMAL ]  ...  = 2 D.R. = 0.8781
[  NORMAL ]  Iteration 260:  k_eff = 1.026281   res = 1.565E-07  delta-k (pcm)
[  NORMAL ]  ...  = 2 D.R. = 1.0004
[  NORMAL ]  Iteration 261:  k_eff = 1.026301   res = 1.495E-07  delta-k (pcm)
[  NORMAL ]  ...  = 2 D.R. = 0.9553
[  NORMAL ]  Iteration 262:  k_eff = 1.026322   res = 1.946E-07  delta-k (pcm)
[  NORMAL ]  ...  = 2 D.R. = 1.3017
[  NORMAL ]  Iteration 263:  k_eff = 1.026342   res = 1.372E-07  delta-k (pcm)
[  NORMAL ]  ...  = 1 D.R. = 0.7050
[  NORMAL ]  Iteration 264:  k_eff = 1.026361   res = 1.931E-07  delta-k (pcm)
[  NORMAL ]  ...  = 1 D.R. = 1.4072
[  NORMAL ]  Iteration 265:  k_eff = 1.026380   res = 1.222E-07  delta-k (pcm)
[  NORMAL ]  ...  = 1 D.R. = 0.6329
[  NORMAL ]  Iteration 266:  k_eff = 1.026398   res = 1.623E-07  delta-k (pcm)
[  NORMAL ]  ...  = 1 D.R. = 1.3280
[  NORMAL ]  Iteration 267:  k_eff = 1.026416   res = 1.017E-07  delta-k (pcm)
[  NORMAL ]  ...  = 1 D.R. = 0.6268
[  NORMAL ]  Iteration 268:  k_eff = 1.026433   res = 1.505E-07  delta-k (pcm)
[  NORMAL ]  ...  = 1 D.R. = 1.4791
[  NORMAL ]  Iteration 269:  k_eff = 1.026450   res = 1.109E-07  delta-k (pcm)
[  NORMAL ]  ...  = 1 D.R. = 0.7374
[  NORMAL ]  Iteration 270:  k_eff = 1.026467   res = 1.378E-07  delta-k (pcm)
[  NORMAL ]  ...  = 1 D.R. = 1.2423
[  NORMAL ]  Iteration 271:  k_eff = 1.026483   res = 1.421E-07  delta-k (pcm)
[  NORMAL ]  ...  = 1 D.R. = 1.0307
[  NORMAL ]  Iteration 272:  k_eff = 1.026498   res = 1.229E-07  delta-k (pcm)
[  NORMAL ]  ...  = 1 D.R. = 0.8649
[  NORMAL ]  Iteration 273:  k_eff = 1.026513   res = 1.260E-07  delta-k (pcm)
[  NORMAL ]  ...  = 1 D.R. = 1.0255
[  NORMAL ]  Iteration 274:  k_eff = 1.026528   res = 1.458E-07  delta-k (pcm)
[  NORMAL ]  ...  = 1 D.R. = 1.1568
[  NORMAL ]  Iteration 275:  k_eff = 1.026543   res = 1.314E-07  delta-k (pcm)
[  NORMAL ]  ...  = 1 D.R. = 0.9017
[  NORMAL ]  Iteration 276:  k_eff = 1.026557   res = 1.508E-07  delta-k (pcm)
[  NORMAL ]  ...  = 1 D.R. = 1.1473
[  NORMAL ]  Iteration 277:  k_eff = 1.026571   res = 1.003E-07  delta-k (pcm)
[  NORMAL ]  ...  = 1 D.R. = 0.6652
[  NORMAL ]  Iteration 278:  k_eff = 1.026584   res = 1.089E-07  delta-k (pcm)
[  NORMAL ]  ...  = 1 D.R. = 1.0855
[  NORMAL ]  Iteration 279:  k_eff = 1.026597   res = 1.311E-07  delta-k (pcm)
[  NORMAL ]  ...  = 1 D.R. = 1.2041
[  NORMAL ]  Iteration 280:  k_eff = 1.026610   res = 8.973E-08  delta-k (pcm)
[  NORMAL ]  ...  = 1 D.R. = 0.6844
[  NORMAL ]  Iteration 281:  k_eff = 1.026623   res = 1.043E-07  delta-k (pcm)
[  NORMAL ]  ...  = 1 D.R. = 1.1629
[  NORMAL ]  Iteration 282:  k_eff = 1.026635   res = 1.057E-07  delta-k (pcm)
[  NORMAL ]  ...  = 1 D.R. = 1.0127
[  NORMAL ]  Iteration 283:  k_eff = 1.026647   res = 1.096E-07  delta-k (pcm)
[  NORMAL ]  ...  = 1 D.R. = 1.0367
[  NORMAL ]  Iteration 284:  k_eff = 1.026658   res = 1.422E-07  delta-k (pcm)
[  NORMAL ]  ...  = 1 D.R. = 1.2977
[  NORMAL ]  Iteration 285:  k_eff = 1.026669   res = 1.248E-07  delta-k (pcm)
[  NORMAL ]  ...  = 1 D.R. = 0.8776
[  NORMAL ]  Iteration 286:  k_eff = 1.026680   res = 1.068E-07  delta-k (pcm)
[  NORMAL ]  ...  = 1 D.R. = 0.8562
[  NORMAL ]  Iteration 287:  k_eff = 1.026691   res = 1.351E-07  delta-k (pcm)
[  NORMAL ]  ...  = 1 D.R. = 1.2650
[  NORMAL ]  Iteration 288:  k_eff = 1.026701   res = 9.600E-08  delta-k (pcm)
[  NORMAL ]  ...  = 1 D.R. = 0.7104
[  NORMAL ]  Iteration 289:  k_eff = 1.026711   res = 1.111E-07  delta-k (pcm)
[  NORMAL ]  ...  = 1 D.R. = 1.1569
[  NORMAL ]  Iteration 290:  k_eff = 1.026721   res = 1.215E-07  delta-k (pcm)
[  NORMAL ]  ...  = 0 D.R. = 1.0944
[  TITLE  ]  *******************************************************************
[  TITLE  ]                             TIMING REPORT                           
[  TITLE  ]  *******************************************************************
[  RESULT ]  Total Track Generation & Segmentation Time...........1.6789E-02 sec
[  RESULT ]  Total time to solution...............................9.7026E-01 sec
[  RESULT ]    Solver initialization..............................5.4161E-03 sec
[  RESULT ]    Transport Sweep....................................6.0007E-01 sec
[  RESULT ]  Integration time by segment-group-thread (sweep).....7.9963E-08 sec
[  RESULT ]  Integration time by segment-group-thread (total).....1.2929E-07 sec
[SEPARATOR]  -------------------------------------------------------------------
[  RESULT ]             # tracks          # segments          # FSRs
[SEPARATOR]  -------------------------------------------------------------------
[  RESULT ]                4056              14736              40              
[SEPARATOR]  -------------------------------------------------------------------
