Current local time and date: Tue Apr 14 19:11:46 2026
[  NORMAL ]  Importing materials data from HDF5...
[  NORMAL ]  Creating surfaces...
[  NORMAL ]  Creating cells...
[  NORMAL ]  Creating universes...
[  NORMAL ]  Creating geometry...
[  NORMAL ]  Initializing flat source regions...
[  NORMAL ]  Initializing the track generator...
[  NORMAL ]  CPUs on rank 0 process: 0 1 2 3 4 5 6 7 
[  NORMAL ]  Initializing a default angular quadrature...
[  NORMAL ]  Initializing 2D tracks...
[  NORMAL ]  Initializing 2D tracks reflections...
[  NORMAL ]  Initializing 2D tracks array...
[  NORMAL ]  Ray tracing for 2D track segmentation...
[ WARNING ]  The Geometry was set with non-infinite z-boundaries and supplied
[ WARNING ]  ...  to a 2D TrackGenerator. The min-z boundary was set to -2.00 
[ WARNING ]  ... and the max-z boundary was set to  2.00. Z-boundaries are 
[ WARNING ]  ... assumed to be infinite in 2D TrackGenerators.
[  NORMAL ]  Progress Segmenting 2D tracks: 0.86 %
[  NORMAL ]  Progress Segmenting 2D tracks: 10.34 %
[  NORMAL ]  Progress Segmenting 2D tracks: 19.83 %
[  NORMAL ]  Progress Segmenting 2D tracks: 29.31 %
[  NORMAL ]  Progress Segmenting 2D tracks: 38.79 %
[  NORMAL ]  Progress Segmenting 2D tracks: 48.28 %
[  NORMAL ]  Progress Segmenting 2D tracks: 57.76 %
[  NORMAL ]  Progress Segmenting 2D tracks: 67.24 %
[  NORMAL ]  Progress Segmenting 2D tracks: 76.72 %
[  NORMAL ]  Progress Segmenting 2D tracks: 86.21 %
[  NORMAL ]  Progress Segmenting 2D tracks: 100.00 %
[  NORMAL ]  Initializing FSR lookup vectors
[  NORMAL ]  Total number of FSRs 40
[  NORMAL ]  Initializing MOC eigenvalue solver...
[  NORMAL ]  Initializing solver arrays...
[  NORMAL ]  Centering segments around FSR centroid...
[  NORMAL ]  Max linear constant storage per domain =   0.00 MB
[  NORMAL ]  Generating linear expansion coefficients
[  NORMAL ]  Progress Initializing linear source constant components: 0.86 %
[  NORMAL ]  Progress Initializing linear source constant components: 10.34 %
[  NORMAL ]  Progress Initializing linear source constant components: 19.83 %
[  NORMAL ]  Progress Initializing linear source constant components: 29.31 %
[  NORMAL ]  Progress Initializing linear source constant components: 38.79 %
[  NORMAL ]  Progress Initializing linear source constant components: 48.28 %
[  NORMAL ]  Progress Initializing linear source constant components: 57.76 %
[  NORMAL ]  Progress Initializing linear source constant components: 67.24 %
[  NORMAL ]  Progress Initializing linear source constant components: 76.72 %
[  NORMAL ]  Progress Initializing linear source constant components: 86.21 %
[  NORMAL ]  Progress Initializing linear source constant components: 100.00 %
[  NORMAL ]  Linear expansion coefficient generation complete
[  NORMAL ]  Max boundary angular flux storage per domain =   0.04 MB
[  NORMAL ]  Max scalar flux storage per domain =   0.00 MB
[  NORMAL ]  Max linear flux storage per domain =   0.00 MB
[  NORMAL ]  Max source storage per domain =   0.00 MB
[  NORMAL ]  Max linear source storage per domain =   0.00 MB
[  NORMAL ]  Number of azimuthal angles = 4
[  NORMAL ]  Azimuthal ray spacing = 0.100000
[  NORMAL ]  Number of polar angles = 6
[  NORMAL ]  Source type = Linear
[  NORMAL ]  MOC transport undamped
[  NORMAL ]  CMFD acceleration: OFF
[  NORMAL ]  Using 8 threads
[  NORMAL ]  Computing the eigenvalue...
[  NORMAL ]  Iteration 0:  k_eff = 0.883624   res = 2.153E-02  delta-k (pcm) =
[  NORMAL ]  ...  -11637 D.R. = 0.0215
[  NORMAL ]  Iteration 1:  k_eff = 0.851606   res = 8.730E-03  delta-k (pcm) =
[  NORMAL ]  ...  -3201 D.R. = 0.4055
[  NORMAL ]  Iteration 2:  k_eff = 0.850763   res = 1.094E-03  delta-k (pcm) =
[  NORMAL ]  ...  -84 D.R. = 0.1253
[  NORMAL ]  Iteration 3:  k_eff = 0.837869   res = 9.053E-04  delta-k (pcm) =
[  NORMAL ]  ...  -1289 D.R. = 0.8273
[  NORMAL ]  Iteration 4:  k_eff = 0.828002   res = 4.386E-04  delta-k (pcm) =
[  NORMAL ]  ...  -986 D.R. = 0.4845
[  NORMAL ]  Iteration 5:  k_eff = 0.816428   res = 3.054E-04  delta-k (pcm) =
[  NORMAL ]  ...  -1157 D.R. = 0.6964
[  NORMAL ]  Iteration 6:  k_eff = 0.805664   res = 2.228E-04  delta-k (pcm) =
[  NORMAL ]  ...  -1076 D.R. = 0.7296
[  NORMAL ]  Iteration 7:  k_eff = 0.795267   res = 1.454E-04  delta-k (pcm) =
[  NORMAL ]  ...  -1039 D.R. = 0.6523
[  NORMAL ]  Iteration 8:  k_eff = 0.785885   res = 1.023E-04  delta-k (pcm) =
[  NORMAL ]  ...  -938 D.R. = 0.7037
[  NORMAL ]  Iteration 9:  k_eff = 0.777403   res = 1.056E-04  delta-k (pcm) =
[  NORMAL ]  ...  -848 D.R. = 1.0319
[  NORMAL ]  Iteration 10:  k_eff = 0.769966   res = 1.311E-04  delta-k (pcm) =
[  NORMAL ]  ...  -743 D.R. = 1.2415
[  NORMAL ]  Iteration 11:  k_eff = 0.763497   res = 1.529E-04  delta-k (pcm) =
[  NORMAL ]  ...  -646 D.R. = 1.1666
[  NORMAL ]  Iteration 12:  k_eff = 0.757980   res = 1.664E-04  delta-k (pcm) =
[  NORMAL ]  ...  -551 D.R. = 1.0881
[  NORMAL ]  Iteration 13:  k_eff = 0.753331   res = 1.722E-04  delta-k (pcm) =
[  NORMAL ]  ...  -464 D.R. = 1.0352
[  NORMAL ]  Iteration 14:  k_eff = 0.749486   res = 1.710E-04  delta-k (pcm) =
[  NORMAL ]  ...  -384 D.R. = 0.9932
[  NORMAL ]  Iteration 15:  k_eff = 0.746360   res = 1.653E-04  delta-k (pcm) =
[  NORMAL ]  ...  -312 D.R. = 0.9664
[  NORMAL ]  Iteration 16:  k_eff = 0.743876   res = 1.558E-04  delta-k (pcm) =
[  NORMAL ]  ...  -248 D.R. = 0.9424
[  NORMAL ]  Iteration 17:  k_eff = 0.741957   res = 1.442E-04  delta-k (pcm) =
[  NORMAL ]  ...  -191 D.R. = 0.9256
[  NORMAL ]  Iteration 18:  k_eff = 0.740529   res = 1.313E-04  delta-k (pcm) =
[  NORMAL ]  ...  -142 D.R. = 0.9104
[  NORMAL ]  Iteration 19:  k_eff = 0.739527   res = 1.179E-04  delta-k (pcm) =
[  NORMAL ]  ...  -100 D.R. = 0.8980
[  NORMAL ]  Iteration 20:  k_eff = 0.738889   res = 1.044E-04  delta-k (pcm) =
[  NORMAL ]  ...  -63 D.R. = 0.8858
[  NORMAL ]  Iteration 21:  k_eff = 0.738559   res = 9.162E-05  delta-k (pcm) =
[  NORMAL ]  ...  -32 D.R. = 0.8774
[  NORMAL ]  Iteration 22:  k_eff = 0.738489   res = 7.939E-05  delta-k (pcm) =
[  NORMAL ]  ...  -6 D.R. = 0.8665
[  NORMAL ]  Iteration 23:  k_eff = 0.738636   res = 6.811E-05  delta-k (pcm) =
[  NORMAL ]  ...  14 D.R. = 0.8579
[  NORMAL ]  Iteration 24:  k_eff = 0.738963   res = 5.783E-05  delta-k (pcm) =
[  NORMAL ]  ...  32 D.R. = 0.8490
[  NORMAL ]  Iteration 25:  k_eff = 0.739436   res = 4.853E-05  delta-k (pcm) =
[  NORMAL ]  ...  47 D.R. = 0.8392
[  NORMAL ]  Iteration 26:  k_eff = 0.740029   res = 4.033E-05  delta-k (pcm) =
[  NORMAL ]  ...  59 D.R. = 0.8311
[  NORMAL ]  Iteration 27:  k_eff = 0.740718   res = 3.304E-05  delta-k (pcm) =
[  NORMAL ]  ...  68 D.R. = 0.8193
[  NORMAL ]  Iteration 28:  k_eff = 0.741482   res = 2.669E-05  delta-k (pcm) =
[  NORMAL ]  ...  76 D.R. = 0.8076
[  NORMAL ]  Iteration 29:  k_eff = 0.742305   res = 2.118E-05  delta-k (pcm) =
[  NORMAL ]  ...  82 D.R. = 0.7935
[  NORMAL ]  Iteration 30:  k_eff = 0.743173   res = 1.649E-05  delta-k (pcm) =
[  NORMAL ]  ...  86 D.R. = 0.7789
[  NORMAL ]  Iteration 31:  k_eff = 0.744074   res = 1.245E-05  delta-k (pcm) =
[  NORMAL ]  ...  90 D.R. = 0.7550
[  NORMAL ]  Iteration 32:  k_eff = 0.744999   res = 9.067E-06  delta-k (pcm) =
[  NORMAL ]  ...  92 D.R. = 0.7281
[  NORMAL ]  Iteration 33:  k_eff = 0.745938   res = 6.201E-06  delta-k (pcm) =
[  NORMAL ]  ...  93 D.R. = 0.6838
[  NORMAL ]  Iteration 34:  k_eff = 0.746887   res = 3.920E-06  delta-k (pcm) =
[  NORMAL ]  ...  94 D.R. = 0.6323
[  NORMAL ]  Iteration 35:  k_eff = 0.747839   res = 2.196E-06  delta-k (pcm) =
[  NORMAL ]  ...  95 D.R. = 0.5601
[  NORMAL ]  Iteration 36:  k_eff = 0.748790   res = 1.547E-06  delta-k (pcm) =
[  NORMAL ]  ...  95 D.R. = 0.7047
[  NORMAL ]  Iteration 37:  k_eff = 0.749737   res = 2.081E-06  delta-k (pcm) =
[  NORMAL ]  ...  94 D.R. = 1.3452
[  NORMAL ]  Iteration 38:  k_eff = 0.750676   res = 2.928E-06  delta-k (pcm) =
[  NORMAL ]  ...  93 D.R. = 1.4066
[  NORMAL ]  Iteration 39:  k_eff = 0.751607   res = 3.708E-06  delta-k (pcm) =
[  NORMAL ]  ...  93 D.R. = 1.2666
[  NORMAL ]  Iteration 40:  k_eff = 0.752526   res = 4.312E-06  delta-k (pcm) =
[  NORMAL ]  ...  91 D.R. = 1.1628
[  NORMAL ]  Iteration 41:  k_eff = 0.753433   res = 4.917E-06  delta-k (pcm) =
[  NORMAL ]  ...  90 D.R. = 1.1402
[  NORMAL ]  Iteration 42:  k_eff = 0.754326   res = 5.233E-06  delta-k (pcm) =
[  NORMAL ]  ...  89 D.R. = 1.0643
[  NORMAL ]  Iteration 43:  k_eff = 0.755205   res = 5.546E-06  delta-k (pcm) =
[  NORMAL ]  ...  87 D.R. = 1.0598
[  NORMAL ]  Iteration 44:  k_eff = 0.756069   res = 5.848E-06  delta-k (pcm) =
[  NORMAL ]  ...  86 D.R. = 1.0545
[  NORMAL ]  Iteration 45:  k_eff = 0.756919   res = 5.905E-06  delta-k (pcm) =
[  NORMAL ]  ...  84 D.R. = 1.0098
[  NORMAL ]  Iteration 46:  k_eff = 0.757753   res = 6.049E-06  delta-k (pcm) =
[  NORMAL ]  ...  83 D.R. = 1.0244
[  NORMAL ]  Iteration 47:  k_eff = 0.758571   res = 6.043E-06  delta-k (pcm) =
[  NORMAL ]  ...  81 D.R. = 0.9990
[  NORMAL ]  Iteration 48:  k_eff = 0.759374   res = 6.061E-06  delta-k (pcm) =
[  NORMAL ]  ...  80 D.R. = 1.0028
[  NORMAL ]  Iteration 49:  k_eff = 0.760161   res = 6.037E-06  delta-k (pcm) =
[  NORMAL ]  ...  78 D.R. = 0.9962
[  NORMAL ]  Iteration 50:  k_eff = 0.760933   res = 6.011E-06  delta-k (pcm) =
[  NORMAL ]  ...  77 D.R. = 0.9956
[  NORMAL ]  Iteration 51:  k_eff = 0.761690   res = 5.953E-06  delta-k (pcm) =
[  NORMAL ]  ...  75 D.R. = 0.9904
[  NORMAL ]  Iteration 52:  k_eff = 0.762432   res = 5.801E-06  delta-k (pcm) =
[  NORMAL ]  ...  74 D.R. = 0.9746
[  NORMAL ]  Iteration 53:  k_eff = 0.763159   res = 5.781E-06  delta-k (pcm) =
[  NORMAL ]  ...  72 D.R. = 0.9964
[  NORMAL ]  Iteration 54:  k_eff = 0.763871   res = 5.694E-06  delta-k (pcm) =
[  NORMAL ]  ...  71 D.R. = 0.9851
[  NORMAL ]  Iteration 55:  k_eff = 0.764569   res = 5.512E-06  delta-k (pcm) =
[  NORMAL ]  ...  69 D.R. = 0.9680
[  NORMAL ]  Iteration 56:  k_eff = 0.765252   res = 5.440E-06  delta-k (pcm) =
[  NORMAL ]  ...  68 D.R. = 0.9870
[  NORMAL ]  Iteration 57:  k_eff = 0.765922   res = 5.358E-06  delta-k (pcm) =
[  NORMAL ]  ...  66 D.R. = 0.9848
[  NORMAL ]  Iteration 58:  k_eff = 0.766578   res = 5.238E-06  delta-k (pcm) =
[  NORMAL ]  ...  65 D.R. = 0.9776
[  NORMAL ]  Iteration 59:  k_eff = 0.767220   res = 5.101E-06  delta-k (pcm) =
[  NORMAL ]  ...  64 D.R. = 0.9739
[  NORMAL ]  Iteration 60:  k_eff = 0.767850   res = 5.001E-06  delta-k (pcm) =
[  NORMAL ]  ...  62 D.R. = 0.9804
[  NORMAL ]  Iteration 61:  k_eff = 0.768466   res = 4.935E-06  delta-k (pcm) =
[  NORMAL ]  ...  61 D.R. = 0.9868
[  NORMAL ]  Iteration 62:  k_eff = 0.769070   res = 4.732E-06  delta-k (pcm) =
[  NORMAL ]  ...  60 D.R. = 0.9589
[  NORMAL ]  Iteration 63:  k_eff = 0.769661   res = 4.731E-06  delta-k (pcm) =
[  NORMAL ]  ...  59 D.R. = 0.9998
[  NORMAL ]  Iteration 64:  k_eff = 0.770240   res = 4.549E-06  delta-k (pcm) =
[  NORMAL ]  ...  57 D.R. = 0.9615
[  NORMAL ]  Iteration 65:  k_eff = 0.770807   res = 4.462E-06  delta-k (pcm) =
[  NORMAL ]  ...  56 D.R. = 0.9809
[  NORMAL ]  Iteration 66:  k_eff = 0.771363   res = 4.376E-06  delta-k (pcm) =
[  NORMAL ]  ...  55 D.R. = 0.9808
[  NORMAL ]  Iteration 67:  k_eff = 0.771907   res = 4.255E-06  delta-k (pcm) =
[  NORMAL ]  ...  54 D.R. = 0.9723
[  NORMAL ]  Iteration 68:  k_eff = 0.772440   res = 4.178E-06  delta-k (pcm) =
[  NORMAL ]  ...  53 D.R. = 0.9819
[  NORMAL ]  Iteration 69:  k_eff = 0.772961   res = 4.052E-06  delta-k (pcm) =
[  NORMAL ]  ...  52 D.R. = 0.9697
[  NORMAL ]  Iteration 70:  k_eff = 0.773472   res = 3.969E-06  delta-k (pcm) =
[  NORMAL ]  ...  51 D.R. = 0.9795
[  NORMAL ]  Iteration 71:  k_eff = 0.773973   res = 3.966E-06  delta-k (pcm) =
[  NORMAL ]  ...  50 D.R. = 0.9994
[  NORMAL ]  Iteration 72:  k_eff = 0.774463   res = 3.773E-06  delta-k (pcm) =
[  NORMAL ]  ...  49 D.R. = 0.9512
[  NORMAL ]  Iteration 73:  k_eff = 0.774943   res = 3.687E-06  delta-k (pcm) =
[  NORMAL ]  ...  48 D.R. = 0.9773
[  NORMAL ]  Iteration 74:  k_eff = 0.775414   res = 3.698E-06  delta-k (pcm) =
[  NORMAL ]  ...  47 D.R. = 1.0029
[  NORMAL ]  Iteration 75:  k_eff = 0.775874   res = 3.532E-06  delta-k (pcm) =
[  NORMAL ]  ...  46 D.R. = 0.9553
[  NORMAL ]  Iteration 76:  k_eff = 0.776325   res = 3.516E-06  delta-k (pcm) =
[  NORMAL ]  ...  45 D.R. = 0.9954
[  NORMAL ]  Iteration 77:  k_eff = 0.776767   res = 3.410E-06  delta-k (pcm) =
[  NORMAL ]  ...  44 D.R. = 0.9699
[  NORMAL ]  Iteration 78:  k_eff = 0.777199   res = 3.305E-06  delta-k (pcm) =
[  NORMAL ]  ...  43 D.R. = 0.9690
[  NORMAL ]  Iteration 79:  k_eff = 0.777623   res = 3.247E-06  delta-k (pcm) =
[  NORMAL ]  ...  42 D.R. = 0.9826
[  NORMAL ]  Iteration 80:  k_eff = 0.778038   res = 3.184E-06  delta-k (pcm) =
[  NORMAL ]  ...  41 D.R. = 0.9805
[  NORMAL ]  Iteration 81:  k_eff = 0.778444   res = 3.147E-06  delta-k (pcm) =
[  NORMAL ]  ...  40 D.R. = 0.9882
[  NORMAL ]  Iteration 82:  k_eff = 0.778842   res = 3.035E-06  delta-k (pcm) =
[  NORMAL ]  ...  39 D.R. = 0.9647
[  NORMAL ]  Iteration 83:  k_eff = 0.779232   res = 2.953E-06  delta-k (pcm) =
[  NORMAL ]  ...  38 D.R. = 0.9728
[  NORMAL ]  Iteration 84:  k_eff = 0.779614   res = 2.903E-06  delta-k (pcm) =
[  NORMAL ]  ...  38 D.R. = 0.9833
[  NORMAL ]  Iteration 85:  k_eff = 0.779988   res = 2.861E-06  delta-k (pcm) =
[  NORMAL ]  ...  37 D.R. = 0.9855
[  NORMAL ]  Iteration 86:  k_eff = 0.780354   res = 2.831E-06  delta-k (pcm) =
[  NORMAL ]  ...  36 D.R. = 0.9893
[  NORMAL ]  Iteration 87:  k_eff = 0.780713   res = 2.705E-06  delta-k (pcm) =
[  NORMAL ]  ...  35 D.R. = 0.9555
[  NORMAL ]  Iteration 88:  k_eff = 0.781064   res = 2.684E-06  delta-k (pcm) =
[  NORMAL ]  ...  35 D.R. = 0.9922
[  NORMAL ]  Iteration 89:  k_eff = 0.781408   res = 2.612E-06  delta-k (pcm) =
[  NORMAL ]  ...  34 D.R. = 0.9734
[  NORMAL ]  Iteration 90:  k_eff = 0.781745   res = 2.588E-06  delta-k (pcm) =
[  NORMAL ]  ...  33 D.R. = 0.9906
[  NORMAL ]  Iteration 91:  k_eff = 0.782075   res = 2.425E-06  delta-k (pcm) =
[  NORMAL ]  ...  33 D.R. = 0.9372
[  NORMAL ]  Iteration 92:  k_eff = 0.782398   res = 2.468E-06  delta-k (pcm) =
[  NORMAL ]  ...  32 D.R. = 1.0176
[  NORMAL ]  Iteration 93:  k_eff = 0.782715   res = 2.398E-06  delta-k (pcm) =
[  NORMAL ]  ...  31 D.R. = 0.9715
[  NORMAL ]  Iteration 94:  k_eff = 0.783025   res = 2.331E-06  delta-k (pcm) =
[  NORMAL ]  ...  31 D.R. = 0.9723
[  NORMAL ]  Iteration 95:  k_eff = 0.783328   res = 2.347E-06  delta-k (pcm) =
[  NORMAL ]  ...  30 D.R. = 1.0066
[  NORMAL ]  Iteration 96:  k_eff = 0.783626   res = 2.244E-06  delta-k (pcm) =
[  NORMAL ]  ...  29 D.R. = 0.9563
[  NORMAL ]  Iteration 97:  k_eff = 0.783917   res = 2.177E-06  delta-k (pcm) =
[  NORMAL ]  ...  29 D.R. = 0.9704
[  NORMAL ]  Iteration 98:  k_eff = 0.784202   res = 2.152E-06  delta-k (pcm) =
[  NORMAL ]  ...  28 D.R. = 0.9884
[  NORMAL ]  Iteration 99:  k_eff = 0.784481   res = 2.104E-06  delta-k (pcm) =
[  NORMAL ]  ...  27 D.R. = 0.9776
[  NORMAL ]  Iteration 100:  k_eff = 0.784755   res = 2.042E-06  delta-k (pcm)
[  NORMAL ]  ...  = 27 D.R. = 0.9705
[  NORMAL ]  Iteration 101:  k_eff = 0.785023   res = 2.010E-06  delta-k (pcm)
[  NORMAL ]  ...  = 26 D.R. = 0.9843
[  NORMAL ]  Iteration 102:  k_eff = 0.785285   res = 1.953E-06  delta-k (pcm)
[  NORMAL ]  ...  = 26 D.R. = 0.9715
[  NORMAL ]  Iteration 103:  k_eff = 0.785543   res = 1.948E-06  delta-k (pcm)
[  NORMAL ]  ...  = 25 D.R. = 0.9974
[  NORMAL ]  Iteration 104:  k_eff = 0.785794   res = 1.919E-06  delta-k (pcm)
[  NORMAL ]  ...  = 25 D.R. = 0.9852
[  NORMAL ]  Iteration 105:  k_eff = 0.786041   res = 1.823E-06  delta-k (pcm)
[  NORMAL ]  ...  = 24 D.R. = 0.9499
[  NORMAL ]  Iteration 106:  k_eff = 0.786282   res = 1.863E-06  delta-k (pcm)
[  NORMAL ]  ...  = 24 D.R. = 1.0219
[  NORMAL ]  Iteration 107:  k_eff = 0.786519   res = 1.750E-06  delta-k (pcm)
[  NORMAL ]  ...  = 23 D.R. = 0.9393
[  NORMAL ]  Iteration 108:  k_eff = 0.786750   res = 1.728E-06  delta-k (pcm)
[  NORMAL ]  ...  = 23 D.R. = 0.9877
[  NORMAL ]  Iteration 109:  k_eff = 0.786977   res = 1.686E-06  delta-k (pcm)
[  NORMAL ]  ...  = 22 D.R. = 0.9758
[  NORMAL ]  Iteration 110:  k_eff = 0.787200   res = 1.628E-06  delta-k (pcm)
[  NORMAL ]  ...  = 22 D.R. = 0.9652
[  NORMAL ]  Iteration 111:  k_eff = 0.787417   res = 1.671E-06  delta-k (pcm)
[  NORMAL ]  ...  = 21 D.R. = 1.0269
[  NORMAL ]  Iteration 112:  k_eff = 0.787630   res = 1.598E-06  delta-k (pcm)
[  NORMAL ]  ...  = 21 D.R. = 0.9563
[  NORMAL ]  Iteration 113:  k_eff = 0.787839   res = 1.516E-06  delta-k (pcm)
[  NORMAL ]  ...  = 20 D.R. = 0.9486
[  NORMAL ]  Iteration 114:  k_eff = 0.788043   res = 1.546E-06  delta-k (pcm)
[  NORMAL ]  ...  = 20 D.R. = 1.0194
[  NORMAL ]  Iteration 115:  k_eff = 0.788244   res = 1.489E-06  delta-k (pcm)
[  NORMAL ]  ...  = 20 D.R. = 0.9635
[  NORMAL ]  Iteration 116:  k_eff = 0.788440   res = 1.499E-06  delta-k (pcm)
[  NORMAL ]  ...  = 19 D.R. = 1.0064
[  NORMAL ]  Iteration 117:  k_eff = 0.788632   res = 1.396E-06  delta-k (pcm)
[  NORMAL ]  ...  = 19 D.R. = 0.9317
[  NORMAL ]  Iteration 118:  k_eff = 0.788820   res = 1.445E-06  delta-k (pcm)
[  NORMAL ]  ...  = 18 D.R. = 1.0345
[  NORMAL ]  Iteration 119:  k_eff = 0.789004   res = 1.308E-06  delta-k (pcm)
[  NORMAL ]  ...  = 18 D.R. = 0.9053
[  NORMAL ]  Iteration 120:  k_eff = 0.789184   res = 1.371E-06  delta-k (pcm)
[  NORMAL ]  ...  = 18 D.R. = 1.0480
[  NORMAL ]  Iteration 121:  k_eff = 0.789361   res = 1.323E-06  delta-k (pcm)
[  NORMAL ]  ...  = 17 D.R. = 0.9655
[  NORMAL ]  Iteration 122:  k_eff = 0.789534   res = 1.278E-06  delta-k (pcm)
[  NORMAL ]  ...  = 17 D.R. = 0.9659
[  NORMAL ]  Iteration 123:  k_eff = 0.789704   res = 1.257E-06  delta-k (pcm)
[  NORMAL ]  ...  = 16 D.R. = 0.9833
[  NORMAL ]  Iteration 124:  k_eff = 0.789870   res = 1.229E-06  delta-k (pcm)
[  NORMAL ]  ...  = 16 D.R. = 0.9776
[  NORMAL ]  Iteration 125:  k_eff = 0.790032   res = 1.214E-06  delta-k (pcm)
[  NORMAL ]  ...  = 16 D.R. = 0.9880
[  NORMAL ]  Iteration 126:  k_eff = 0.790192   res = 1.186E-06  delta-k (pcm)
[  NORMAL ]  ...  = 15 D.R. = 0.9770
[  NORMAL ]  Iteration 127:  k_eff = 0.790347   res = 1.149E-06  delta-k (pcm)
[  NORMAL ]  ...  = 15 D.R. = 0.9689
[  NORMAL ]  Iteration 128:  k_eff = 0.790500   res = 1.148E-06  delta-k (pcm)
[  NORMAL ]  ...  = 15 D.R. = 0.9993
[  NORMAL ]  Iteration 129:  k_eff = 0.790650   res = 1.081E-06  delta-k (pcm)
[  NORMAL ]  ...  = 14 D.R. = 0.9417
[  NORMAL ]  Iteration 130:  k_eff = 0.790796   res = 1.103E-06  delta-k (pcm)
[  NORMAL ]  ...  = 14 D.R. = 1.0197
[  NORMAL ]  Iteration 131:  k_eff = 0.790940   res = 1.079E-06  delta-k (pcm)
[  NORMAL ]  ...  = 14 D.R. = 0.9788
[  NORMAL ]  Iteration 132:  k_eff = 0.791080   res = 1.014E-06  delta-k (pcm)
[  NORMAL ]  ...  = 14 D.R. = 0.9398
[  NORMAL ]  Iteration 133:  k_eff = 0.791218   res = 1.063E-06  delta-k (pcm)
[  NORMAL ]  ...  = 13 D.R. = 1.0478
[  NORMAL ]  Iteration 134:  k_eff = 0.791353   res = 9.669E-07  delta-k (pcm)
[  NORMAL ]  ...  = 13 D.R. = 0.9098
[  NORMAL ]  Iteration 135:  k_eff = 0.791485   res = 9.702E-07  delta-k (pcm)
[  NORMAL ]  ...  = 13 D.R. = 1.0035
[  NORMAL ]  Iteration 136:  k_eff = 0.791614   res = 9.425E-07  delta-k (pcm)
[  NORMAL ]  ...  = 12 D.R. = 0.9714
[  NORMAL ]  Iteration 137:  k_eff = 0.791741   res = 9.718E-07  delta-k (pcm)
[  NORMAL ]  ...  = 12 D.R. = 1.0311
[  NORMAL ]  Iteration 138:  k_eff = 0.791865   res = 8.854E-07  delta-k (pcm)
[  NORMAL ]  ...  = 12 D.R. = 0.9111
[  NORMAL ]  Iteration 139:  k_eff = 0.791986   res = 9.313E-07  delta-k (pcm)
[  NORMAL ]  ...  = 12 D.R. = 1.0519
[  NORMAL ]  Iteration 140:  k_eff = 0.792105   res = 8.657E-07  delta-k (pcm)
[  NORMAL ]  ...  = 11 D.R. = 0.9296
[  NORMAL ]  Iteration 141:  k_eff = 0.792222   res = 8.424E-07  delta-k (pcm)
[  NORMAL ]  ...  = 11 D.R. = 0.9731
[  NORMAL ]  Iteration 142:  k_eff = 0.792336   res = 8.220E-07  delta-k (pcm)
[  NORMAL ]  ...  = 11 D.R. = 0.9758
[  NORMAL ]  Iteration 143:  k_eff = 0.792448   res = 8.425E-07  delta-k (pcm)
[  NORMAL ]  ...  = 11 D.R. = 1.0249
[  NORMAL ]  Iteration 144:  k_eff = 0.792557   res = 8.092E-07  delta-k (pcm)
[  NORMAL ]  ...  = 10 D.R. = 0.9606
[  NORMAL ]  Iteration 145:  k_eff = 0.792664   res = 8.255E-07  delta-k (pcm)
[  NORMAL ]  ...  = 10 D.R. = 1.0201
[  NORMAL ]  Iteration 146:  k_eff = 0.792769   res = 7.510E-07  delta-k (pcm)
[  NORMAL ]  ...  = 10 D.R. = 0.9098
[  NORMAL ]  Iteration 147:  k_eff = 0.792872   res = 7.816E-07  delta-k (pcm)
[  NORMAL ]  ...  = 10 D.R. = 1.0408
[  NORMAL ]  Iteration 148:  k_eff = 0.792973   res = 7.622E-07  delta-k (pcm)
[  NORMAL ]  ...  = 10 D.R. = 0.9752
[  NORMAL ]  Iteration 149:  k_eff = 0.793072   res = 7.230E-07  delta-k (pcm)
[  NORMAL ]  ...  = 9 D.R. = 0.9485
[  NORMAL ]  Iteration 150:  k_eff = 0.793168   res = 7.048E-07  delta-k (pcm)
[  NORMAL ]  ...  = 9 D.R. = 0.9749
[  NORMAL ]  Iteration 151:  k_eff = 0.793263   res = 6.664E-07  delta-k (pcm)
[  NORMAL ]  ...  = 9 D.R. = 0.9455
[  NORMAL ]  Iteration 152:  k_eff = 0.793355   res = 7.107E-07  delta-k (pcm)
[  NORMAL ]  ...  = 9 D.R. = 1.0666
[  NORMAL ]  Iteration 153:  k_eff = 0.793446   res = 6.587E-07  delta-k (pcm)
[  NORMAL ]  ...  = 9 D.R. = 0.9268
[  NORMAL ]  Iteration 154:  k_eff = 0.793535   res = 6.804E-07  delta-k (pcm)
[  NORMAL ]  ...  = 8 D.R. = 1.0330
[  NORMAL ]  Iteration 155:  k_eff = 0.793622   res = 6.419E-07  delta-k (pcm)
[  NORMAL ]  ...  = 8 D.R. = 0.9434
[  NORMAL ]  Iteration 156:  k_eff = 0.793707   res = 6.414E-07  delta-k (pcm)
[  NORMAL ]  ...  = 8 D.R. = 0.9993
[  NORMAL ]  Iteration 157:  k_eff = 0.793791   res = 5.887E-07  delta-k (pcm)
[  NORMAL ]  ...  = 8 D.R. = 0.9179
[  NORMAL ]  Iteration 158:  k_eff = 0.793873   res = 6.084E-07  delta-k (pcm)
[  NORMAL ]  ...  = 8 D.R. = 1.0334
[  NORMAL ]  Iteration 159:  k_eff = 0.793953   res = 5.521E-07  delta-k (pcm)
[  NORMAL ]  ...  = 8 D.R. = 0.9075
[  NORMAL ]  Iteration 160:  k_eff = 0.794031   res = 6.044E-07  delta-k (pcm)
[  NORMAL ]  ...  = 7 D.R. = 1.0947
[  NORMAL ]  Iteration 161:  k_eff = 0.794108   res = 5.848E-07  delta-k (pcm)
[  NORMAL ]  ...  = 7 D.R. = 0.9675
[  NORMAL ]  Iteration 162:  k_eff = 0.794183   res = 5.449E-07  delta-k (pcm)
[  NORMAL ]  ...  = 7 D.R. = 0.9318
[  NORMAL ]  Iteration 163:  k_eff = 0.794257   res = 5.486E-07  delta-k (pcm)
[  NORMAL ]  ...  = 7 D.R. = 1.0068
[  NORMAL ]  Iteration 164:  k_eff = 0.794329   res = 5.334E-07  delta-k (pcm)
[  NORMAL ]  ...  = 7 D.R. = 0.9724
[  NORMAL ]  Iteration 165:  k_eff = 0.794400   res = 5.106E-07  delta-k (pcm)
[  NORMAL ]  ...  = 7 D.R. = 0.9572
[  NORMAL ]  Iteration 166:  k_eff = 0.794469   res = 5.161E-07  delta-k (pcm)
[  NORMAL ]  ...  = 6 D.R. = 1.0109
[  NORMAL ]  Iteration 167:  k_eff = 0.794537   res = 5.129E-07  delta-k (pcm)
[  NORMAL ]  ...  = 6 D.R. = 0.9937
[  NORMAL ]  Iteration 168:  k_eff = 0.794603   res = 4.389E-07  delta-k (pcm)
[  NORMAL ]  ...  = 6 D.R. = 0.8557
[  NORMAL ]  Iteration 169:  k_eff = 0.794668   res = 5.178E-07  delta-k (pcm)
[  NORMAL ]  ...  = 6 D.R. = 1.1798
[  NORMAL ]  Iteration 170:  k_eff = 0.794732   res = 4.623E-07  delta-k (pcm)
[  NORMAL ]  ...  = 6 D.R. = 0.8928
[  NORMAL ]  Iteration 171:  k_eff = 0.794794   res = 4.798E-07  delta-k (pcm)
[  NORMAL ]  ...  = 6 D.R. = 1.0380
[  NORMAL ]  Iteration 172:  k_eff = 0.794855   res = 4.361E-07  delta-k (pcm)
[  NORMAL ]  ...  = 6 D.R. = 0.9088
[  NORMAL ]  Iteration 173:  k_eff = 0.794915   res = 4.362E-07  delta-k (pcm)
[  NORMAL ]  ...  = 5 D.R. = 1.0004
[  NORMAL ]  Iteration 174:  k_eff = 0.794974   res = 4.518E-07  delta-k (pcm)
[  NORMAL ]  ...  = 5 D.R. = 1.0357
[  NORMAL ]  Iteration 175:  k_eff = 0.795031   res = 4.256E-07  delta-k (pcm)
[  NORMAL ]  ...  = 5 D.R. = 0.9420
[  NORMAL ]  Iteration 176:  k_eff = 0.795088   res = 4.161E-07  delta-k (pcm)
[  NORMAL ]  ...  = 5 D.R. = 0.9775
[  NORMAL ]  Iteration 177:  k_eff = 0.795143   res = 3.692E-07  delta-k (pcm)
[  NORMAL ]  ...  = 5 D.R. = 0.8874
[  NORMAL ]  Iteration 178:  k_eff = 0.795197   res = 4.107E-07  delta-k (pcm)
[  NORMAL ]  ...  = 5 D.R. = 1.1122
[  NORMAL ]  Iteration 179:  k_eff = 0.795249   res = 4.294E-07  delta-k (pcm)
[  NORMAL ]  ...  = 5 D.R. = 1.0456
[  NORMAL ]  Iteration 180:  k_eff = 0.795301   res = 3.333E-07  delta-k (pcm)
[  NORMAL ]  ...  = 5 D.R. = 0.7763
[  NORMAL ]  Iteration 181:  k_eff = 0.795352   res = 4.101E-07  delta-k (pcm)
[  NORMAL ]  ...  = 5 D.R. = 1.2303
[  NORMAL ]  Iteration 182:  k_eff = 0.795401   res = 3.164E-07  delta-k (pcm)
[  NORMAL ]  ...  = 4 D.R. = 0.7716
[  NORMAL ]  Iteration 183:  k_eff = 0.795450   res = 3.947E-07  delta-k (pcm)
[  NORMAL ]  ...  = 4 D.R. = 1.2473
[  NORMAL ]  Iteration 184:  k_eff = 0.795498   res = 3.722E-07  delta-k (pcm)
[  NORMAL ]  ...  = 4 D.R. = 0.9431
[  NORMAL ]  Iteration 185:  k_eff = 0.795544   res = 3.679E-07  delta-k (pcm)
[  NORMAL ]  ...  = 4 D.R. = 0.9884
[  NORMAL ]  Iteration 186:  k_eff = 0.795590   res = 3.309E-07  delta-k (pcm)
[  NORMAL ]  ...  = 4 D.R. = 0.8995
[  NORMAL ]  Iteration 187:  k_eff = 0.795635   res = 3.403E-07  delta-k (pcm)
[  NORMAL ]  ...  = 4 D.R. = 1.0284
[  NORMAL ]  Iteration 188:  k_eff = 0.795678   res = 3.066E-07  delta-k (pcm)
[  NORMAL ]  ...  = 4 D.R. = 0.9008
[  NORMAL ]  Iteration 189:  k_eff = 0.795721   res = 3.648E-07  delta-k (pcm)
[  NORMAL ]  ...  = 4 D.R. = 1.1899
[  NORMAL ]  Iteration 190:  k_eff = 0.795763   res = 3.046E-07  delta-k (pcm)
[  NORMAL ]  ...  = 4 D.R. = 0.8350
[  NORMAL ]  Iteration 191:  k_eff = 0.795804   res = 3.091E-07  delta-k (pcm)
[  NORMAL ]  ...  = 4 D.R. = 1.0149
[  NORMAL ]  Iteration 192:  k_eff = 0.795845   res = 2.537E-07  delta-k (pcm)
[  NORMAL ]  ...  = 4 D.R. = 0.8206
[  NORMAL ]  Iteration 193:  k_eff = 0.795884   res = 2.848E-07  delta-k (pcm)
[  NORMAL ]  ...  = 3 D.R. = 1.1226
[  NORMAL ]  Iteration 194:  k_eff = 0.795923   res = 2.954E-07  delta-k (pcm)
[  NORMAL ]  ...  = 3 D.R. = 1.0374
[  NORMAL ]  Iteration 195:  k_eff = 0.795961   res = 2.943E-07  delta-k (pcm)
[  NORMAL ]  ...  = 3 D.R. = 0.9961
[  NORMAL ]  Iteration 196:  k_eff = 0.795998   res = 2.834E-07  delta-k (pcm)
[  NORMAL ]  ...  = 3 D.R. = 0.9632
[  NORMAL ]  Iteration 197:  k_eff = 0.796034   res = 2.710E-07  delta-k (pcm)
[  NORMAL ]  ...  = 3 D.R. = 0.9561
[  NORMAL ]  Iteration 198:  k_eff = 0.796070   res = 3.052E-07  delta-k (pcm)
[  NORMAL ]  ...  = 3 D.R. = 1.1262
[  NORMAL ]  Iteration 199:  k_eff = 0.796104   res = 2.137E-07  delta-k (pcm)
[  NORMAL ]  ...  = 3 D.R. = 0.7003
[  NORMAL ]  Iteration 200:  k_eff = 0.796138   res = 2.523E-07  delta-k (pcm)
[  NORMAL ]  ...  = 3 D.R. = 1.1803
[  NORMAL ]  Iteration 201:  k_eff = 0.796172   res = 2.711E-07  delta-k (pcm)
[  NORMAL ]  ...  = 3 D.R. = 1.0747
[  NORMAL ]  Iteration 202:  k_eff = 0.796205   res = 2.075E-07  delta-k (pcm)
[  NORMAL ]  ...  = 3 D.R. = 0.7653
[  NORMAL ]  Iteration 203:  k_eff = 0.796237   res = 2.943E-07  delta-k (pcm)
[  NORMAL ]  ...  = 3 D.R. = 1.4183
[  NORMAL ]  Iteration 204:  k_eff = 0.796268   res = 2.302E-07  delta-k (pcm)
[  NORMAL ]  ...  = 3 D.R. = 0.7824
[  NORMAL ]  Iteration 205:  k_eff = 0.796299   res = 2.373E-07  delta-k (pcm)
[  NORMAL ]  ...  = 3 D.R. = 1.0305
[  NORMAL ]  Iteration 206:  k_eff = 0.796329   res = 2.084E-07  delta-k (pcm)
[  NORMAL ]  ...  = 3 D.R. = 0.8784
[  NORMAL ]  Iteration 207:  k_eff = 0.796358   res = 2.239E-07  delta-k (pcm)
[  NORMAL ]  ...  = 2 D.R. = 1.0744
[  NORMAL ]  Iteration 208:  k_eff = 0.796387   res = 2.200E-07  delta-k (pcm)
[  NORMAL ]  ...  = 2 D.R. = 0.9826
[  NORMAL ]  Iteration 209:  k_eff = 0.796416   res = 2.179E-07  delta-k (pcm)
[  NORMAL ]  ...  = 2 D.R. = 0.9905
[  NORMAL ]  Iteration 210:  k_eff = 0.796443   res = 1.920E-07  delta-k (pcm)
[  NORMAL ]  ...  = 2 D.R. = 0.8809
[  NORMAL ]  Iteration 211:  k_eff = 0.796470   res = 1.870E-07  delta-k (pcm)
[  NORMAL ]  ...  = 2 D.R. = 0.9740
[  NORMAL ]  Iteration 212:  k_eff = 0.796497   res = 2.060E-07  delta-k (pcm)
[  NORMAL ]  ...  = 2 D.R. = 1.1018
[  NORMAL ]  Iteration 213:  k_eff = 0.796523   res = 2.402E-07  delta-k (pcm)
[  NORMAL ]  ...  = 2 D.R. = 1.1657
[  NORMAL ]  Iteration 214:  k_eff = 0.796549   res = 1.813E-07  delta-k (pcm)
[  NORMAL ]  ...  = 2 D.R. = 0.7549
[  NORMAL ]  Iteration 215:  k_eff = 0.796574   res = 1.854E-07  delta-k (pcm)
[  NORMAL ]  ...  = 2 D.R. = 1.0228
[  NORMAL ]  Iteration 216:  k_eff = 0.796598   res = 1.671E-07  delta-k (pcm)
[  NORMAL ]  ...  = 2 D.R. = 0.9011
[  NORMAL ]  Iteration 217:  k_eff = 0.796622   res = 2.009E-07  delta-k (pcm)
[  NORMAL ]  ...  = 2 D.R. = 1.2020
[  NORMAL ]  Iteration 218:  k_eff = 0.796645   res = 1.958E-07  delta-k (pcm)
[  NORMAL ]  ...  = 2 D.R. = 0.9749
[  NORMAL ]  Iteration 219:  k_eff = 0.796668   res = 1.615E-07  delta-k (pcm)
[  NORMAL ]  ...  = 2 D.R. = 0.8248
[  NORMAL ]  Iteration 220:  k_eff = 0.796691   res = 2.048E-07  delta-k (pcm)
[  NORMAL ]  ...  = 2 D.R. = 1.2677
[  NORMAL ]  Iteration 221:  k_eff = 0.796713   res = 1.663E-07  delta-k (pcm)
[  NORMAL ]  ...  = 2 D.R. = 0.8124
[  NORMAL ]  Iteration 222:  k_eff = 0.796734   res = 1.643E-07  delta-k (pcm)
[  NORMAL ]  ...  = 2 D.R. = 0.9878
[  NORMAL ]  Iteration 223:  k_eff = 0.796756   res = 1.874E-07  delta-k (pcm)
[  NORMAL ]  ...  = 2 D.R. = 1.1406
[  NORMAL ]  Iteration 224:  k_eff = 0.796776   res = 1.778E-07  delta-k (pcm)
[  NORMAL ]  ...  = 2 D.R. = 0.9487
[  NORMAL ]  Iteration 225:  k_eff = 0.796797   res = 1.570E-07  delta-k (pcm)
[  NORMAL ]  ...  = 2 D.R. = 0.8831
[  NORMAL ]  Iteration 226:  k_eff = 0.796816   res = 1.417E-07  delta-k (pcm)
[  NORMAL ]  ...  = 1 D.R. = 0.9026
[  NORMAL ]  Iteration 227:  k_eff = 0.796836   res = 1.256E-07  delta-k (pcm)
[  NORMAL ]  ...  = 1 D.R. = 0.8864
[  NORMAL ]  Iteration 228:  k_eff = 0.796855   res = 1.522E-07  delta-k (pcm)
[  NORMAL ]  ...  = 1 D.R. = 1.2115
[  NORMAL ]  Iteration 229:  k_eff = 0.796874   res = 1.653E-07  delta-k (pcm)
[  NORMAL ]  ...  = 1 D.R. = 1.0860
[  NORMAL ]  Iteration 230:  k_eff = 0.796892   res = 1.530E-07  delta-k (pcm)
[  NORMAL ]  ...  = 1 D.R. = 0.9259
[  NORMAL ]  Iteration 231:  k_eff = 0.796910   res = 1.552E-07  delta-k (pcm)
[  NORMAL ]  ...  = 1 D.R. = 1.0140
[  NORMAL ]  Iteration 232:  k_eff = 0.796927   res = 1.446E-07  delta-k (pcm)
[  NORMAL ]  ...  = 1 D.R. = 0.9322
[  NORMAL ]  Iteration 233:  k_eff = 0.796944   res = 1.682E-07  delta-k (pcm)
[  NORMAL ]  ...  = 1 D.R. = 1.1626
[  NORMAL ]  Iteration 234:  k_eff = 0.796961   res = 1.120E-07  delta-k (pcm)
[  NORMAL ]  ...  = 1 D.R. = 0.6659
[  NORMAL ]  Iteration 235:  k_eff = 0.796978   res = 1.569E-07  delta-k (pcm)
[  NORMAL ]  ...  = 1 D.R. = 1.4011
[  NORMAL ]  Iteration 236:  k_eff = 0.796994   res = 1.647E-07  delta-k (pcm)
[  NORMAL ]  ...  = 1 D.R. = 1.0500
[  NORMAL ]  Iteration 237:  k_eff = 0.797010   res = 1.122E-07  delta-k (pcm)
[  NORMAL ]  ...  = 1 D.R. = 0.6811
[  NORMAL ]  Iteration 238:  k_eff = 0.797025   res = 1.465E-07  delta-k (pcm)
[  NORMAL ]  ...  = 1 D.R. = 1.3056
[  NORMAL ]  Iteration 239:  k_eff = 0.797040   res = 1.375E-07  delta-k (pcm)
[  NORMAL ]  ...  = 1 D.R. = 0.9385
[  NORMAL ]  Iteration 240:  k_eff = 0.797055   res = 1.244E-07  delta-k (pcm)
[  NORMAL ]  ...  = 1 D.R. = 0.9049
[  NORMAL ]  Iteration 241:  k_eff = 0.797069   res = 1.137E-07  delta-k (pcm)
[  NORMAL ]  ...  = 1 D.R. = 0.9141
[  NORMAL ]  Iteration 242:  k_eff = 0.797084   res = 1.194E-07  delta-k (pcm)
[  NORMAL ]  ...  = 1 D.R. = 1.0497
[  NORMAL ]  Iteration 243:  k_eff = 0.797098   res = 1.214E-07  delta-k (pcm)
[  NORMAL ]  ...  = 1 D.R. = 1.0173
[  NORMAL ]  Iteration 244:  k_eff = 0.797111   res = 1.324E-07  delta-k (pcm)
[  NORMAL ]  ...  = 1 D.R. = 1.0907
[  NORMAL ]  Iteration 245:  k_eff = 0.797125   res = 1.219E-07  delta-k (pcm)
[  NORMAL ]  ...  = 1 D.R. = 0.9203
[  NORMAL ]  Iteration 246:  k_eff = 0.797138   res = 1.065E-07  delta-k (pcm)
[  NORMAL ]  ...  = 1 D.R. = 0.8741
[  NORMAL ]  Iteration 247:  k_eff = 0.797150   res = 1.468E-07  delta-k (pcm)
[  NORMAL ]  ...  = 1 D.R. = 1.3780
[  NORMAL ]  Iteration 248:  k_eff = 0.797163   res = 1.022E-07  delta-k (pcm)
[  NORMAL ]  ...  = 1 D.R. = 0.6961
[  NORMAL ]  Iteration 249:  k_eff = 0.797175   res = 8.592E-08  delta-k (pcm)
[  NORMAL ]  ...  = 1 D.R. = 0.8408
[  NORMAL ]  Iteration 250:  k_eff = 0.797187   res = 1.022E-07  delta-k (pcm)
[  NORMAL ]  ...  = 1 D.R. = 1.1896
[  NORMAL ]  Iteration 251:  k_eff = 0.797199   res = 1.333E-07  delta-k (pcm)
[  NORMAL ]  ...  = 1 D.R. = 1.3045
[  NORMAL ]  Iteration 252:  k_eff = 0.797211   res = 1.131E-07  delta-k (pcm)
[  NORMAL ]  ...  = 1 D.R. = 0.8483
[  NORMAL ]  Iteration 253:  k_eff = 0.797222   res = 1.137E-07  delta-k (pcm)
[  NORMAL ]  ...  = 1 D.R. = 1.0053
[  NORMAL ]  Iteration 254:  k_eff = 0.797233   res = 7.173E-08  delta-k (pcm)
[  NORMAL ]  ...  = 1 D.R. = 0.6308
[  NORMAL ]  Iteration 255:  k_eff = 0.797244   res = 9.273E-08  delta-k (pcm)
[  NORMAL ]  ...  = 1 D.R. = 1.2927
[  NORMAL ]  Iteration 256:  k_eff = 0.797255   res = 1.283E-07  delta-k (pcm)
[  NORMAL ]  ...  = 1 D.R. = 1.3841
[  NORMAL ]  Iteration 257:  k_eff = 0.797265   res = 9.223E-08  delta-k (pcm)
[  NORMAL ]  ...  = 1 D.R. = 0.7186
[  NORMAL ]  Iteration 258:  k_eff = 0.797275   res = 8.271E-08  delta-k (pcm)
[  NORMAL ]  ...  = 1 D.R. = 0.8968
[  NORMAL ]  Iteration 259:  k_eff = 0.797285   res = 9.614E-08  delta-k (pcm)
[  NORMAL ]  ...  = 0 D.R. = 1.1625
[  TITLE  ]  *******************************************************************
[  TITLE  ]                             TIMING REPORT                           
[  TITLE  ]  *******************************************************************
[  RESULT ]  Total Track Generation & Segmentation Time...........3.0154E-03 sec
[  RESULT ]  Total time to solution...............................1.8696E-01 sec
[  RESULT ]    Solver initialization..............................7.4835E-04 sec
[  RESULT ]    Transport Sweep....................................5.4805E-02 sec
[  RESULT ]  Integration time by segment-group-thread (sweep).....6.6037E-08 sec
[  RESULT ]  Integration time by segment-group-thread (total).....2.2527E-07 sec
[SEPARATOR]  -------------------------------------------------------------------
[  RESULT ]             # tracks          # segments          # FSRs
[SEPARATOR]  -------------------------------------------------------------------
[  RESULT ]                 116               608               40              
[SEPARATOR]  -------------------------------------------------------------------
[  NORMAL ]  Plotting data...
[  NORMAL ]  Plotting the quadrature...
[  NORMAL ]  Plotting the tracks...
[  NORMAL ]  Plotting the track segments...
[  NORMAL ]  Plotting the materials...
[  NORMAL ]  Plotting the cells...
[  NORMAL ]  Plotting the source regions...
[  NORMAL ]  Plotting the FSR scalar fluxes...
[  NORMAL ]  Plotting the scalar fluxes vs. energy...
[  TITLE  ]  *******************************************************************
[  TITLE  ]                               Finished                             
[  TITLE  ]  *******************************************************************
