Current local time and date: Sat Apr 11 19:36:12 2026
[  NORMAL ]  Importing materials data from HDF5...
[  NORMAL ]  Creating surfaces...
[  NORMAL ]  Creating cells...
[  NORMAL ]  Creating universes...
[  NORMAL ]  Creating geometry...
[  NORMAL ]  Initializing flat source regions...
[  NORMAL ]  Initializing the track generator...
[  NORMAL ]  CPUs on rank 0 process: 2 4 
[  NORMAL ]  Initializing a default angular quadrature...
[  NORMAL ]  Initializing 2D tracks...
[  NORMAL ]  Initializing 2D tracks reflections...
[  NORMAL ]  Initializing 2D tracks array...
[  NORMAL ]  Ray tracing for 2D track segmentation...
[ WARNING ]  The Geometry was set with non-infinite z-boundaries and supplied
[ WARNING ]  ...  to a 2D TrackGenerator. The min-z boundary was set to -2.00 
[ WARNING ]  ... and the max-z boundary was set to  2.00. Z-boundaries are 
[ WARNING ]  ... assumed to be infinite in 2D TrackGenerators.
[  NORMAL ]  Progress Segmenting 2D tracks: 0.24 %
[  NORMAL ]  Progress Segmenting 2D tracks: 10.24 %
[  NORMAL ]  Progress Segmenting 2D tracks: 20.24 %
[  NORMAL ]  Progress Segmenting 2D tracks: 30.24 %
[  NORMAL ]  Progress Segmenting 2D tracks: 40.24 %
[  NORMAL ]  Progress Segmenting 2D tracks: 50.24 %
[  NORMAL ]  Progress Segmenting 2D tracks: 60.24 %
[  NORMAL ]  Progress Segmenting 2D tracks: 70.24 %
[  NORMAL ]  Progress Segmenting 2D tracks: 80.24 %
[  NORMAL ]  Progress Segmenting 2D tracks: 90.24 %
[  NORMAL ]  Progress Segmenting 2D tracks: 100.00 %
[  NORMAL ]  Initializing FSR lookup vectors
[  NORMAL ]  Total number of FSRs 3
[  NORMAL ]  Initializing MOC eigenvalue solver...
[  NORMAL ]  Initializing solver arrays...
[  NORMAL ]  Centering segments around FSR centroid...
[  NORMAL ]  Max linear constant storage per domain =   0.00 MB
[  NORMAL ]  Generating linear expansion coefficients
[  NORMAL ]  Progress Initializing linear source constant components: 0.24 %
[  NORMAL ]  Progress Initializing linear source constant components: 10.24 %
[  NORMAL ]  Progress Initializing linear source constant components: 20.24 %
[  NORMAL ]  Progress Initializing linear source constant components: 30.24 %
[  NORMAL ]  Progress Initializing linear source constant components: 40.24 %
[  NORMAL ]  Progress Initializing linear source constant components: 50.24 %
[  NORMAL ]  Progress Initializing linear source constant components: 60.24 %
[  NORMAL ]  Progress Initializing linear source constant components: 70.24 %
[  NORMAL ]  Progress Initializing linear source constant components: 80.24 %
[  NORMAL ]  Progress Initializing linear source constant components: 90.24 %
[  NORMAL ]  Progress Initializing linear source constant components: 100.00 %
[  NORMAL ]  Linear expansion coefficient generation complete
[  NORMAL ]  Max boundary angular flux storage per domain =   0.14 MB
[  NORMAL ]  Max scalar flux storage per domain =   0.00 MB
[  NORMAL ]  Max linear flux storage per domain =   0.00 MB
[  NORMAL ]  Max source storage per domain =   0.00 MB
[  NORMAL ]  Max linear source storage per domain =   0.00 MB
[  NORMAL ]  Number of azimuthal angles = 16
[  NORMAL ]  Azimuthal ray spacing = 0.100000
[  NORMAL ]  Number of polar angles = 6
[  NORMAL ]  Source type = Linear
[  NORMAL ]  MOC transport undamped
[  NORMAL ]  CMFD acceleration: OFF
[  NORMAL ]  Using 2 threads
[  NORMAL ]  Computing the eigenvalue...
[  NORMAL ]  Iteration 0:  k_eff = 0.870512   res = 8.844E-08  delta-k (pcm) =
[  NORMAL ]  ...  -12948 D.R. = 0.0000
[  NORMAL ]  Iteration 1:  k_eff = 0.854904   res = 1.183E-07  delta-k (pcm) =
[  NORMAL ]  ...  -1560 D.R. = 1.3381
[  NORMAL ]  Iteration 2:  k_eff = 0.846098   res = 1.500E-07  delta-k (pcm) =
[  NORMAL ]  ...  -880 D.R. = 1.2672
[  NORMAL ]  Iteration 3:  k_eff = 0.837966   res = 1.878E-09  delta-k (pcm) =
[  NORMAL ]  ...  -813 D.R. = 0.0125
[  NORMAL ]  Iteration 4:  k_eff = 0.830786   res = 1.049E-07  delta-k (pcm) =
[  NORMAL ]  ...  -718 D.R. = 55.8333
[  NORMAL ]  Iteration 5:  k_eff = 0.825061   res = 1.284E-08  delta-k (pcm) =
[  NORMAL ]  ...  -572 D.R. = 0.1224
[  NORMAL ]  Iteration 6:  k_eff = 0.819135   res = 5.635E-08  delta-k (pcm) =
[  NORMAL ]  ...  -592 D.R. = 4.3902
[  NORMAL ]  Iteration 7:  k_eff = 0.813760   res = 5.698E-08  delta-k (pcm) =
[  NORMAL ]  ...  -537 D.R. = 1.0111
[  NORMAL ]  Iteration 8:  k_eff = 0.808773   res = 6.950E-08  delta-k (pcm) =
[  NORMAL ]  ...  -498 D.R. = 1.2198
[  NORMAL ]  Iteration 9:  k_eff = 0.804297   res = 1.121E-07  delta-k (pcm) =
[  NORMAL ]  ...  -447 D.R. = 1.6126
[  NORMAL ]  Iteration 10:  k_eff = 0.800405   res = 4.101E-08  delta-k (pcm) =
[  NORMAL ]  ...  -389 D.R. = 0.3659
[  NORMAL ]  Iteration 11:  k_eff = 0.796977   res = 8.766E-09  delta-k (pcm) =
[  NORMAL ]  ...  -342 D.R. = 0.2137
[  NORMAL ]  Iteration 12:  k_eff = 0.794045   res = 2.348E-08  delta-k (pcm) =
[  NORMAL ]  ...  -293 D.R. = 2.6786
[  NORMAL ]  Iteration 13:  k_eff = 0.791556   res = 7.201E-09  delta-k (pcm) =
[  NORMAL ]  ...  -248 D.R. = 0.3067
[  NORMAL ]  Iteration 14:  k_eff = 0.789484   res = 5.635E-08  delta-k (pcm) =
[  NORMAL ]  ...  -207 D.R. = 7.8261
[  NORMAL ]  Iteration 15:  k_eff = 0.787801   res = 1.096E-08  delta-k (pcm) =
[  NORMAL ]  ...  -168 D.R. = 0.1944
[  NORMAL ]  Iteration 16:  k_eff = 0.786462   res = 1.255E-07  delta-k (pcm) =
[  NORMAL ]  ...  -133 D.R. = 11.4571
[  NORMAL ]  Iteration 17:  k_eff = 0.785434   res = 1.111E-07  delta-k (pcm) =
[  NORMAL ]  ...  -102 D.R. = 0.8853
[  NORMAL ]  Iteration 18:  k_eff = 0.784677   res = 9.642E-08  delta-k (pcm) =
[  NORMAL ]  ...  -75 D.R. = 0.8676
[  NORMAL ]  Iteration 19:  k_eff = 0.784159   res = 1.597E-08  delta-k (pcm) =
[  NORMAL ]  ...  -51 D.R. = 0.1656
[  NORMAL ]  Iteration 20:  k_eff = 0.783846   res = 3.538E-08  delta-k (pcm) =
[  NORMAL ]  ...  -31 D.R. = 2.2157
[  NORMAL ]  Iteration 21:  k_eff = 0.783709   res = 4.352E-08  delta-k (pcm) =
[  NORMAL ]  ...  -13 D.R. = 1.2301
[  NORMAL ]  Iteration 22:  k_eff = 0.783720   res = 2.442E-08  delta-k (pcm) =
[  NORMAL ]  ...  1 D.R. = 0.5612
[  NORMAL ]  Iteration 23:  k_eff = 0.783857   res = 2.191E-08  delta-k (pcm) =
[  NORMAL ]  ...  13 D.R. = 0.8974
[  NORMAL ]  Iteration 24:  k_eff = 0.784098   res = 6.042E-08  delta-k (pcm) =
[  NORMAL ]  ...  24 D.R. = 2.7571
[  NORMAL ]  Iteration 25:  k_eff = 0.784426   res = 8.453E-09  delta-k (pcm) =
[  NORMAL ]  ...  32 D.R. = 0.1399
[  NORMAL ]  Iteration 26:  k_eff = 0.784823   res = 3.788E-08  delta-k (pcm) =
[  NORMAL ]  ...  39 D.R. = 4.4815
[  NORMAL ]  Iteration 27:  k_eff = 0.785277   res = 1.847E-08  delta-k (pcm) =
[  NORMAL ]  ...  45 D.R. = 0.4876
[  NORMAL ]  Iteration 28:  k_eff = 0.785776   res = 3.913E-08  delta-k (pcm) =
[  NORMAL ]  ...  49 D.R. = 2.1186
[  NORMAL ]  Iteration 29:  k_eff = 0.786310   res = 3.350E-08  delta-k (pcm) =
[  NORMAL ]  ...  53 D.R. = 0.8560
[  NORMAL ]  Iteration 30:  k_eff = 0.786871   res = 1.972E-08  delta-k (pcm) =
[  NORMAL ]  ...  56 D.R. = 0.5888
[  NORMAL ]  Iteration 31:  k_eff = 0.787452   res = 7.576E-08  delta-k (pcm) =
[  NORMAL ]  ...  58 D.R. = 3.8413
[  NORMAL ]  Iteration 32:  k_eff = 0.788047   res = 1.271E-07  delta-k (pcm) =
[  NORMAL ]  ...  59 D.R. = 1.6777
[  NORMAL ]  Iteration 33:  k_eff = 0.788652   res = 1.243E-07  delta-k (pcm) =
[  NORMAL ]  ...  60 D.R. = 0.9778
[  NORMAL ]  Iteration 34:  k_eff = 0.789262   res = 1.691E-08  delta-k (pcm) =
[  NORMAL ]  ...  60 D.R. = 0.1360
[  NORMAL ]  Iteration 35:  k_eff = 0.789874   res = 6.073E-08  delta-k (pcm) =
[  NORMAL ]  ...  61 D.R. = 3.5926
[  NORMAL ]  Iteration 36:  k_eff = 0.790485   res = 1.659E-08  delta-k (pcm) =
[  NORMAL ]  ...  61 D.R. = 0.2732
[  NORMAL ]  Iteration 37:  k_eff = 0.791094   res = 1.972E-08  delta-k (pcm) =
[  NORMAL ]  ...  60 D.R. = 1.1887
[  NORMAL ]  Iteration 38:  k_eff = 0.791699   res = 5.948E-09  delta-k (pcm) =
[  NORMAL ]  ...  60 D.R. = 0.3016
[  NORMAL ]  Iteration 39:  k_eff = 0.792297   res = 1.534E-08  delta-k (pcm) =
[  NORMAL ]  ...  59 D.R. = 2.5789
[  NORMAL ]  Iteration 40:  k_eff = 0.792888   res = 4.414E-08  delta-k (pcm) =
[  NORMAL ]  ...  59 D.R. = 2.8776
[  NORMAL ]  Iteration 41:  k_eff = 0.793472   res = 5.479E-08  delta-k (pcm) =
[  NORMAL ]  ...  58 D.R. = 1.2411
[  NORMAL ]  Iteration 42:  k_eff = 0.794047   res = 4.508E-08  delta-k (pcm) =
[  NORMAL ]  ...  57 D.R. = 0.8229
[  NORMAL ]  Iteration 43:  k_eff = 0.794612   res = 4.915E-08  delta-k (pcm) =
[  NORMAL ]  ...  56 D.R. = 1.0903
[  NORMAL ]  Iteration 44:  k_eff = 0.795168   res = 1.002E-07  delta-k (pcm) =
[  NORMAL ]  ...  55 D.R. = 2.0382
[  NORMAL ]  Iteration 45:  k_eff = 0.795714   res = 3.287E-08  delta-k (pcm) =
[  NORMAL ]  ...  54 D.R. = 0.3281
[  NORMAL ]  Iteration 46:  k_eff = 0.796251   res = 7.201E-09  delta-k (pcm) =
[  NORMAL ]  ...  53 D.R. = 0.2190
[  NORMAL ]  Iteration 47:  k_eff = 0.796777   res = 6.637E-08  delta-k (pcm) =
[  NORMAL ]  ...  52 D.R. = 9.2174
[  NORMAL ]  Iteration 48:  k_eff = 0.797293   res = 4.258E-08  delta-k (pcm) =
[  NORMAL ]  ...  51 D.R. = 0.6415
[  NORMAL ]  Iteration 49:  k_eff = 0.797799   res = 3.757E-08  delta-k (pcm) =
[  NORMAL ]  ...  50 D.R. = 0.8824
[ WARNING ]  Unable to converge the source distribution
[  TITLE  ]  *******************************************************************
[  TITLE  ]                             TIMING REPORT                           
[  TITLE  ]  *******************************************************************
[  RESULT ]  Total Track Generation & Segmentation Time...........5.4172E-03 sec
[  RESULT ]  Total time to solution...............................3.9867E-02 sec
[  RESULT ]    Solver initialization..............................2.7387E-03 sec
[  RESULT ]    Transport Sweep....................................2.8785E-02 sec
[  RESULT ]  Integration time by segment-group-thread (sweep).....2.4742E-08 sec
[  RESULT ]  Integration time by segment-group-thread (total).....3.4268E-08 sec
[SEPARATOR]  -------------------------------------------------------------------
[  RESULT ]             # tracks          # segments          # FSRs
[SEPARATOR]  -------------------------------------------------------------------
[  RESULT ]                 420               1108               3              
[SEPARATOR]  -------------------------------------------------------------------
[  NORMAL ]  Plotting data...
[  NORMAL ]  Plotting the quadrature...
[  NORMAL ]  Plotting the tracks...
[  NORMAL ]  Plotting the track segments...
[  NORMAL ]  Plotting the materials...
[  NORMAL ]  Plotting the cells...
[  NORMAL ]  Plotting the source regions...
[  NORMAL ]  Plotting the FSR scalar fluxes...
[  NORMAL ]  Plotting the scalar fluxes vs. energy...
[  TITLE  ]  *******************************************************************
[  TITLE  ]                               Finished                             
[  TITLE  ]  *******************************************************************
