Current local time and date: Wed Apr 29 19:19:12 2026
[  NORMAL ]  Importing materials data from HDF5...
[  NORMAL ]  Creating surfaces...
[  NORMAL ]  Creating cells...
[  NORMAL ]  Creating universes...
[  NORMAL ]  Creating geometry...
[  NORMAL ]  Initializing flat source regions...
[  NORMAL ]  Initializing the 3D track generator...
[  NORMAL ]  CPUs on rank 0 process: 0 1 2 3 4 5 6 7 
[  NORMAL ]  Initializing a default angular quadrature...
[  NORMAL ]  Initializing 2D tracks...
[  NORMAL ]  Initializing 2D tracks reflections...
[  NORMAL ]  Initializing 2D tracks array...
[  NORMAL ]  Initializing 3D tracks...
[  NORMAL ]  RMS polar angle correction 5.085012 %
[  NORMAL ]  Max polar angle correction 12.606577 %
[  NORMAL ]  Progress Initializing 3D Tracks: 0.29 %
[  NORMAL ]  Progress Initializing 3D Tracks: 10.06 %
[  NORMAL ]  Progress Initializing 3D Tracks: 19.83 %
[  NORMAL ]  Progress Initializing 3D Tracks: 29.60 %
[  NORMAL ]  Progress Initializing 3D Tracks: 39.37 %
[  NORMAL ]  Progress Initializing 3D Tracks: 49.14 %
[  NORMAL ]  Progress Initializing 3D Tracks: 58.91 %
[  NORMAL ]  Progress Initializing 3D Tracks: 68.68 %
[  NORMAL ]  Progress Initializing 3D Tracks: 78.45 %
[  NORMAL ]  Progress Initializing 3D Tracks: 88.22 %
[  NORMAL ]  Progress Initializing 3D Tracks: 100.00 %
[  NORMAL ]  3D Tracks in domain: 4056
[  NORMAL ]  Ray tracing for axially extruded track segmentation...
[  NORMAL ]  Progress Segmenting 2D Tracks: 0.86 %
[  NORMAL ]  Progress Segmenting 2D Tracks: 10.34 %
[  NORMAL ]  Progress Segmenting 2D Tracks: 19.83 %
[  NORMAL ]  Progress Segmenting 2D Tracks: 29.31 %
[  NORMAL ]  Progress Segmenting 2D Tracks: 38.79 %
[  NORMAL ]  Progress Segmenting 2D Tracks: 48.28 %
[  NORMAL ]  Progress Segmenting 2D Tracks: 57.76 %
[  NORMAL ]  Progress Segmenting 2D Tracks: 67.24 %
[  NORMAL ]  Progress Segmenting 2D Tracks: 76.72 %
[  NORMAL ]  Progress Segmenting 2D Tracks: 86.21 %
[  NORMAL ]  Progress Segmenting 2D Tracks: 100.00 %
[  NORMAL ]  Initializing FSRs axially...
[  NORMAL ]  Initializing 3D FSRs in axially extruded regions...
[  NORMAL ]  Progress initializing 3D FSRs: 2.50 %
[  NORMAL ]  Progress initializing 3D FSRs: 12.50 %
[  NORMAL ]  Progress initializing 3D FSRs: 22.50 %
[  NORMAL ]  Progress initializing 3D FSRs: 32.50 %
[  NORMAL ]  Progress initializing 3D FSRs: 42.50 %
[  NORMAL ]  Progress initializing 3D FSRs: 52.50 %
[  NORMAL ]  Progress initializing 3D FSRs: 62.50 %
[  NORMAL ]  Progress initializing 3D FSRs: 72.50 %
[  NORMAL ]  Progress initializing 3D FSRs: 82.50 %
[  NORMAL ]  Progress initializing 3D FSRs: 92.50 %
[  NORMAL ]  Progress initializing 3D FSRs: 100.00 %
[  NORMAL ]  Progress reordering FSR IDs: 0.00 %
[  NORMAL ]  Progress reordering FSR IDs: 12.50 %
[  NORMAL ]  Progress reordering FSR IDs: 22.50 %
[  NORMAL ]  Progress reordering FSR IDs: 32.50 %
[  NORMAL ]  Progress reordering FSR IDs: 42.50 %
[  NORMAL ]  Progress reordering FSR IDs: 52.50 %
[  NORMAL ]  Progress reordering FSR IDs: 62.50 %
[  NORMAL ]  Progress reordering FSR IDs: 72.50 %
[  NORMAL ]  Progress reordering FSR IDs: 82.50 %
[  NORMAL ]  Progress reordering FSR IDs: 92.50 %
[  NORMAL ]  Progress reordering FSR IDs: 100.00 %
[  NORMAL ]  Finished initializing 3D FSRs
[  NORMAL ]  Initializing FSR lookup vectors
[  NORMAL ]  Total number of FSRs 40
[  NORMAL ]  Running OpenMOC eigenvalue calculation...
[  NORMAL ]  Initializing MOC eigenvalue solver...
[  NORMAL ]  Initializing solver arrays...
[  NORMAL ]  Max boundary angular flux storage per domain =   0.45 MB
[  NORMAL ]  Max scalar flux storage per domain =   0.00 MB
[  NORMAL ]  Max source storage per domain =   0.00 MB
[  NORMAL ]  Number of azimuthal angles = 4
[  NORMAL ]  Azimuthal ray spacing = 0.100000
[  NORMAL ]  Number of polar angles = 6
[  NORMAL ]  Z-spacing = 1.500000
[  NORMAL ]  Source type = Flat
[  NORMAL ]  MOC transport undamped
[  NORMAL ]  CMFD acceleration: OFF
[  NORMAL ]  Using 8 threads
[  NORMAL ]  Computing the eigenvalue...
[  NORMAL ]  Iteration 0:  k_eff = 0.706949   res = 5.296E-02  delta-k (pcm) =
[  NORMAL ]  ...  -29305 D.R. = 0.0530
[  NORMAL ]  Iteration 1:  k_eff = 0.740601   res = 1.265E-02  delta-k (pcm) =
[  NORMAL ]  ...  3365 D.R. = 0.2388
[  NORMAL ]  Iteration 2:  k_eff = 0.731471   res = 1.679E-03  delta-k (pcm) =
[  NORMAL ]  ...  -913 D.R. = 0.1328
[  NORMAL ]  Iteration 3:  k_eff = 0.730012   res = 2.334E-03  delta-k (pcm) =
[  NORMAL ]  ...  -145 D.R. = 1.3897
[  NORMAL ]  Iteration 4:  k_eff = 0.723167   res = 5.877E-04  delta-k (pcm) =
[  NORMAL ]  ...  -684 D.R. = 0.2518
[  NORMAL ]  Iteration 5:  k_eff = 0.719140   res = 2.173E-04  delta-k (pcm) =
[  NORMAL ]  ...  -402 D.R. = 0.3697
[  NORMAL ]  Iteration 6:  k_eff = 0.715005   res = 1.978E-04  delta-k (pcm) =
[  NORMAL ]  ...  -413 D.R. = 0.9102
[  NORMAL ]  Iteration 7:  k_eff = 0.710586   res = 3.980E-05  delta-k (pcm) =
[  NORMAL ]  ...  -441 D.R. = 0.2013
[  NORMAL ]  Iteration 8:  k_eff = 0.705849   res = 8.568E-05  delta-k (pcm) =
[  NORMAL ]  ...  -473 D.R. = 2.1527
[  NORMAL ]  Iteration 9:  k_eff = 0.702109   res = 1.210E-04  delta-k (pcm) =
[  NORMAL ]  ...  -373 D.R. = 1.4119
[  NORMAL ]  Iteration 10:  k_eff = 0.698404   res = 3.580E-05  delta-k (pcm) =
[  NORMAL ]  ...  -370 D.R. = 0.2959
[  NORMAL ]  Iteration 11:  k_eff = 0.695175   res = 4.106E-05  delta-k (pcm) =
[  NORMAL ]  ...  -322 D.R. = 1.1469
[  NORMAL ]  Iteration 12:  k_eff = 0.692635   res = 7.469E-05  delta-k (pcm) =
[  NORMAL ]  ...  -253 D.R. = 1.8190
[  NORMAL ]  Iteration 13:  k_eff = 0.690587   res = 4.871E-05  delta-k (pcm) =
[  NORMAL ]  ...  -204 D.R. = 0.6522
[  NORMAL ]  Iteration 14:  k_eff = 0.689215   res = 5.106E-05  delta-k (pcm) =
[  NORMAL ]  ...  -137 D.R. = 1.0481
[  NORMAL ]  Iteration 15:  k_eff = 0.688528   res = 5.519E-05  delta-k (pcm) =
[  NORMAL ]  ...  -68 D.R. = 1.0809
[  NORMAL ]  Iteration 16:  k_eff = 0.688498   res = 4.925E-05  delta-k (pcm) =
[  NORMAL ]  ...  -3 D.R. = 0.8924
[  NORMAL ]  Iteration 17:  k_eff = 0.689104   res = 4.062E-05  delta-k (pcm) =
[  NORMAL ]  ...  60 D.R. = 0.8249
[  NORMAL ]  Iteration 18:  k_eff = 0.690343   res = 3.732E-05  delta-k (pcm) =
[  NORMAL ]  ...  123 D.R. = 0.9187
[  NORMAL ]  Iteration 19:  k_eff = 0.692167   res = 2.992E-05  delta-k (pcm) =
[  NORMAL ]  ...  182 D.R. = 0.8017
[  NORMAL ]  Iteration 20:  k_eff = 0.694535   res = 2.215E-05  delta-k (pcm) =
[  NORMAL ]  ...  236 D.R. = 0.7403
[  NORMAL ]  Iteration 21:  k_eff = 0.697411   res = 1.658E-05  delta-k (pcm) =
[  NORMAL ]  ...  287 D.R. = 0.7484
[  NORMAL ]  Iteration 22:  k_eff = 0.700742   res = 1.068E-05  delta-k (pcm) =
[  NORMAL ]  ...  333 D.R. = 0.6445
[  NORMAL ]  Iteration 23:  k_eff = 0.704483   res = 8.503E-06  delta-k (pcm) =
[  NORMAL ]  ...  374 D.R. = 0.7959
[  NORMAL ]  Iteration 24:  k_eff = 0.708588   res = 1.078E-05  delta-k (pcm) =
[  NORMAL ]  ...  410 D.R. = 1.2680
[  NORMAL ]  Iteration 25:  k_eff = 0.713011   res = 1.543E-05  delta-k (pcm) =
[  NORMAL ]  ...  442 D.R. = 1.4315
[  NORMAL ]  Iteration 26:  k_eff = 0.717709   res = 2.041E-05  delta-k (pcm) =
[  NORMAL ]  ...  469 D.R. = 1.3222
[  NORMAL ]  Iteration 27:  k_eff = 0.722641   res = 2.491E-05  delta-k (pcm) =
[  NORMAL ]  ...  493 D.R. = 1.2204
[  NORMAL ]  Iteration 28:  k_eff = 0.727768   res = 2.912E-05  delta-k (pcm) =
[  NORMAL ]  ...  512 D.R. = 1.1694
[  NORMAL ]  Iteration 29:  k_eff = 0.733055   res = 3.286E-05  delta-k (pcm) =
[  NORMAL ]  ...  528 D.R. = 1.1284
[  NORMAL ]  Iteration 30:  k_eff = 0.738471   res = 3.599E-05  delta-k (pcm) =
[  NORMAL ]  ...  541 D.R. = 1.0952
[  NORMAL ]  Iteration 31:  k_eff = 0.743983   res = 3.869E-05  delta-k (pcm) =
[  NORMAL ]  ...  551 D.R. = 1.0751
[  NORMAL ]  Iteration 32:  k_eff = 0.749567   res = 4.089E-05  delta-k (pcm) =
[  NORMAL ]  ...  558 D.R. = 1.0567
[  NORMAL ]  Iteration 33:  k_eff = 0.755198   res = 4.271E-05  delta-k (pcm) =
[  NORMAL ]  ...  563 D.R. = 1.0446
[  NORMAL ]  Iteration 34:  k_eff = 0.760854   res = 4.404E-05  delta-k (pcm) =
[  NORMAL ]  ...  565 D.R. = 1.0310
[  NORMAL ]  Iteration 35:  k_eff = 0.766516   res = 4.515E-05  delta-k (pcm) =
[  NORMAL ]  ...  566 D.R. = 1.0251
[  NORMAL ]  Iteration 36:  k_eff = 0.772168   res = 4.572E-05  delta-k (pcm) =
[  NORMAL ]  ...  565 D.R. = 1.0128
[  NORMAL ]  Iteration 37:  k_eff = 0.777794   res = 4.620E-05  delta-k (pcm) =
[  NORMAL ]  ...  562 D.R. = 1.0104
[  NORMAL ]  Iteration 38:  k_eff = 0.783382   res = 4.634E-05  delta-k (pcm) =
[  NORMAL ]  ...  558 D.R. = 1.0032
[  NORMAL ]  Iteration 39:  k_eff = 0.788920   res = 4.632E-05  delta-k (pcm) =
[  NORMAL ]  ...  553 D.R. = 0.9996
[  NORMAL ]  Iteration 40:  k_eff = 0.794399   res = 4.601E-05  delta-k (pcm) =
[  NORMAL ]  ...  547 D.R. = 0.9933
[  NORMAL ]  Iteration 41:  k_eff = 0.799811   res = 4.562E-05  delta-k (pcm) =
[  NORMAL ]  ...  541 D.R. = 0.9915
[  NORMAL ]  Iteration 42:  k_eff = 0.805148   res = 4.511E-05  delta-k (pcm) =
[  NORMAL ]  ...  533 D.R. = 0.9888
[  NORMAL ]  Iteration 43:  k_eff = 0.810406   res = 4.447E-05  delta-k (pcm) =
[  NORMAL ]  ...  525 D.R. = 0.9857
[  NORMAL ]  Iteration 44:  k_eff = 0.815579   res = 4.368E-05  delta-k (pcm) =
[  NORMAL ]  ...  517 D.R. = 0.9822
[  NORMAL ]  Iteration 45:  k_eff = 0.820663   res = 4.293E-05  delta-k (pcm) =
[  NORMAL ]  ...  508 D.R. = 0.9829
[  NORMAL ]  Iteration 46:  k_eff = 0.825656   res = 4.198E-05  delta-k (pcm) =
[  NORMAL ]  ...  499 D.R. = 0.9780
[  NORMAL ]  Iteration 47:  k_eff = 0.830555   res = 4.111E-05  delta-k (pcm) =
[  NORMAL ]  ...  489 D.R. = 0.9792
[  NORMAL ]  Iteration 48:  k_eff = 0.835358   res = 4.018E-05  delta-k (pcm) =
[  NORMAL ]  ...  480 D.R. = 0.9772
[  NORMAL ]  Iteration 49:  k_eff = 0.840065   res = 3.921E-05  delta-k (pcm) =
[  NORMAL ]  ...  470 D.R. = 0.9760
[  NORMAL ]  Iteration 50:  k_eff = 0.844674   res = 3.814E-05  delta-k (pcm) =
[  NORMAL ]  ...  460 D.R. = 0.9726
[  NORMAL ]  Iteration 51:  k_eff = 0.849185   res = 3.719E-05  delta-k (pcm) =
[  NORMAL ]  ...  451 D.R. = 0.9750
[  NORMAL ]  Iteration 52:  k_eff = 0.853599   res = 3.618E-05  delta-k (pcm) =
[  NORMAL ]  ...  441 D.R. = 0.9729
[  NORMAL ]  Iteration 53:  k_eff = 0.857914   res = 3.518E-05  delta-k (pcm) =
[  NORMAL ]  ...  431 D.R. = 0.9725
[  NORMAL ]  Iteration 54:  k_eff = 0.862133   res = 3.421E-05  delta-k (pcm) =
[  NORMAL ]  ...  421 D.R. = 0.9724
[  NORMAL ]  Iteration 55:  k_eff = 0.866256   res = 3.319E-05  delta-k (pcm) =
[  NORMAL ]  ...  412 D.R. = 0.9701
[  NORMAL ]  Iteration 56:  k_eff = 0.870284   res = 3.228E-05  delta-k (pcm) =
[  NORMAL ]  ...  402 D.R. = 0.9726
[  NORMAL ]  Iteration 57:  k_eff = 0.874218   res = 3.126E-05  delta-k (pcm) =
[  NORMAL ]  ...  393 D.R. = 0.9686
[  NORMAL ]  Iteration 58:  k_eff = 0.878059   res = 3.047E-05  delta-k (pcm) =
[  NORMAL ]  ...  384 D.R. = 0.9745
[  NORMAL ]  Iteration 59:  k_eff = 0.881809   res = 2.942E-05  delta-k (pcm) =
[  NORMAL ]  ...  375 D.R. = 0.9658
[  NORMAL ]  Iteration 60:  k_eff = 0.885469   res = 2.861E-05  delta-k (pcm) =
[  NORMAL ]  ...  366 D.R. = 0.9723
[  NORMAL ]  Iteration 61:  k_eff = 0.889041   res = 2.773E-05  delta-k (pcm) =
[  NORMAL ]  ...  357 D.R. = 0.9691
[  NORMAL ]  Iteration 62:  k_eff = 0.892527   res = 2.691E-05  delta-k (pcm) =
[  NORMAL ]  ...  348 D.R. = 0.9704
[  NORMAL ]  Iteration 63:  k_eff = 0.895927   res = 2.606E-05  delta-k (pcm) =
[  NORMAL ]  ...  340 D.R. = 0.9685
[  NORMAL ]  Iteration 64:  k_eff = 0.899244   res = 2.529E-05  delta-k (pcm) =
[  NORMAL ]  ...  331 D.R. = 0.9705
[  NORMAL ]  Iteration 65:  k_eff = 0.902480   res = 2.451E-05  delta-k (pcm) =
[  NORMAL ]  ...  323 D.R. = 0.9692
[  NORMAL ]  Iteration 66:  k_eff = 0.905635   res = 2.377E-05  delta-k (pcm) =
[  NORMAL ]  ...  315 D.R. = 0.9698
[  NORMAL ]  Iteration 67:  k_eff = 0.908713   res = 2.305E-05  delta-k (pcm) =
[  NORMAL ]  ...  307 D.R. = 0.9695
[  NORMAL ]  Iteration 68:  k_eff = 0.911714   res = 2.231E-05  delta-k (pcm) =
[  NORMAL ]  ...  300 D.R. = 0.9681
[  NORMAL ]  Iteration 69:  k_eff = 0.914640   res = 2.160E-05  delta-k (pcm) =
[  NORMAL ]  ...  292 D.R. = 0.9681
[  NORMAL ]  Iteration 70:  k_eff = 0.917493   res = 2.099E-05  delta-k (pcm) =
[  NORMAL ]  ...  285 D.R. = 0.9719
[  NORMAL ]  Iteration 71:  k_eff = 0.920275   res = 2.038E-05  delta-k (pcm) =
[  NORMAL ]  ...  278 D.R. = 0.9709
[  NORMAL ]  Iteration 72:  k_eff = 0.922986   res = 1.975E-05  delta-k (pcm) =
[  NORMAL ]  ...  271 D.R. = 0.9690
[  NORMAL ]  Iteration 73:  k_eff = 0.925630   res = 1.916E-05  delta-k (pcm) =
[  NORMAL ]  ...  264 D.R. = 0.9701
[  NORMAL ]  Iteration 74:  k_eff = 0.928208   res = 1.856E-05  delta-k (pcm) =
[  NORMAL ]  ...  257 D.R. = 0.9686
[  NORMAL ]  Iteration 75:  k_eff = 0.930720   res = 1.803E-05  delta-k (pcm) =
[  NORMAL ]  ...  251 D.R. = 0.9716
[  NORMAL ]  Iteration 76:  k_eff = 0.933169   res = 1.747E-05  delta-k (pcm) =
[  NORMAL ]  ...  244 D.R. = 0.9687
[  NORMAL ]  Iteration 77:  k_eff = 0.935556   res = 1.689E-05  delta-k (pcm) =
[  NORMAL ]  ...  238 D.R. = 0.9670
[  NORMAL ]  Iteration 78:  k_eff = 0.937883   res = 1.642E-05  delta-k (pcm) =
[  NORMAL ]  ...  232 D.R. = 0.9717
[  NORMAL ]  Iteration 79:  k_eff = 0.940152   res = 1.596E-05  delta-k (pcm) =
[  NORMAL ]  ...  226 D.R. = 0.9722
[  NORMAL ]  Iteration 80:  k_eff = 0.942362   res = 1.545E-05  delta-k (pcm) =
[  NORMAL ]  ...  221 D.R. = 0.9678
[  NORMAL ]  Iteration 81:  k_eff = 0.944517   res = 1.505E-05  delta-k (pcm) =
[  NORMAL ]  ...  215 D.R. = 0.9743
[  NORMAL ]  Iteration 82:  k_eff = 0.946617   res = 1.454E-05  delta-k (pcm) =
[  NORMAL ]  ...  210 D.R. = 0.9666
[  NORMAL ]  Iteration 83:  k_eff = 0.948664   res = 1.411E-05  delta-k (pcm) =
[  NORMAL ]  ...  204 D.R. = 0.9698
[  NORMAL ]  Iteration 84:  k_eff = 0.950659   res = 1.375E-05  delta-k (pcm) =
[  NORMAL ]  ...  199 D.R. = 0.9750
[  NORMAL ]  Iteration 85:  k_eff = 0.952604   res = 1.331E-05  delta-k (pcm) =
[  NORMAL ]  ...  194 D.R. = 0.9680
[  NORMAL ]  Iteration 86:  k_eff = 0.954499   res = 1.289E-05  delta-k (pcm) =
[  NORMAL ]  ...  189 D.R. = 0.9684
[  NORMAL ]  Iteration 87:  k_eff = 0.956346   res = 1.258E-05  delta-k (pcm) =
[  NORMAL ]  ...  184 D.R. = 0.9759
[  NORMAL ]  Iteration 88:  k_eff = 0.958146   res = 1.224E-05  delta-k (pcm) =
[  NORMAL ]  ...  180 D.R. = 0.9727
[  NORMAL ]  Iteration 89:  k_eff = 0.959900   res = 1.180E-05  delta-k (pcm) =
[  NORMAL ]  ...  175 D.R. = 0.9642
[  NORMAL ]  Iteration 90:  k_eff = 0.961610   res = 1.151E-05  delta-k (pcm) =
[  NORMAL ]  ...  170 D.R. = 0.9760
[  NORMAL ]  Iteration 91:  k_eff = 0.963276   res = 1.116E-05  delta-k (pcm) =
[  NORMAL ]  ...  166 D.R. = 0.9694
[  NORMAL ]  Iteration 92:  k_eff = 0.964900   res = 1.082E-05  delta-k (pcm) =
[  NORMAL ]  ...  162 D.R. = 0.9693
[  NORMAL ]  Iteration 93:  k_eff = 0.966483   res = 1.057E-05  delta-k (pcm) =
[  NORMAL ]  ...  158 D.R. = 0.9771
[  NORMAL ]  Iteration 94:  k_eff = 0.968025   res = 1.027E-05  delta-k (pcm) =
[  NORMAL ]  ...  154 D.R. = 0.9709
[  NORMAL ]  Iteration 95:  k_eff = 0.969529   res = 9.897E-06  delta-k (pcm) =
[  NORMAL ]  ...  150 D.R. = 0.9642
[  NORMAL ]  Iteration 96:  k_eff = 0.970994   res = 9.653E-06  delta-k (pcm) =
[  NORMAL ]  ...  146 D.R. = 0.9753
[  NORMAL ]  Iteration 97:  k_eff = 0.972421   res = 9.395E-06  delta-k (pcm) =
[  NORMAL ]  ...  142 D.R. = 0.9733
[  NORMAL ]  Iteration 98:  k_eff = 0.973813   res = 9.138E-06  delta-k (pcm) =
[  NORMAL ]  ...  139 D.R. = 0.9727
[  NORMAL ]  Iteration 99:  k_eff = 0.975169   res = 8.799E-06  delta-k (pcm) =
[  NORMAL ]  ...  135 D.R. = 0.9628
[  NORMAL ]  Iteration 100:  k_eff = 0.976490   res = 8.626E-06  delta-k (pcm)
[  NORMAL ]  ...  = 132 D.R. = 0.9804
[  NORMAL ]  Iteration 101:  k_eff = 0.977778   res = 8.417E-06  delta-k (pcm)
[  NORMAL ]  ...  = 128 D.R. = 0.9758
[  NORMAL ]  Iteration 102:  k_eff = 0.979033   res = 8.099E-06  delta-k (pcm)
[  NORMAL ]  ...  = 125 D.R. = 0.9622
[  NORMAL ]  Iteration 103:  k_eff = 0.980257   res = 7.947E-06  delta-k (pcm)
[  NORMAL ]  ...  = 122 D.R. = 0.9813
[  NORMAL ]  Iteration 104:  k_eff = 0.981449   res = 7.689E-06  delta-k (pcm)
[  NORMAL ]  ...  = 119 D.R. = 0.9675
[  NORMAL ]  Iteration 105:  k_eff = 0.982611   res = 7.485E-06  delta-k (pcm)
[  NORMAL ]  ...  = 116 D.R. = 0.9734
[  NORMAL ]  Iteration 106:  k_eff = 0.983743   res = 7.252E-06  delta-k (pcm)
[  NORMAL ]  ...  = 113 D.R. = 0.9688
[  NORMAL ]  Iteration 107:  k_eff = 0.984846   res = 7.077E-06  delta-k (pcm)
[  NORMAL ]  ...  = 110 D.R. = 0.9759
[  NORMAL ]  Iteration 108:  k_eff = 0.985922   res = 6.825E-06  delta-k (pcm)
[  NORMAL ]  ...  = 107 D.R. = 0.9645
[  NORMAL ]  Iteration 109:  k_eff = 0.986970   res = 6.743E-06  delta-k (pcm)
[  NORMAL ]  ...  = 104 D.R. = 0.9879
[  NORMAL ]  Iteration 110:  k_eff = 0.987991   res = 6.493E-06  delta-k (pcm)
[  NORMAL ]  ...  = 102 D.R. = 0.9630
[  NORMAL ]  Iteration 111:  k_eff = 0.988986   res = 6.301E-06  delta-k (pcm)
[  NORMAL ]  ...  = 99 D.R. = 0.9704
[  NORMAL ]  Iteration 112:  k_eff = 0.989956   res = 6.150E-06  delta-k (pcm)
[  NORMAL ]  ...  = 96 D.R. = 0.9759
[  NORMAL ]  Iteration 113:  k_eff = 0.990901   res = 5.976E-06  delta-k (pcm)
[  NORMAL ]  ...  = 94 D.R. = 0.9718
[  NORMAL ]  Iteration 114:  k_eff = 0.991823   res = 5.829E-06  delta-k (pcm)
[  NORMAL ]  ...  = 92 D.R. = 0.9754
[  NORMAL ]  Iteration 115:  k_eff = 0.992721   res = 5.643E-06  delta-k (pcm)
[  NORMAL ]  ...  = 89 D.R. = 0.9682
[  NORMAL ]  Iteration 116:  k_eff = 0.993596   res = 5.538E-06  delta-k (pcm)
[  NORMAL ]  ...  = 87 D.R. = 0.9813
[  NORMAL ]  Iteration 117:  k_eff = 0.994448   res = 5.308E-06  delta-k (pcm)
[  NORMAL ]  ...  = 85 D.R. = 0.9585
[  NORMAL ]  Iteration 118:  k_eff = 0.995279   res = 5.242E-06  delta-k (pcm)
[  NORMAL ]  ...  = 83 D.R. = 0.9876
[  NORMAL ]  Iteration 119:  k_eff = 0.996089   res = 5.027E-06  delta-k (pcm)
[  NORMAL ]  ...  = 80 D.R. = 0.9588
[  NORMAL ]  Iteration 120:  k_eff = 0.996878   res = 4.961E-06  delta-k (pcm)
[  NORMAL ]  ...  = 78 D.R. = 0.9869
[  NORMAL ]  Iteration 121:  k_eff = 0.997647   res = 4.802E-06  delta-k (pcm)
[  NORMAL ]  ...  = 76 D.R. = 0.9680
[  NORMAL ]  Iteration 122:  k_eff = 0.998397   res = 4.661E-06  delta-k (pcm)
[  NORMAL ]  ...  = 74 D.R. = 0.9706
[  NORMAL ]  Iteration 123:  k_eff = 0.999128   res = 4.566E-06  delta-k (pcm)
[  NORMAL ]  ...  = 73 D.R. = 0.9797
[  NORMAL ]  Iteration 124:  k_eff = 0.999839   res = 4.405E-06  delta-k (pcm)
[  NORMAL ]  ...  = 71 D.R. = 0.9647
[  NORMAL ]  Iteration 125:  k_eff = 1.000533   res = 4.308E-06  delta-k (pcm)
[  NORMAL ]  ...  = 69 D.R. = 0.9779
[  NORMAL ]  Iteration 126:  k_eff = 1.001209   res = 4.113E-06  delta-k (pcm)
[  NORMAL ]  ...  = 67 D.R. = 0.9549
[  NORMAL ]  Iteration 127:  k_eff = 1.001868   res = 4.118E-06  delta-k (pcm)
[  NORMAL ]  ...  = 65 D.R. = 1.0010
[  NORMAL ]  Iteration 128:  k_eff = 1.002510   res = 4.037E-06  delta-k (pcm)
[  NORMAL ]  ...  = 64 D.R. = 0.9804
[  NORMAL ]  Iteration 129:  k_eff = 1.003136   res = 3.851E-06  delta-k (pcm)
[  NORMAL ]  ...  = 62 D.R. = 0.9540
[  NORMAL ]  Iteration 130:  k_eff = 1.003746   res = 3.741E-06  delta-k (pcm)
[  NORMAL ]  ...  = 60 D.R. = 0.9714
[  NORMAL ]  Iteration 131:  k_eff = 1.004340   res = 3.648E-06  delta-k (pcm)
[  NORMAL ]  ...  = 59 D.R. = 0.9751
[  NORMAL ]  Iteration 132:  k_eff = 1.004920   res = 3.583E-06  delta-k (pcm)
[  NORMAL ]  ...  = 57 D.R. = 0.9822
[  NORMAL ]  Iteration 133:  k_eff = 1.005484   res = 3.469E-06  delta-k (pcm)
[  NORMAL ]  ...  = 56 D.R. = 0.9682
[  NORMAL ]  Iteration 134:  k_eff = 1.006034   res = 3.364E-06  delta-k (pcm)
[  NORMAL ]  ...  = 55 D.R. = 0.9698
[  NORMAL ]  Iteration 135:  k_eff = 1.006570   res = 3.269E-06  delta-k (pcm)
[  NORMAL ]  ...  = 53 D.R. = 0.9718
[  NORMAL ]  Iteration 136:  k_eff = 1.007093   res = 3.219E-06  delta-k (pcm)
[  NORMAL ]  ...  = 52 D.R. = 0.9847
[  NORMAL ]  Iteration 137:  k_eff = 1.007602   res = 3.083E-06  delta-k (pcm)
[  NORMAL ]  ...  = 50 D.R. = 0.9577
[  NORMAL ]  Iteration 138:  k_eff = 1.008098   res = 3.084E-06  delta-k (pcm)
[  NORMAL ]  ...  = 49 D.R. = 1.0004
[  NORMAL ]  Iteration 139:  k_eff = 1.008582   res = 2.933E-06  delta-k (pcm)
[  NORMAL ]  ...  = 48 D.R. = 0.9508
[  NORMAL ]  Iteration 140:  k_eff = 1.009053   res = 2.862E-06  delta-k (pcm)
[  NORMAL ]  ...  = 47 D.R. = 0.9759
[  NORMAL ]  Iteration 141:  k_eff = 1.009512   res = 2.825E-06  delta-k (pcm)
[  NORMAL ]  ...  = 45 D.R. = 0.9873
[  NORMAL ]  Iteration 142:  k_eff = 1.009960   res = 2.705E-06  delta-k (pcm)
[  NORMAL ]  ...  = 44 D.R. = 0.9574
[  NORMAL ]  Iteration 143:  k_eff = 1.010396   res = 2.637E-06  delta-k (pcm)
[  NORMAL ]  ...  = 43 D.R. = 0.9747
[  NORMAL ]  Iteration 144:  k_eff = 1.010821   res = 2.642E-06  delta-k (pcm)
[  NORMAL ]  ...  = 42 D.R. = 1.0020
[  NORMAL ]  Iteration 145:  k_eff = 1.011236   res = 2.522E-06  delta-k (pcm)
[  NORMAL ]  ...  = 41 D.R. = 0.9545
[  NORMAL ]  Iteration 146:  k_eff = 1.011639   res = 2.392E-06  delta-k (pcm)
[  NORMAL ]  ...  = 40 D.R. = 0.9483
[  NORMAL ]  Iteration 147:  k_eff = 1.012033   res = 2.444E-06  delta-k (pcm)
[  NORMAL ]  ...  = 39 D.R. = 1.0219
[  NORMAL ]  Iteration 148:  k_eff = 1.012416   res = 2.346E-06  delta-k (pcm)
[  NORMAL ]  ...  = 38 D.R. = 0.9600
[  NORMAL ]  Iteration 149:  k_eff = 1.012790   res = 2.174E-06  delta-k (pcm)
[  NORMAL ]  ...  = 37 D.R. = 0.9268
[  NORMAL ]  Iteration 150:  k_eff = 1.013154   res = 2.190E-06  delta-k (pcm)
[  NORMAL ]  ...  = 36 D.R. = 1.0070
[  NORMAL ]  Iteration 151:  k_eff = 1.013509   res = 2.190E-06  delta-k (pcm)
[  NORMAL ]  ...  = 35 D.R. = 1.0003
[  NORMAL ]  Iteration 152:  k_eff = 1.013855   res = 2.090E-06  delta-k (pcm)
[  NORMAL ]  ...  = 34 D.R. = 0.9544
[  NORMAL ]  Iteration 153:  k_eff = 1.014192   res = 2.017E-06  delta-k (pcm)
[  NORMAL ]  ...  = 33 D.R. = 0.9649
[  NORMAL ]  Iteration 154:  k_eff = 1.014521   res = 1.975E-06  delta-k (pcm)
[  NORMAL ]  ...  = 32 D.R. = 0.9790
[  NORMAL ]  Iteration 155:  k_eff = 1.014841   res = 1.934E-06  delta-k (pcm)
[  NORMAL ]  ...  = 32 D.R. = 0.9796
[  NORMAL ]  Iteration 156:  k_eff = 1.015153   res = 1.921E-06  delta-k (pcm)
[  NORMAL ]  ...  = 31 D.R. = 0.9928
[  NORMAL ]  Iteration 157:  k_eff = 1.015457   res = 1.829E-06  delta-k (pcm)
[  NORMAL ]  ...  = 30 D.R. = 0.9525
[  NORMAL ]  Iteration 158:  k_eff = 1.015753   res = 1.758E-06  delta-k (pcm)
[  NORMAL ]  ...  = 29 D.R. = 0.9608
[  NORMAL ]  Iteration 159:  k_eff = 1.016042   res = 1.750E-06  delta-k (pcm)
[  NORMAL ]  ...  = 28 D.R. = 0.9955
[  NORMAL ]  Iteration 160:  k_eff = 1.016323   res = 1.711E-06  delta-k (pcm)
[  NORMAL ]  ...  = 28 D.R. = 0.9781
[  NORMAL ]  Iteration 161:  k_eff = 1.016598   res = 1.638E-06  delta-k (pcm)
[  NORMAL ]  ...  = 27 D.R. = 0.9572
[  NORMAL ]  Iteration 162:  k_eff = 1.016865   res = 1.648E-06  delta-k (pcm)
[  NORMAL ]  ...  = 26 D.R. = 1.0059
[  NORMAL ]  Iteration 163:  k_eff = 1.017125   res = 1.502E-06  delta-k (pcm)
[  NORMAL ]  ...  = 26 D.R. = 0.9115
[  NORMAL ]  Iteration 164:  k_eff = 1.017379   res = 1.551E-06  delta-k (pcm)
[  NORMAL ]  ...  = 25 D.R. = 1.0328
[  NORMAL ]  Iteration 165:  k_eff = 1.017627   res = 1.482E-06  delta-k (pcm)
[  NORMAL ]  ...  = 24 D.R. = 0.9552
[  NORMAL ]  Iteration 166:  k_eff = 1.017868   res = 1.477E-06  delta-k (pcm)
[  NORMAL ]  ...  = 24 D.R. = 0.9968
[  NORMAL ]  Iteration 167:  k_eff = 1.018103   res = 1.386E-06  delta-k (pcm)
[  NORMAL ]  ...  = 23 D.R. = 0.9386
[  NORMAL ]  Iteration 168:  k_eff = 1.018332   res = 1.391E-06  delta-k (pcm)
[  NORMAL ]  ...  = 22 D.R. = 1.0031
[  NORMAL ]  Iteration 169:  k_eff = 1.018555   res = 1.348E-06  delta-k (pcm)
[  NORMAL ]  ...  = 22 D.R. = 0.9695
[  NORMAL ]  Iteration 170:  k_eff = 1.018772   res = 1.240E-06  delta-k (pcm)
[  NORMAL ]  ...  = 21 D.R. = 0.9199
[  NORMAL ]  Iteration 171:  k_eff = 1.018984   res = 1.282E-06  delta-k (pcm)
[  NORMAL ]  ...  = 21 D.R. = 1.0339
[  NORMAL ]  Iteration 172:  k_eff = 1.019191   res = 1.260E-06  delta-k (pcm)
[  NORMAL ]  ...  = 20 D.R. = 0.9825
[  NORMAL ]  Iteration 173:  k_eff = 1.019392   res = 1.229E-06  delta-k (pcm)
[  NORMAL ]  ...  = 20 D.R. = 0.9753
[  NORMAL ]  Iteration 174:  k_eff = 1.019588   res = 1.149E-06  delta-k (pcm)
[  NORMAL ]  ...  = 19 D.R. = 0.9347
[  NORMAL ]  Iteration 175:  k_eff = 1.019779   res = 1.182E-06  delta-k (pcm)
[  NORMAL ]  ...  = 19 D.R. = 1.0290
[  NORMAL ]  Iteration 176:  k_eff = 1.019965   res = 1.107E-06  delta-k (pcm)
[  NORMAL ]  ...  = 18 D.R. = 0.9367
[  NORMAL ]  Iteration 177:  k_eff = 1.020147   res = 1.095E-06  delta-k (pcm)
[  NORMAL ]  ...  = 18 D.R. = 0.9888
[  NORMAL ]  Iteration 178:  k_eff = 1.020324   res = 1.017E-06  delta-k (pcm)
[  NORMAL ]  ...  = 17 D.R. = 0.9290
[  NORMAL ]  Iteration 179:  k_eff = 1.020496   res = 1.040E-06  delta-k (pcm)
[  NORMAL ]  ...  = 17 D.R. = 1.0228
[  NORMAL ]  Iteration 180:  k_eff = 1.020664   res = 1.004E-06  delta-k (pcm)
[  NORMAL ]  ...  = 16 D.R. = 0.9657
[  NORMAL ]  Iteration 181:  k_eff = 1.020828   res = 9.944E-07  delta-k (pcm)
[  NORMAL ]  ...  = 16 D.R. = 0.9901
[  NORMAL ]  Iteration 182:  k_eff = 1.020988   res = 9.610E-07  delta-k (pcm)
[  NORMAL ]  ...  = 15 D.R. = 0.9665
[  NORMAL ]  Iteration 183:  k_eff = 1.021143   res = 9.275E-07  delta-k (pcm)
[  NORMAL ]  ...  = 15 D.R. = 0.9651
[  NORMAL ]  Iteration 184:  k_eff = 1.021295   res = 8.850E-07  delta-k (pcm)
[  NORMAL ]  ...  = 15 D.R. = 0.9541
[  NORMAL ]  Iteration 185:  k_eff = 1.021443   res = 9.326E-07  delta-k (pcm)
[  NORMAL ]  ...  = 14 D.R. = 1.0538
[  NORMAL ]  Iteration 186:  k_eff = 1.021587   res = 8.679E-07  delta-k (pcm)
[  NORMAL ]  ...  = 14 D.R. = 0.9306
[  NORMAL ]  Iteration 187:  k_eff = 1.021727   res = 7.785E-07  delta-k (pcm)
[  NORMAL ]  ...  = 14 D.R. = 0.8970
[  NORMAL ]  Iteration 188:  k_eff = 1.021864   res = 8.533E-07  delta-k (pcm)
[  NORMAL ]  ...  = 13 D.R. = 1.0961
[  NORMAL ]  Iteration 189:  k_eff = 1.021997   res = 8.633E-07  delta-k (pcm)
[  NORMAL ]  ...  = 13 D.R. = 1.0117
[  NORMAL ]  Iteration 190:  k_eff = 1.022127   res = 6.738E-07  delta-k (pcm)
[  NORMAL ]  ...  = 12 D.R. = 0.7805
[  NORMAL ]  Iteration 191:  k_eff = 1.022253   res = 8.150E-07  delta-k (pcm)
[  NORMAL ]  ...  = 12 D.R. = 1.2095
[  NORMAL ]  Iteration 192:  k_eff = 1.022377   res = 7.060E-07  delta-k (pcm)
[  NORMAL ]  ...  = 12 D.R. = 0.8663
[  NORMAL ]  Iteration 193:  k_eff = 1.022497   res = 7.176E-07  delta-k (pcm)
[  NORMAL ]  ...  = 12 D.R. = 1.0164
[  NORMAL ]  Iteration 194:  k_eff = 1.022614   res = 7.043E-07  delta-k (pcm)
[  NORMAL ]  ...  = 11 D.R. = 0.9815
[  NORMAL ]  Iteration 195:  k_eff = 1.022728   res = 7.474E-07  delta-k (pcm)
[  NORMAL ]  ...  = 11 D.R. = 1.0612
[  NORMAL ]  Iteration 196:  k_eff = 1.022839   res = 6.751E-07  delta-k (pcm)
[  NORMAL ]  ...  = 11 D.R. = 0.9033
[  NORMAL ]  Iteration 197:  k_eff = 1.022948   res = 6.453E-07  delta-k (pcm)
[  NORMAL ]  ...  = 10 D.R. = 0.9559
[  NORMAL ]  Iteration 198:  k_eff = 1.023053   res = 6.654E-07  delta-k (pcm)
[  NORMAL ]  ...  = 10 D.R. = 1.0311
[  NORMAL ]  Iteration 199:  k_eff = 1.023156   res = 6.119E-07  delta-k (pcm)
[  NORMAL ]  ...  = 10 D.R. = 0.9196
[  NORMAL ]  Iteration 200:  k_eff = 1.023257   res = 5.905E-07  delta-k (pcm)
[  NORMAL ]  ...  = 10 D.R. = 0.9650
[  NORMAL ]  Iteration 201:  k_eff = 1.023354   res = 6.030E-07  delta-k (pcm)
[  NORMAL ]  ...  = 9 D.R. = 1.0211
[  NORMAL ]  Iteration 202:  k_eff = 1.023450   res = 6.149E-07  delta-k (pcm)
[  NORMAL ]  ...  = 9 D.R. = 1.0198
[  NORMAL ]  Iteration 203:  k_eff = 1.023543   res = 5.227E-07  delta-k (pcm)
[  NORMAL ]  ...  = 9 D.R. = 0.8500
[  NORMAL ]  Iteration 204:  k_eff = 1.023633   res = 4.960E-07  delta-k (pcm)
[  NORMAL ]  ...  = 9 D.R. = 0.9489
[  NORMAL ]  Iteration 205:  k_eff = 1.023721   res = 5.221E-07  delta-k (pcm)
[  NORMAL ]  ...  = 8 D.R. = 1.0526
[  NORMAL ]  Iteration 206:  k_eff = 1.023807   res = 5.698E-07  delta-k (pcm)
[  NORMAL ]  ...  = 8 D.R. = 1.0913
[  NORMAL ]  Iteration 207:  k_eff = 1.023891   res = 4.707E-07  delta-k (pcm)
[  NORMAL ]  ...  = 8 D.R. = 0.8261
[  NORMAL ]  Iteration 208:  k_eff = 1.023973   res = 5.184E-07  delta-k (pcm)
[  NORMAL ]  ...  = 8 D.R. = 1.1014
[  NORMAL ]  Iteration 209:  k_eff = 1.024052   res = 4.697E-07  delta-k (pcm)
[  NORMAL ]  ...  = 7 D.R. = 0.9061
[  NORMAL ]  Iteration 210:  k_eff = 1.024130   res = 4.771E-07  delta-k (pcm)
[  NORMAL ]  ...  = 7 D.R. = 1.0157
[  NORMAL ]  Iteration 211:  k_eff = 1.024205   res = 4.803E-07  delta-k (pcm)
[  NORMAL ]  ...  = 7 D.R. = 1.0067
[  NORMAL ]  Iteration 212:  k_eff = 1.024279   res = 4.301E-07  delta-k (pcm)
[  NORMAL ]  ...  = 7 D.R. = 0.8955
[  NORMAL ]  Iteration 213:  k_eff = 1.024351   res = 4.483E-07  delta-k (pcm)
[  NORMAL ]  ...  = 7 D.R. = 1.0424
[  NORMAL ]  Iteration 214:  k_eff = 1.024421   res = 4.370E-07  delta-k (pcm)
[  NORMAL ]  ...  = 6 D.R. = 0.9747
[  NORMAL ]  Iteration 215:  k_eff = 1.024489   res = 4.470E-07  delta-k (pcm)
[  NORMAL ]  ...  = 6 D.R. = 1.0229
[  NORMAL ]  Iteration 216:  k_eff = 1.024555   res = 3.652E-07  delta-k (pcm)
[  NORMAL ]  ...  = 6 D.R. = 0.8171
[  NORMAL ]  Iteration 217:  k_eff = 1.024620   res = 4.164E-07  delta-k (pcm)
[  NORMAL ]  ...  = 6 D.R. = 1.1401
[  NORMAL ]  Iteration 218:  k_eff = 1.024683   res = 3.928E-07  delta-k (pcm)
[  NORMAL ]  ...  = 6 D.R. = 0.9434
[  NORMAL ]  Iteration 219:  k_eff = 1.024745   res = 4.003E-07  delta-k (pcm)
[  NORMAL ]  ...  = 6 D.R. = 1.0190
[  NORMAL ]  Iteration 220:  k_eff = 1.024805   res = 3.320E-07  delta-k (pcm)
[  NORMAL ]  ...  = 5 D.R. = 0.8295
[  NORMAL ]  Iteration 221:  k_eff = 1.024863   res = 3.397E-07  delta-k (pcm)
[  NORMAL ]  ...  = 5 D.R. = 1.0230
[  NORMAL ]  Iteration 222:  k_eff = 1.024920   res = 3.625E-07  delta-k (pcm)
[  NORMAL ]  ...  = 5 D.R. = 1.0671
[  NORMAL ]  Iteration 223:  k_eff = 1.024975   res = 3.244E-07  delta-k (pcm)
[  NORMAL ]  ...  = 5 D.R. = 0.8949
[  NORMAL ]  Iteration 224:  k_eff = 1.025029   res = 3.676E-07  delta-k (pcm)
[  NORMAL ]  ...  = 5 D.R. = 1.1333
[  NORMAL ]  Iteration 225:  k_eff = 1.025082   res = 3.171E-07  delta-k (pcm)
[  NORMAL ]  ...  = 5 D.R. = 0.8626
[  NORMAL ]  Iteration 226:  k_eff = 1.025133   res = 3.746E-07  delta-k (pcm)
[  NORMAL ]  ...  = 5 D.R. = 1.1815
[  NORMAL ]  Iteration 227:  k_eff = 1.025183   res = 2.874E-07  delta-k (pcm)
[  NORMAL ]  ...  = 5 D.R. = 0.7673
[  NORMAL ]  Iteration 228:  k_eff = 1.025232   res = 2.912E-07  delta-k (pcm)
[  NORMAL ]  ...  = 4 D.R. = 1.0132
[  NORMAL ]  Iteration 229:  k_eff = 1.025280   res = 2.804E-07  delta-k (pcm)
[  NORMAL ]  ...  = 4 D.R. = 0.9629
[  NORMAL ]  Iteration 230:  k_eff = 1.025326   res = 3.020E-07  delta-k (pcm)
[  NORMAL ]  ...  = 4 D.R. = 1.0770
[  NORMAL ]  Iteration 231:  k_eff = 1.025371   res = 3.055E-07  delta-k (pcm)
[  NORMAL ]  ...  = 4 D.R. = 1.0116
[  NORMAL ]  Iteration 232:  k_eff = 1.025415   res = 3.249E-07  delta-k (pcm)
[  NORMAL ]  ...  = 4 D.R. = 1.0635
[  NORMAL ]  Iteration 233:  k_eff = 1.025458   res = 2.371E-07  delta-k (pcm)
[  NORMAL ]  ...  = 4 D.R. = 0.7298
[  NORMAL ]  Iteration 234:  k_eff = 1.025500   res = 2.936E-07  delta-k (pcm)
[  NORMAL ]  ...  = 4 D.R. = 1.2382
[  NORMAL ]  Iteration 235:  k_eff = 1.025540   res = 2.459E-07  delta-k (pcm)
[  NORMAL ]  ...  = 4 D.R. = 0.8375
[  NORMAL ]  Iteration 236:  k_eff = 1.025580   res = 2.500E-07  delta-k (pcm)
[  NORMAL ]  ...  = 3 D.R. = 1.0168
[  NORMAL ]  Iteration 237:  k_eff = 1.025619   res = 2.871E-07  delta-k (pcm)
[  NORMAL ]  ...  = 3 D.R. = 1.1483
[  NORMAL ]  Iteration 238:  k_eff = 1.025656   res = 2.043E-07  delta-k (pcm)
[  NORMAL ]  ...  = 3 D.R. = 0.7115
[  NORMAL ]  Iteration 239:  k_eff = 1.025693   res = 2.661E-07  delta-k (pcm)
[  NORMAL ]  ...  = 3 D.R. = 1.3029
[  NORMAL ]  Iteration 240:  k_eff = 1.025729   res = 2.604E-07  delta-k (pcm)
[  NORMAL ]  ...  = 3 D.R. = 0.9783
[  NORMAL ]  Iteration 241:  k_eff = 1.025764   res = 1.662E-07  delta-k (pcm)
[  NORMAL ]  ...  = 3 D.R. = 0.6382
[  NORMAL ]  Iteration 242:  k_eff = 1.025798   res = 3.133E-07  delta-k (pcm)
[  NORMAL ]  ...  = 3 D.R. = 1.8855
[  NORMAL ]  Iteration 243:  k_eff = 1.025831   res = 2.300E-07  delta-k (pcm)
[  NORMAL ]  ...  = 3 D.R. = 0.7341
[  NORMAL ]  Iteration 244:  k_eff = 1.025863   res = 2.270E-07  delta-k (pcm)
[  NORMAL ]  ...  = 3 D.R. = 0.9872
[  NORMAL ]  Iteration 245:  k_eff = 1.025894   res = 1.798E-07  delta-k (pcm)
[  NORMAL ]  ...  = 3 D.R. = 0.7920
[  NORMAL ]  Iteration 246:  k_eff = 1.025925   res = 1.968E-07  delta-k (pcm)
[  NORMAL ]  ...  = 3 D.R. = 1.0945
[  NORMAL ]  Iteration 247:  k_eff = 1.025955   res = 1.954E-07  delta-k (pcm)
[  NORMAL ]  ...  = 2 D.R. = 0.9926
[  NORMAL ]  Iteration 248:  k_eff = 1.025984   res = 2.858E-07  delta-k (pcm)
[  NORMAL ]  ...  = 2 D.R. = 1.4630
[  NORMAL ]  Iteration 249:  k_eff = 1.026012   res = 1.558E-07  delta-k (pcm)
[  NORMAL ]  ...  = 2 D.R. = 0.5452
[  NORMAL ]  Iteration 250:  k_eff = 1.026040   res = 1.925E-07  delta-k (pcm)
[  NORMAL ]  ...  = 2 D.R. = 1.2357
[  NORMAL ]  Iteration 251:  k_eff = 1.026067   res = 1.603E-07  delta-k (pcm)
[  NORMAL ]  ...  = 2 D.R. = 0.8325
[  NORMAL ]  Iteration 252:  k_eff = 1.026093   res = 2.100E-07  delta-k (pcm)
[  NORMAL ]  ...  = 2 D.R. = 1.3099
[  NORMAL ]  Iteration 253:  k_eff = 1.026119   res = 1.796E-07  delta-k (pcm)
[  NORMAL ]  ...  = 2 D.R. = 0.8556
[  NORMAL ]  Iteration 254:  k_eff = 1.026144   res = 2.246E-07  delta-k (pcm)
[  NORMAL ]  ...  = 2 D.R. = 1.2505
[  NORMAL ]  Iteration 255:  k_eff = 1.026168   res = 1.742E-07  delta-k (pcm)
[  NORMAL ]  ...  = 2 D.R. = 0.7755
[  NORMAL ]  Iteration 256:  k_eff = 1.026192   res = 1.674E-07  delta-k (pcm)
[  NORMAL ]  ...  = 2 D.R. = 0.9610
[  NORMAL ]  Iteration 257:  k_eff = 1.026215   res = 1.758E-07  delta-k (pcm)
[  NORMAL ]  ...  = 2 D.R. = 1.0499
[  NORMAL ]  Iteration 258:  k_eff = 1.026237   res = 1.717E-07  delta-k (pcm)
[  NORMAL ]  ...  = 2 D.R. = 0.9770
[  NORMAL ]  Iteration 259:  k_eff = 1.026259   res = 1.624E-07  delta-k (pcm)
[  NORMAL ]  ...  = 2 D.R. = 0.9459
[  NORMAL ]  Iteration 260:  k_eff = 1.026281   res = 1.519E-07  delta-k (pcm)
[  NORMAL ]  ...  = 2 D.R. = 0.9349
[  NORMAL ]  Iteration 261:  k_eff = 1.026302   res = 1.651E-07  delta-k (pcm)
[  NORMAL ]  ...  = 2 D.R. = 1.0872
[  NORMAL ]  Iteration 262:  k_eff = 1.026322   res = 1.765E-07  delta-k (pcm)
[  NORMAL ]  ...  = 2 D.R. = 1.0691
[  NORMAL ]  Iteration 263:  k_eff = 1.026342   res = 1.418E-07  delta-k (pcm)
[  NORMAL ]  ...  = 1 D.R. = 0.8032
[  NORMAL ]  Iteration 264:  k_eff = 1.026361   res = 2.042E-07  delta-k (pcm)
[  NORMAL ]  ...  = 1 D.R. = 1.4400
[  NORMAL ]  Iteration 265:  k_eff = 1.026380   res = 1.240E-07  delta-k (pcm)
[  NORMAL ]  ...  = 1 D.R. = 0.6072
[  NORMAL ]  Iteration 266:  k_eff = 1.026398   res = 1.247E-07  delta-k (pcm)
[  NORMAL ]  ...  = 1 D.R. = 1.0056
[  NORMAL ]  Iteration 267:  k_eff = 1.026416   res = 1.245E-07  delta-k (pcm)
[  NORMAL ]  ...  = 1 D.R. = 0.9983
[  NORMAL ]  Iteration 268:  k_eff = 1.026433   res = 1.887E-07  delta-k (pcm)
[  NORMAL ]  ...  = 1 D.R. = 1.5165
[  NORMAL ]  Iteration 269:  k_eff = 1.026450   res = 1.114E-07  delta-k (pcm)
[  NORMAL ]  ...  = 1 D.R. = 0.5902
[  NORMAL ]  Iteration 270:  k_eff = 1.026467   res = 1.334E-07  delta-k (pcm)
[  NORMAL ]  ...  = 1 D.R. = 1.1976
[  NORMAL ]  Iteration 271:  k_eff = 1.026483   res = 1.484E-07  delta-k (pcm)
[  NORMAL ]  ...  = 1 D.R. = 1.1128
[  NORMAL ]  Iteration 272:  k_eff = 1.026498   res = 1.421E-07  delta-k (pcm)
[  NORMAL ]  ...  = 1 D.R. = 0.9572
[  NORMAL ]  Iteration 273:  k_eff = 1.026514   res = 1.339E-07  delta-k (pcm)
[  NORMAL ]  ...  = 1 D.R. = 0.9422
[  NORMAL ]  Iteration 274:  k_eff = 1.026528   res = 1.108E-07  delta-k (pcm)
[  NORMAL ]  ...  = 1 D.R. = 0.8277
[  NORMAL ]  Iteration 275:  k_eff = 1.026543   res = 1.462E-07  delta-k (pcm)
[  NORMAL ]  ...  = 1 D.R. = 1.3195
[  NORMAL ]  Iteration 276:  k_eff = 1.026557   res = 1.162E-07  delta-k (pcm)
[  NORMAL ]  ...  = 1 D.R. = 0.7948
[  NORMAL ]  Iteration 277:  k_eff = 1.026571   res = 9.967E-08  delta-k (pcm)
[  NORMAL ]  ...  = 1 D.R. = 0.8578
[  NORMAL ]  Iteration 278:  k_eff = 1.026584   res = 1.286E-07  delta-k (pcm)
[  NORMAL ]  ...  = 1 D.R. = 1.2907
[  NORMAL ]  Iteration 279:  k_eff = 1.026597   res = 1.399E-07  delta-k (pcm)
[  NORMAL ]  ...  = 1 D.R. = 1.0874
[  NORMAL ]  Iteration 280:  k_eff = 1.026610   res = 1.156E-07  delta-k (pcm)
[  NORMAL ]  ...  = 1 D.R. = 0.8265
[  NORMAL ]  Iteration 281:  k_eff = 1.026623   res = 1.155E-07  delta-k (pcm)
[  NORMAL ]  ...  = 1 D.R. = 0.9993
[  NORMAL ]  Iteration 282:  k_eff = 1.026635   res = 1.145E-07  delta-k (pcm)
[  NORMAL ]  ...  = 1 D.R. = 0.9912
[  NORMAL ]  Iteration 283:  k_eff = 1.026647   res = 1.097E-07  delta-k (pcm)
[  NORMAL ]  ...  = 1 D.R. = 0.9583
[  NORMAL ]  Iteration 284:  k_eff = 1.026658   res = 1.311E-07  delta-k (pcm)
[  NORMAL ]  ...  = 1 D.R. = 1.1942
[  NORMAL ]  Iteration 285:  k_eff = 1.026669   res = 1.231E-07  delta-k (pcm)
[  NORMAL ]  ...  = 1 D.R. = 0.9395
[  NORMAL ]  Iteration 286:  k_eff = 1.026680   res = 1.025E-07  delta-k (pcm)
[  NORMAL ]  ...  = 1 D.R. = 0.8325
[  NORMAL ]  Iteration 287:  k_eff = 1.026691   res = 1.043E-07  delta-k (pcm)
[  NORMAL ]  ...  = 1 D.R. = 1.0178
[  NORMAL ]  Iteration 288:  k_eff = 1.026701   res = 8.144E-08  delta-k (pcm)
[  NORMAL ]  ...  = 1 D.R. = 0.7807
[  NORMAL ]  Iteration 289:  k_eff = 1.026711   res = 1.175E-07  delta-k (pcm)
[  NORMAL ]  ...  = 1 D.R. = 1.4423
[  NORMAL ]  Iteration 290:  k_eff = 1.026721   res = 1.096E-07  delta-k (pcm)
[  NORMAL ]  ...  = 0 D.R. = 0.9329
[  TITLE  ]  *******************************************************************
[  TITLE  ]                             TIMING REPORT                           
[  TITLE  ]  *******************************************************************
[  RESULT ]  Total Track Generation & Segmentation Time...........5.4198E-03 sec
[  RESULT ]  Total time to solution...............................2.0193E+00 sec
[  RESULT ]    Solver initialization..............................1.0954E-02 sec
[  RESULT ]    Transport Sweep....................................8.2899E-01 sec
[  RESULT ]  Integration time by segment-group-thread (sweep).....1.1047E-07 sec
[  RESULT ]  Integration time by segment-group-thread (total).....2.6909E-07 sec
[SEPARATOR]  -------------------------------------------------------------------
[  RESULT ]             # tracks          # segments          # FSRs
[SEPARATOR]  -------------------------------------------------------------------
[  RESULT ]                4056              14736              40              
[SEPARATOR]  -------------------------------------------------------------------
